Archive member included to satisfy reference by file (symbol)

/Applications/STM32CubeIDE.app/Contents/Eclipse/plugins/com.st.stm32cube.ide.mcu.externaltools.gnu-tools-for-stm32.13.3.rel1.macos64_1.0.0.202411102158/tools/bin/../lib/gcc/arm-none-eabi/13.3.1/../../../../arm-none-eabi/lib/thumb/v7e-m+fp/hard/libc_nano.a(libc_a-exit.o)
                              /Applications/STM32CubeIDE.app/Contents/Eclipse/plugins/com.st.stm32cube.ide.mcu.externaltools.gnu-tools-for-stm32.13.3.rel1.macos64_1.0.0.202411102158/tools/bin/../lib/gcc/arm-none-eabi/13.3.1/../../../../arm-none-eabi/lib/thumb/v7e-m+fp/hard/crt0.o (exit)
/Applications/STM32CubeIDE.app/Contents/Eclipse/plugins/com.st.stm32cube.ide.mcu.externaltools.gnu-tools-for-stm32.13.3.rel1.macos64_1.0.0.202411102158/tools/bin/../lib/gcc/arm-none-eabi/13.3.1/../../../../arm-none-eabi/lib/thumb/v7e-m+fp/hard/libc_nano.a(libc_a-malloc.o)
                              ./Core/Src/st7735.o (malloc)
/Applications/STM32CubeIDE.app/Contents/Eclipse/plugins/com.st.stm32cube.ide.mcu.externaltools.gnu-tools-for-stm32.13.3.rel1.macos64_1.0.0.202411102158/tools/bin/../lib/gcc/arm-none-eabi/13.3.1/../../../../arm-none-eabi/lib/thumb/v7e-m+fp/hard/libc_nano.a(libc_a-mallocr.o)
                              /Applications/STM32CubeIDE.app/Contents/Eclipse/plugins/com.st.stm32cube.ide.mcu.externaltools.gnu-tools-for-stm32.13.3.rel1.macos64_1.0.0.202411102158/tools/bin/../lib/gcc/arm-none-eabi/13.3.1/../../../../arm-none-eabi/lib/thumb/v7e-m+fp/hard/libc_nano.a(libc_a-malloc.o) (_malloc_r)
/Applications/STM32CubeIDE.app/Contents/Eclipse/plugins/com.st.stm32cube.ide.mcu.externaltools.gnu-tools-for-stm32.13.3.rel1.macos64_1.0.0.202411102158/tools/bin/../lib/gcc/arm-none-eabi/13.3.1/../../../../arm-none-eabi/lib/thumb/v7e-m+fp/hard/libc_nano.a(libc_a-mlock.o)
                              /Applications/STM32CubeIDE.app/Contents/Eclipse/plugins/com.st.stm32cube.ide.mcu.externaltools.gnu-tools-for-stm32.13.3.rel1.macos64_1.0.0.202411102158/tools/bin/../lib/gcc/arm-none-eabi/13.3.1/../../../../arm-none-eabi/lib/thumb/v7e-m+fp/hard/libc_nano.a(libc_a-mallocr.o) (__malloc_lock)
/Applications/STM32CubeIDE.app/Contents/Eclipse/plugins/com.st.stm32cube.ide.mcu.externaltools.gnu-tools-for-stm32.13.3.rel1.macos64_1.0.0.202411102158/tools/bin/../lib/gcc/arm-none-eabi/13.3.1/../../../../arm-none-eabi/lib/thumb/v7e-m+fp/hard/libc_nano.a(libc_a-findfp.o)
                              /Applications/STM32CubeIDE.app/Contents/Eclipse/plugins/com.st.stm32cube.ide.mcu.externaltools.gnu-tools-for-stm32.13.3.rel1.macos64_1.0.0.202411102158/tools/bin/../lib/gcc/arm-none-eabi/13.3.1/../../../../arm-none-eabi/lib/thumb/v7e-m+fp/hard/libc_nano.a(libc_a-exit.o) (__stdio_exit_handler)
/Applications/STM32CubeIDE.app/Contents/Eclipse/plugins/com.st.stm32cube.ide.mcu.externaltools.gnu-tools-for-stm32.13.3.rel1.macos64_1.0.0.202411102158/tools/bin/../lib/gcc/arm-none-eabi/13.3.1/../../../../arm-none-eabi/lib/thumb/v7e-m+fp/hard/libc_nano.a(libc_a-fwalk.o)
                              /Applications/STM32CubeIDE.app/Contents/Eclipse/plugins/com.st.stm32cube.ide.mcu.externaltools.gnu-tools-for-stm32.13.3.rel1.macos64_1.0.0.202411102158/tools/bin/../lib/gcc/arm-none-eabi/13.3.1/../../../../arm-none-eabi/lib/thumb/v7e-m+fp/hard/libc_nano.a(libc_a-findfp.o) (_fwalk_sglue)
/Applications/STM32CubeIDE.app/Contents/Eclipse/plugins/com.st.stm32cube.ide.mcu.externaltools.gnu-tools-for-stm32.13.3.rel1.macos64_1.0.0.202411102158/tools/bin/../lib/gcc/arm-none-eabi/13.3.1/../../../../arm-none-eabi/lib/thumb/v7e-m+fp/hard/libc_nano.a(libc_a-memset.o)
                              /Applications/STM32CubeIDE.app/Contents/Eclipse/plugins/com.st.stm32cube.ide.mcu.externaltools.gnu-tools-for-stm32.13.3.rel1.macos64_1.0.0.202411102158/tools/bin/../lib/gcc/arm-none-eabi/13.3.1/../../../../arm-none-eabi/lib/thumb/v7e-m+fp/hard/crt0.o (memset)
/Applications/STM32CubeIDE.app/Contents/Eclipse/plugins/com.st.stm32cube.ide.mcu.externaltools.gnu-tools-for-stm32.13.3.rel1.macos64_1.0.0.202411102158/tools/bin/../lib/gcc/arm-none-eabi/13.3.1/../../../../arm-none-eabi/lib/thumb/v7e-m+fp/hard/libc_nano.a(libc_a-strcat.o)
                              ./Core/Src/main.o (strcat)
/Applications/STM32CubeIDE.app/Contents/Eclipse/plugins/com.st.stm32cube.ide.mcu.externaltools.gnu-tools-for-stm32.13.3.rel1.macos64_1.0.0.202411102158/tools/bin/../lib/gcc/arm-none-eabi/13.3.1/../../../../arm-none-eabi/lib/thumb/v7e-m+fp/hard/libc_nano.a(libc_a-strncpy.o)
                              ./Core/Src/main.o (strncpy)
/Applications/STM32CubeIDE.app/Contents/Eclipse/plugins/com.st.stm32cube.ide.mcu.externaltools.gnu-tools-for-stm32.13.3.rel1.macos64_1.0.0.202411102158/tools/bin/../lib/gcc/arm-none-eabi/13.3.1/../../../../arm-none-eabi/lib/thumb/v7e-m+fp/hard/libc_nano.a(libc_a-sbrkr.o)
[...]
Memory Configuration

Name             Origin             Length             Attributes
RAM              0x20000000         0x00020000         xrw
FLASH            0x08000000         0x00080000         xr
*default*        0x00000000         0xffffffff

Linker script and memory map

LOAD /Applications/STM32CubeIDE.app/Contents/Eclipse/plugins/com.st.stm32cube.ide.mcu.externaltools.gnu-tools-for-stm32.13.3.rel1.macos64_1.0.0.202411102158/tools/bin/../lib/gcc/arm-none-eabi/13.3.1/thumb/v7e-m+fp/hard/crti.o
LOAD /Applications/STM32CubeIDE.app/Contents/Eclipse/plugins/com.st.stm32cube.ide.mcu.externaltools.gnu-tools-for-stm32.13.3.rel1.macos64_1.0.0.202411102158/tools/bin/../lib/gcc/arm-none-eabi/13.3.1/thumb/v7e-m+fp/hard/crtbegin.o
LOAD /Applications/STM32CubeIDE.app/Contents/Eclipse/plugins/com.st.stm32cube.ide.mcu.externaltools.gnu-tools-for-stm32.13.3.rel1.macos64_1.0.0.202411102158/tools/bin/../lib/gcc/arm-none-eabi/13.3.1/../../../../arm-none-eabi/lib/thumb/v7e-m+fp/hard/crt0.o
LOAD ./Core/Src/SEGGER_RTT.o
LOAD ./Core/Src/SEGGER_RTT_Syscalls_GCC.o
LOAD ./Core/Src/SEGGER_RTT_printf.o
LOAD ./Core/Src/fonts.o
LOAD ./Core/Src/main.o
LOAD ./Core/Src/st7735.o
LOAD ./Core/Src/stm32f4xx_hal_msp.o
LOAD ./Core/Src/stm32f4xx_it.o
LOAD ./Core/Src/syscalls.o
LOAD ./Core/Src/sysmem.o
LOAD ./Core/Src/system_stm32f4xx.o
LOAD ./Core/Startup/startup_stm32f411ceux.o
LOAD ./Drivers/STM32F4xx_HAL_Driver/Src/stm32f4xx_hal.o
LOAD ./Drivers/STM32F4xx_HAL_Driver/Src/stm32f4xx_hal_cortex.o
LOAD ./Drivers/STM32F4xx_HAL_Driver/Src/stm32f4xx_hal_dma.o
LOAD ./Drivers/STM32F4xx_HAL_Driver/Src/stm32f4xx_hal_dma_ex.o
LOAD ./Drivers/STM32F4xx_HAL_Driver/Src/stm32f4xx_hal_exti.o
LOAD ./Drivers/STM32F4xx_HAL_Driver/Src/stm32f4xx_hal_flash.o
LOAD ./Drivers/STM32F4xx_HAL_Driver/Src/stm32f4xx_hal_flash_ex.o
LOAD ./Drivers/STM32F4xx_HAL_Driver/Src/stm32f4xx_hal_flash_ramfunc.o
LOAD ./Drivers/STM32F4xx_HAL_Driver/Src/stm32f4xx_hal_gpio.o
LOAD ./Drivers/STM32F4xx_HAL_Driver/Src/stm32f4xx_hal_mmc.o
LOAD ./Drivers/STM32F4xx_HAL_Driver/Src/stm32f4xx_hal_pwr.o
LOAD ./Drivers/STM32F4xx_HAL_Driver/Src/stm32f4xx_hal_pwr_ex.o
LOAD ./Drivers/STM32F4xx_HAL_Driver/Src/stm32f4xx_hal_rcc.o
LOAD ./Drivers/STM32F4xx_HAL_Driver/Src/stm32f4xx_hal_rcc_ex.o
LOAD ./Drivers/STM32F4xx_HAL_Driver/Src/stm32f4xx_hal_sd.o
LOAD ./Drivers/STM32F4xx_HAL_Driver/Src/stm32f4xx_hal_spi.o
LOAD ./Drivers/STM32F4xx_HAL_Driver/Src/stm32f4xx_ll_sdmmc.o
LOAD ./FATFS/App/fatfs.o
LOAD ./FATFS/Target/bsp_driver_sd.o
LOAD ./FATFS/Target/fatfs_platform.o
LOAD ./FATFS/Target/sd_diskio.o
LOAD ./Middlewares/Third_Party/FatFs/src/diskio.o
LOAD ./Middlewares/Third_Party/FatFs/src/ff.o
LOAD ./Middlewares/Third_Party/FatFs/src/ff_gen_drv.o
LOAD ./Middlewares/Third_Party/FatFs/src/option/ccsbcs.o
LOAD ./Middlewares/Third_Party/FatFs/src/option/syscall.o
START GROUP
LOAD /Applications/STM32CubeIDE.app/Contents/Eclipse/plugins/com.st.stm32cube.ide.mcu.externaltools.gnu-tools-for-stm32.13.3.rel1.macos64_1.0.0.202411102158/tools/bin/../lib/gcc/arm-none-eabi/13.3.1/../../../../arm-none-eabi/lib/thumb/v7e-m+fp/hard/libc_nano.a
LOAD /Applications/STM32CubeIDE.app/Contents/Eclipse/plugins/com.st.stm32cube.ide.mcu.externaltools.gnu-tools-for-stm32.13.3.rel1.macos64_1.0.0.202411102158/tools/bin/../lib/gcc/arm-none-eabi/13.3.1/../../../../arm-none-eabi/lib/thumb/v7e-m+fp/hard/libm.a
END GROUP
START GROUP
LOAD /Applications/STM32CubeIDE.app/Contents/Eclipse/plugins/com.st.stm32cube.ide.mcu.externaltools.gnu-tools-for-stm32.13.3.rel1.macos64_1.0.0.202411102158/tools/bin/../lib/gcc/arm-none-eabi/13.3.1/thumb/v7e-m+fp/hard/libgcc.a
LOAD /Applications/STM32CubeIDE.app/Contents/Eclipse/plugins/com.st.stm32cube.ide.mcu.externaltools.gnu-tools-for-stm32.13.3.rel1.macos64_1.0.0.202411102158/tools/bin/../lib/gcc/arm-none-eabi/13.3.1/../../../../arm-none-eabi/lib/thumb/v7e-m+fp/hard/libc_nano.a
END GROUP
START GROUP
LOAD /Applications/STM32CubeIDE.app/Contents/Eclipse/plugins/com.st.stm32cube.ide.mcu.externaltools.gnu-tools-for-stm32.13.3.rel1.macos64_1.0.0.202411102158/tools/bin/../lib/gcc/arm-none-eabi/13.3.1/thumb/v7e-m+fp/hard/libgcc.a
LOAD /Applications/STM32CubeIDE.app/Contents/Eclipse/plugins/com.st.stm32cube.ide.mcu.externaltools.gnu-tools-for-stm32.13.3.rel1.macos64_1.0.0.202411102158/tools/bin/../lib/gcc/arm-none-eabi/13.3.1/../../../../arm-none-eabi/lib/thumb/v7e-m+fp/hard/libc_nano.a
LOAD /Applications/STM32CubeIDE.app/Contents/Eclipse/plugins/com.st.stm32cube.ide.mcu.externaltools.gnu-tools-for-stm32.13.3.rel1.macos64_1.0.0.202411102158/tools/bin/../lib/gcc/arm-none-eabi/13.3.1/../../../../arm-none-eabi/lib/thumb/v7e-m+fp/hard/libnosys.a
END GROUP
START GROUP
LOAD /Applications/STM32CubeIDE.app/Contents/Eclipse/plugins/com.st.stm32cube.ide.mcu.externaltools.gnu-tools-for-stm32.13.3.rel1.macos64_1.0.0.202411102158/tools/bin/../lib/gcc/arm-none-eabi/13.3.1/thumb/v7e-m+fp/hard/libgcc.a
LOAD /Applications/STM32CubeIDE.app/Contents/Eclipse/plugins/com.st.stm32cube.ide.mcu.externaltools.gnu-tools-for-stm32.13.3.rel1.macos64_1.0.0.202411102158/tools/bin/../lib/gcc/arm-none-eabi/13.3.1/../../../../arm-none-eabi/lib/thumb/v7e-m+fp/hard/libc_nano.a
LOAD /Applications/STM32CubeIDE.app/Contents/Eclipse/plugins/com.st.stm32cube.ide.mcu.externaltools.gnu-tools-for-stm32.13.3.rel1.macos64_1.0.0.202411102158/tools/bin/../lib/gcc/arm-none-eabi/13.3.1/../../../../arm-none-eabi/lib/thumb/v7e-m+fp/hard/libnosys.a
END GROUP
LOAD /Applications/STM32CubeIDE.app/Contents/Eclipse/plugins/com.st.stm32cube.ide.mcu.externaltools.gnu-tools-for-stm32.13.3.rel1.macos64_1.0.0.202411102158/tools/bin/../lib/gcc/arm-none-eabi/13.3.1/thumb/v7e-m+fp/hard/crtend.o
LOAD /Applications/STM32CubeIDE.app/Contents/Eclipse/plugins/com.st.stm32cube.ide.mcu.externaltools.gnu-tools-for-stm32.13.3.rel1.macos64_1.0.0.202411102158/tools/bin/../lib/gcc/arm-none-eabi/13.3.1/thumb/v7e-m+fp/hard/crtn.o
                0x20020000                        _estack = (ORIGIN (RAM) + LENGTH (RAM))
                0x00000200                        _Min_Heap_Size = 0x200
                0x00000400                        _Min_Stack_Size = 0x400

.isr_vector     0x08000000      0x198
                0x08000000                        . = ALIGN (0x4)
 *(.isr_vector)
 .isr_vector    0x08000000      0x198 ./Core/Startup/startup_stm32f411ceux.o
                0x08000000                g_pfnVectors
                0x08000198                        . = ALIGN (0x4)

.text           0x08000198     0xa720
                0x08000198                        . = ALIGN (0x4)
 *(.text)
 .text          0x08000198       0x40 /Applications/STM32CubeIDE.app/Contents/Eclipse/plugins/com.st.stm32cube.ide.mcu.externaltools.gnu-tools-for-stm32.13.3.rel1.macos64_1.0.0.202411102158/tools/bin/../lib/gcc/arm-none-eabi/13.3.1/thumb/v7e-m+fp/hard/crtbegin.o
 .text          0x080001d8       0x10 /Applications/STM32CubeIDE.app/Contents/Eclipse/plugins/com.st.stm32cube.ide.mcu.externaltools.gnu-tools-for-stm32.13.3.rel1.macos64_1.0.0.202411102158/tools/bin/../lib/gcc/arm-none-eabi/13.3.1/../../../../arm-none-eabi/lib/thumb/v7e-m+fp/hard/libc_nano.a(libc_a-strlen.o)
                0x080001d8                strlen
 .text          0x080001e8       0x30 /Applications/STM32CubeIDE.app/Contents/Eclipse/plugins/com.st.stm32cube.ide.mcu.externaltools.gnu-tools-for-stm32.13.3.rel1.macos64_1.0.0.202411102158/tools/bin/../lib/gcc/arm-none-eabi/13.3.1/thumb/v7e-m+fp/hard/libgcc.a(_aeabi_uldivmod.o)
                0x080001e8                __aeabi_uldivmod
 .text          0x08000218      0x2f8 /Applications/STM32CubeIDE.app/Contents/Eclipse/plugins/com.st.stm32cube.ide.mcu.externaltools.gnu-tools-for-stm32.13.3.rel1.macos64_1.0.0.202411102158/tools/bin/../lib/gcc/arm-none-eabi/13.3.1/thumb/v7e-m+fp/hard/libgcc.a(_udivmoddi4.o)
                0x08000218                __udivmoddi4
 .text          0x08000510        0x4 /Applications/STM32CubeIDE.app/Contents/Eclipse/plugins/com.st.stm32cube.ide.mcu.externaltools.gnu-tools-for-stm32.13.3.rel1.macos64_1.0.0.202411102158/tools/bin/../lib/gcc/arm-none-eabi/13.3.1/thumb/v7e-m+fp/hard/libgcc.a(_dvmd_tls.o)
                0x08000510                __aeabi_ldiv0
                0x08000510                __aeabi_idiv0
 *(.text*)
 .text._DoInit  0x08000514       0xb0 ./Core/Src/SEGGER_RTT.o
 .text._WriteBlocking
                0x080005c4       0xba ./Core/Src/SEGGER_RTT.o
 .text._WriteNoCheck
                0x0800067e       0x90 ./Core/Src/SEGGER_RTT.o
 .text._GetAvailWriteSpace
                0x0800070e       0x46 ./Core/Src/SEGGER_RTT.o
 .text.SEGGER_RTT_WriteNoLock
                0x08000754       0xa0 ./Core/Src/SEGGER_RTT.o
                0x08000754                SEGGER_RTT_WriteNoLock
 .text.SEGGER_RTT_Write
                0x080007f4       0x4c ./Core/Src/SEGGER_RTT.o
                0x080007f4                SEGGER_RTT_Write
 .text.SEGGER_RTT_ConfigUpBuffer
                0x08000840       0x94 ./Core/Src/SEGGER_RTT.o
                0x08000840                SEGGER_RTT_ConfigUpBuffer
 .text._StoreChar
                0x080008d4       0x7c ./Core/Src/SEGGER_RTT_printf.o
 .text._PrintUnsigned
                0x08000950      0x158 ./Core/Src/SEGGER_RTT_printf.o
 .text._PrintInt
                0x08000aa8      0x14e ./Core/Src/SEGGER_RTT_printf.o
 *fill*         0x08000bf6        0x2 
 .text.SEGGER_RTT_vprintf
                0x08000bf8      0x3a8 ./Core/Src/SEGGER_RTT_printf.o
                0x08000bf8                SEGGER_RTT_vprintf
 .text.SEGGER_RTT_printf
                0x08000fa0       0x30 ./Core/Src/SEGGER_RTT_printf.o
                0x08000fa0                SEGGER_RTT_printf
 .text.BSP_SD_IsDetected
                0x08000fd0       0x10 ./Core/Src/main.o
                0x08000fd0                BSP_SD_IsDetected
 .text.HAL_SPI_TxCpltCallback
                0x08000fe0       0x2c ./Core/Src/main.o
                0x08000fe0                HAL_SPI_TxCpltCallback
 .text.isButtonPressed
                0x0800100c       0x20 ./Core/Src/main.o
                0x0800100c                isButtonPressed
 *fill*         0x0800102c        0x4 
 .text.main     0x08001030      0x760 ./Core/Src/main.o
                0x08001030                main
 .text.SystemClock_Config
                0x08001790       0xd0 ./Core/Src/main.o
                0x08001790                SystemClock_Config
 .text.MX_SDIO_SD_Init
                0x08001860       0x68 ./Core/Src/main.o
 .text.MX_SPI4_Init
                0x080018c8       0x6c ./Core/Src/main.o
 .text.MX_DMA_Init
                0x08001934       0x40 ./Core/Src/main.o
 .text.MX_GPIO_Init
                0x08001974      0x124 ./Core/Src/main.o
 .text.Error_Handler
                0x08001a98        0xc ./Core/Src/main.o
                0x08001a98                Error_Handler
 .text.ST7735_Select
                0x08001aa4       0x18 ./Core/Src/st7735.o
 .text.ST7735_Unselect
                0x08001abc       0x18 ./Core/Src/st7735.o
                0x08001abc                ST7735_Unselect
 .text.ST7735_Reset
                0x08001ad4       0x28 ./Core/Src/st7735.o
 .text.ST7735_WriteCommand
                0x08001afc       0x34 ./Core/Src/st7735.o
 .text.ST7735_WriteData
                0x08001b30       0x34 ./Core/Src/st7735.o
 .text.ST7735_ExecuteCommandList
                0x08001b64       0x92 ./Core/Src/st7735.o
 .text.ST7735_SetAddressWindow
                0x08001bf6       0x68 ./Core/Src/st7735.o
 *fill*         0x08001c5e        0x2 
 .text.ST7735_Init
                0x08001c60       0x34 ./Core/Src/st7735.o
                0x08001c60                ST7735_Init
 .text.ST7735_DrawImage
                0x08001c94       0xac ./Core/Src/st7735.o
                0x08001c94                ST7735_DrawImage
 .text.HAL_MspInit
                0x08001d40       0x50 ./Core/Src/stm32f4xx_hal_msp.o
                0x08001d40                HAL_MspInit
 .text.HAL_SD_MspInit
                0x08001d90       0xd4 ./Core/Src/stm32f4xx_hal_msp.o
                0x08001d90                HAL_SD_MspInit
 .text.HAL_SPI_MspInit
                0x08001e64      0x134 ./Core/Src/stm32f4xx_hal_msp.o
                0x08001e64                HAL_SPI_MspInit
 .text.NMI_Handler
                0x08001f98        0x8 ./Core/Src/stm32f4xx_it.o
                0x08001f98                NMI_Handler
 .text.HardFault_Handler
                0x08001fa0        0x8 ./Core/Src/stm32f4xx_it.o
                0x08001fa0                HardFault_Handler
 .text.MemManage_Handler
                0x08001fa8        0x8 ./Core/Src/stm32f4xx_it.o
                0x08001fa8                MemManage_Handler
 .text.BusFault_Handler
                0x08001fb0        0x8 ./Core/Src/stm32f4xx_it.o
                0x08001fb0                BusFault_Handler
 .text.UsageFault_Handler
                0x08001fb8        0x8 ./Core/Src/stm32f4xx_it.o
                0x08001fb8                UsageFault_Handler
 .text.SVC_Handler
                0x08001fc0        0xe ./Core/Src/stm32f4xx_it.o
                0x08001fc0                SVC_Handler
 .text.DebugMon_Handler
                0x08001fce        0xe ./Core/Src/stm32f4xx_it.o
                0x08001fce                DebugMon_Handler
 .text.PendSV_Handler
                0x08001fdc        0xe ./Core/Src/stm32f4xx_it.o
                0x08001fdc                PendSV_Handler
 .text.SysTick_Handler
                0x08001fea        0xc ./Core/Src/stm32f4xx_it.o
                0x08001fea                SysTick_Handler
 *fill*         0x08001ff6        0x2 
 .text.DMA2_Stream1_IRQHandler
                0x08001ff8       0x14 ./Core/Src/stm32f4xx_it.o
                0x08001ff8                DMA2_Stream1_IRQHandler
 .text.SystemInit
                0x0800200c       0x24 ./Core/Src/system_stm32f4xx.o
                0x0800200c                SystemInit
 .text.Reset_Handler
                0x08002030       0x50 ./Core/Startup/startup_stm32f411ceux.o
                0x08002030                Reset_Handler
 .text.Default_Handler
                0x08002080        0x2 ./Core/Startup/startup_stm32f411ceux.o
                0x08002080                DMA1_Stream3_IRQHandler
                0x08002080                EXTI2_IRQHandler
                0x08002080                SPI4_IRQHandler
                0x08002080                TIM1_CC_IRQHandler
                0x08002080                DMA2_Stream5_IRQHandler
                0x08002080                DMA1_Stream5_IRQHandler
                0x08002080                PVD_IRQHandler
                0x08002080                SDIO_IRQHandler
                0x08002080                TAMP_STAMP_IRQHandler
                0x08002080                EXTI3_IRQHandler
                0x08002080                TIM1_UP_TIM10_IRQHandler
                0x08002080                I2C3_ER_IRQHandler
                0x08002080                EXTI0_IRQHandler
                0x08002080                I2C2_EV_IRQHandler
                0x08002080                DMA1_Stream2_IRQHandler
                0x08002080                FPU_IRQHandler
                0x08002080                DMA2_Stream2_IRQHandler
                0x08002080                SPI1_IRQHandler
                0x08002080                TIM1_BRK_TIM9_IRQHandler
                0x08002080                DMA2_Stream3_IRQHandler
                0x08002080                USART6_IRQHandler
                0x08002080                DMA2_Stream0_IRQHandler
                0x08002080                TIM4_IRQHandler
                0x08002080                I2C1_EV_IRQHandler
                0x08002080                DMA1_Stream6_IRQHandler
                0x08002080                DMA1_Stream1_IRQHandler
                0x08002080                TIM3_IRQHandler
                0x08002080                RCC_IRQHandler
                0x08002080                Default_Handler
                0x08002080                EXTI15_10_IRQHandler
                0x08002080                ADC_IRQHandler
                0x08002080                DMA1_Stream7_IRQHandler
                0x08002080                SPI5_IRQHandler
                0x08002080                TIM5_IRQHandler
                0x08002080                DMA2_Stream7_IRQHandler
                0x08002080                I2C3_EV_IRQHandler
                0x08002080                EXTI9_5_IRQHandler
                0x08002080                RTC_WKUP_IRQHandler
                0x08002080                SPI2_IRQHandler
                0x08002080                DMA1_Stream0_IRQHandler
                0x08002080                EXTI4_IRQHandler
                0x08002080                WWDG_IRQHandler
                0x08002080                TIM2_IRQHandler
                0x08002080                OTG_FS_WKUP_IRQHandler
                0x08002080                TIM1_TRG_COM_TIM11_IRQHandler
                0x08002080                EXTI1_IRQHandler
                0x08002080                USART2_IRQHandler
                0x08002080                I2C2_ER_IRQHandler
                0x08002080                FLASH_IRQHandler
                0x08002080                DMA2_Stream4_IRQHandler
                0x08002080                USART1_IRQHandler
                0x08002080                OTG_FS_IRQHandler
                0x08002080                SPI3_IRQHandler
                0x08002080                DMA1_Stream4_IRQHandler
                0x08002080                I2C1_ER_IRQHandler
                0x08002080                DMA2_Stream6_IRQHandler
                0x08002080                RTC_Alarm_IRQHandler
 *fill*         0x08002082        0x2 
 .text.HAL_Init
                0x08002084       0x44 ./Drivers/STM32F4xx_HAL_Driver/Src/stm32f4xx_hal.o
                0x08002084                HAL_Init
 .text.HAL_InitTick
                0x080020c8       0x60 ./Drivers/STM32F4xx_HAL_Driver/Src/stm32f4xx_hal.o
                0x080020c8                HAL_InitTick
 .text.HAL_IncTick
                0x08002128       0x28 ./Drivers/STM32F4xx_HAL_Driver/Src/stm32f4xx_hal.o
                0x08002128                HAL_IncTick
 .text.HAL_GetTick
                0x08002150       0x18 ./Drivers/STM32F4xx_HAL_Driver/Src/stm32f4xx_hal.o
                0x08002150                HAL_GetTick
 .text.HAL_Delay
                0x08002168       0x48 ./Drivers/STM32F4xx_HAL_Driver/Src/stm32f4xx_hal.o
                0x08002168                HAL_Delay
 .text.__NVIC_SetPriorityGrouping
                0x080021b0       0x48 ./Drivers/STM32F4xx_HAL_Driver/Src/stm32f4xx_hal_cortex.o
 .text.__NVIC_GetPriorityGrouping
                0x080021f8       0x1c ./Drivers/STM32F4xx_HAL_Driver/Src/stm32f4xx_hal_cortex.o
 .text.__NVIC_EnableIRQ
                0x08002214       0x3c ./Drivers/STM32F4xx_HAL_Driver/Src/stm32f4xx_hal_cortex.o
 .text.__NVIC_SetPriority
                0x08002250       0x54 ./Drivers/STM32F4xx_HAL_Driver/Src/stm32f4xx_hal_cortex.o
 .text.NVIC_EncodePriority
                0x080022a4       0x66 ./Drivers/STM32F4xx_HAL_Driver/Src/stm32f4xx_hal_cortex.o
 *fill*         0x0800230a        0x2 
 .text.SysTick_Config
                0x0800230c       0x44 ./Drivers/STM32F4xx_HAL_Driver/Src/stm32f4xx_hal_cortex.o
 .text.HAL_NVIC_SetPriorityGrouping
                0x08002350       0x16 ./Drivers/STM32F4xx_HAL_Driver/Src/stm32f4xx_hal_cortex.o
                0x08002350                HAL_NVIC_SetPriorityGrouping
 .text.HAL_NVIC_SetPriority
                0x08002366       0x38 ./Drivers/STM32F4xx_HAL_Driver/Src/stm32f4xx_hal_cortex.o
                0x08002366                HAL_NVIC_SetPriority
 .text.HAL_NVIC_EnableIRQ
                0x0800239e       0x1c ./Drivers/STM32F4xx_HAL_Driver/Src/stm32f4xx_hal_cortex.o
                0x0800239e                HAL_NVIC_EnableIRQ
 .text.HAL_SYSTICK_Config
                0x080023ba       0x18 ./Drivers/STM32F4xx_HAL_Driver/Src/stm32f4xx_hal_cortex.o
                0x080023ba                HAL_SYSTICK_Config
 *fill*         0x080023d2        0x2 
 .text.HAL_DMA_Init
                0x080023d4      0x15c ./Drivers/STM32F4xx_HAL_Driver/Src/stm32f4xx_hal_dma.o
                0x080023d4                HAL_DMA_Init
 .text.HAL_DMA_Start_IT
                0x08002530       0xb0 ./Drivers/STM32F4xx_HAL_Driver/Src/stm32f4xx_hal_dma.o
                0x08002530                HAL_DMA_Start_IT
 .text.HAL_DMA_IRQHandler
                0x080025e0      0x314 ./Drivers/STM32F4xx_HAL_Driver/Src/stm32f4xx_hal_dma.o
                0x080025e0                HAL_DMA_IRQHandler
 .text.DMA_SetConfig
                0x080028f4       0x5c ./Drivers/STM32F4xx_HAL_Driver/Src/stm32f4xx_hal_dma.o
 .text.DMA_CalcBaseAndBitshift
                0x08002950       0x6c ./Drivers/STM32F4xx_HAL_Driver/Src/stm32f4xx_hal_dma.o
 .text.DMA_CheckFifoParam
                0x080029bc       0xf8 ./Drivers/STM32F4xx_HAL_Driver/Src/stm32f4xx_hal_dma.o
 .text.HAL_GPIO_Init
                0x08002ab4      0x308 ./Drivers/STM32F4xx_HAL_Driver/Src/stm32f4xx_hal_gpio.o
                0x08002ab4                HAL_GPIO_Init
 .text.HAL_GPIO_ReadPin
                0x08002dbc       0x30 ./Drivers/STM32F4xx_HAL_Driver/Src/stm32f4xx_hal_gpio.o
                0x08002dbc                HAL_GPIO_ReadPin
 .text.HAL_GPIO_WritePin
                0x08002dec       0x32 ./Drivers/STM32F4xx_HAL_Driver/Src/stm32f4xx_hal_gpio.o
                0x08002dec                HAL_GPIO_WritePin
 .text.HAL_GPIO_TogglePin
                0x08002e1e       0x34 ./Drivers/STM32F4xx_HAL_Driver/Src/stm32f4xx_hal_gpio.o
                0x08002e1e                HAL_GPIO_TogglePin
 *fill*         0x08002e52        0x2 
 .text.HAL_RCC_OscConfig
                0x08002e54      0x4f0 ./Drivers/STM32F4xx_HAL_Driver/Src/stm32f4xx_hal_rcc.o
                0x08002e54                HAL_RCC_OscConfig
 .text.HAL_RCC_ClockConfig
                0x08003344      0x1cc ./Drivers/STM32F4xx_HAL_Driver/Src/stm32f4xx_hal_rcc.o
                0x08003344                HAL_RCC_ClockConfig
 .text.HAL_RCC_GetSysClockFreq
                0x08003510      0x18c ./Drivers/STM32F4xx_HAL_Driver/Src/stm32f4xx_hal_rcc.o
                0x08003510                HAL_RCC_GetSysClockFreq
 .text.HAL_SD_Init
                0x0800369c       0x60 ./Drivers/STM32F4xx_HAL_Driver/Src/stm32f4xx_hal_sd.o
                0x0800369c                HAL_SD_Init
 .text.HAL_SD_InitCard
                0x080036fc       0xf0 ./Drivers/STM32F4xx_HAL_Driver/Src/stm32f4xx_hal_sd.o
                0x080036fc                HAL_SD_InitCard
 .text.HAL_SD_ReadBlocks
                0x080037ec      0x3cc ./Drivers/STM32F4xx_HAL_Driver/Src/stm32f4xx_hal_sd.o
                0x080037ec                HAL_SD_ReadBlocks
 .text.HAL_SD_WriteBlocks
                0x08003bb8      0x31c ./Drivers/STM32F4xx_HAL_Driver/Src/stm32f4xx_hal_sd.o
                0x08003bb8                HAL_SD_WriteBlocks
 .text.HAL_SD_GetCardCSD
                0x08003ed4      0x348 ./Drivers/STM32F4xx_HAL_Driver/Src/stm32f4xx_hal_sd.o
                0x08003ed4                HAL_SD_GetCardCSD
 .text.HAL_SD_GetCardInfo
                0x0800421c       0x58 ./Drivers/STM32F4xx_HAL_Driver/Src/stm32f4xx_hal_sd.o
                0x0800421c                HAL_SD_GetCardInfo
 .text.HAL_SD_ConfigWideBusOperation
                0x08004274      0x134 ./Drivers/STM32F4xx_HAL_Driver/Src/stm32f4xx_hal_sd.o
                0x08004274                HAL_SD_ConfigWideBusOperation
 .text.HAL_SD_GetCardState
                0x080043a8       0x40 ./Drivers/STM32F4xx_HAL_Driver/Src/stm32f4xx_hal_sd.o
                0x080043a8                HAL_SD_GetCardState
 .text.SD_InitCard
                0x080043e8      0x19c ./Drivers/STM32F4xx_HAL_Driver/Src/stm32f4xx_hal_sd.o
 .text.SD_PowerON
                0x08004584      0x11c ./Drivers/STM32F4xx_HAL_Driver/Src/stm32f4xx_hal_sd.o
 .text.SD_SendStatus
                0x080046a0       0x50 ./Drivers/STM32F4xx_HAL_Driver/Src/stm32f4xx_hal_sd.o
 .text.SD_WideBus_Enable
                0x080046f0       0x96 ./Drivers/STM32F4xx_HAL_Driver/Src/stm32f4xx_hal_sd.o
 .text.SD_WideBus_Disable
                0x08004786       0x96 ./Drivers/STM32F4xx_HAL_Driver/Src/stm32f4xx_hal_sd.o
 .text.SD_FindSCR
                0x0800481c      0x1b4 ./Drivers/STM32F4xx_HAL_Driver/Src/stm32f4xx_hal_sd.o
 .text.HAL_SPI_Init
                0x080049d0      0x112 ./Drivers/STM32F4xx_HAL_Driver/Src/stm32f4xx_hal_spi.o
                0x080049d0                HAL_SPI_Init
 .text.HAL_SPI_Transmit
                0x08004ae2      0x288 ./Drivers/STM32F4xx_HAL_Driver/Src/stm32f4xx_hal_spi.o
                0x08004ae2                HAL_SPI_Transmit
 *fill*         0x08004d6a        0x2 
 .text.HAL_SPI_Transmit_DMA
                0x08004d6c      0x164 ./Drivers/STM32F4xx_HAL_Driver/Src/stm32f4xx_hal_spi.o
                0x08004d6c                HAL_SPI_Transmit_DMA
 .text.HAL_SPI_TxHalfCpltCallback
                0x08004ed0       0x14 ./Drivers/STM32F4xx_HAL_Driver/Src/stm32f4xx_hal_spi.o
                0x08004ed0                HAL_SPI_TxHalfCpltCallback
 .text.HAL_SPI_ErrorCallback
                0x08004ee4       0x14 ./Drivers/STM32F4xx_HAL_Driver/Src/stm32f4xx_hal_spi.o
                0x08004ee4                HAL_SPI_ErrorCallback
 .text.SPI_DMATransmitCplt
                0x08004ef8       0xa8 ./Drivers/STM32F4xx_HAL_Driver/Src/stm32f4xx_hal_spi.o
 .text.SPI_DMAHalfTransmitCplt
                0x08004fa0       0x1c ./Drivers/STM32F4xx_HAL_Driver/Src/stm32f4xx_hal_spi.o
 .text.SPI_DMAError
                0x08004fbc       0x40 ./Drivers/STM32F4xx_HAL_Driver/Src/stm32f4xx_hal_spi.o
 .text.SPI_WaitFlagStateUntilTimeout
                0x08004ffc      0x110 ./Drivers/STM32F4xx_HAL_Driver/Src/stm32f4xx_hal_spi.o
 .text.SPI_EndRxTxTransaction
                0x0800510c       0xa8 ./Drivers/STM32F4xx_HAL_Driver/Src/stm32f4xx_hal_spi.o
 .text.SDIO_Init
                0x080051b4       0x56 ./Drivers/STM32F4xx_HAL_Driver/Src/stm32f4xx_ll_sdmmc.o
                0x080051b4                SDIO_Init
 .text.SDIO_ReadFIFO
                0x0800520a       0x1a ./Drivers/STM32F4xx_HAL_Driver/Src/stm32f4xx_ll_sdmmc.o
                0x0800520a                SDIO_ReadFIFO
 .text.SDIO_WriteFIFO
                0x08005224       0x22 ./Drivers/STM32F4xx_HAL_Driver/Src/stm32f4xx_ll_sdmmc.o
                0x08005224                SDIO_WriteFIFO
 .text.SDIO_PowerState_ON
                0x08005246       0x1c ./Drivers/STM32F4xx_HAL_Driver/Src/stm32f4xx_ll_sdmmc.o
                0x08005246                SDIO_PowerState_ON
 .text.SDIO_GetPowerState
                0x08005262       0x1c ./Drivers/STM32F4xx_HAL_Driver/Src/stm32f4xx_ll_sdmmc.o
                0x08005262                SDIO_GetPowerState
 .text.SDIO_SendCommand
                0x0800527e       0x54 ./Drivers/STM32F4xx_HAL_Driver/Src/stm32f4xx_ll_sdmmc.o
                0x0800527e                SDIO_SendCommand
 .text.SDIO_GetCommandResponse
                0x080052d2       0x1a ./Drivers/STM32F4xx_HAL_Driver/Src/stm32f4xx_ll_sdmmc.o
                0x080052d2                SDIO_GetCommandResponse
 .text.SDIO_GetResponse
                0x080052ec       0x26 ./Drivers/STM32F4xx_HAL_Driver/Src/stm32f4xx_ll_sdmmc.o
                0x080052ec                SDIO_GetResponse
 .text.SDIO_ConfigData
                0x08005312       0x58 ./Drivers/STM32F4xx_HAL_Driver/Src/stm32f4xx_ll_sdmmc.o
                0x08005312                SDIO_ConfigData
 .text.SDMMC_CmdBlockLength
                0x0800536a       0x44 ./Drivers/STM32F4xx_HAL_Driver/Src/stm32f4xx_ll_sdmmc.o
                0x0800536a                SDMMC_CmdBlockLength
 .text.SDMMC_CmdReadSingleBlock
                0x080053ae       0x44 ./Drivers/STM32F4xx_HAL_Driver/Src/stm32f4xx_ll_sdmmc.o
                0x080053ae                SDMMC_CmdReadSingleBlock
 .text.SDMMC_CmdReadMultiBlock
                0x080053f2       0x44 ./Drivers/STM32F4xx_HAL_Driver/Src/stm32f4xx_ll_sdmmc.o
                0x080053f2                SDMMC_CmdReadMultiBlock
 .text.SDMMC_CmdWriteSingleBlock
                0x08005436       0x44 ./Drivers/STM32F4xx_HAL_Driver/Src/stm32f4xx_ll_sdmmc.o
                0x08005436                SDMMC_CmdWriteSingleBlock
 .text.SDMMC_CmdWriteMultiBlock
                0x0800547a       0x44 ./Drivers/STM32F4xx_HAL_Driver/Src/stm32f4xx_ll_sdmmc.o
                0x0800547a                SDMMC_CmdWriteMultiBlock
 *fill*         0x080054be        0x2 
 .text.SDMMC_CmdStopTransfer
                0x080054c0       0x44 ./Drivers/STM32F4xx_HAL_Driver/Src/stm32f4xx_ll_sdmmc.o
                0x080054c0                SDMMC_CmdStopTransfer
 .text.SDMMC_CmdSelDesel
                0x08005504       0x46 ./Drivers/STM32F4xx_HAL_Driver/Src/stm32f4xx_ll_sdmmc.o
                0x08005504                SDMMC_CmdSelDesel
 .text.SDMMC_CmdGoIdleState
                0x0800554a       0x3c ./Drivers/STM32F4xx_HAL_Driver/Src/stm32f4xx_ll_sdmmc.o
                0x0800554a                SDMMC_CmdGoIdleState
 .text.SDMMC_CmdOperCond
                0x08005586       0x3e ./Drivers/STM32F4xx_HAL_Driver/Src/stm32f4xx_ll_sdmmc.o
                0x08005586                SDMMC_CmdOperCond
 .text.SDMMC_CmdAppCommand
                0x080055c4       0x44 ./Drivers/STM32F4xx_HAL_Driver/Src/stm32f4xx_ll_sdmmc.o
                0x080055c4                SDMMC_CmdAppCommand
 .text.SDMMC_CmdAppOperCommand
                0x08005608       0x46 ./Drivers/STM32F4xx_HAL_Driver/Src/stm32f4xx_ll_sdmmc.o
                0x08005608                SDMMC_CmdAppOperCommand
 .text.SDMMC_CmdBusWidth
                0x0800564e       0x44 ./Drivers/STM32F4xx_HAL_Driver/Src/stm32f4xx_ll_sdmmc.o
                0x0800564e                SDMMC_CmdBusWidth
 .text.SDMMC_CmdSendSCR
                0x08005692       0x42 ./Drivers/STM32F4xx_HAL_Driver/Src/stm32f4xx_ll_sdmmc.o
                0x08005692                SDMMC_CmdSendSCR
 .text.SDMMC_CmdSendCID
                0x080056d4       0x3c ./Drivers/STM32F4xx_HAL_Driver/Src/stm32f4xx_ll_sdmmc.o
                0x080056d4                SDMMC_CmdSendCID
 .text.SDMMC_CmdSendCSD
                0x08005710       0x3e ./Drivers/STM32F4xx_HAL_Driver/Src/stm32f4xx_ll_sdmmc.o
                0x08005710                SDMMC_CmdSendCSD
 .text.SDMMC_CmdSetRelAdd
                0x0800574e       0x42 ./Drivers/STM32F4xx_HAL_Driver/Src/stm32f4xx_ll_sdmmc.o
                0x0800574e                SDMMC_CmdSetRelAdd
 .text.SDMMC_CmdSendStatus
                0x08005790       0x44 ./Drivers/STM32F4xx_HAL_Driver/Src/stm32f4xx_ll_sdmmc.o
                0x08005790                SDMMC_CmdSendStatus
 .text.SDMMC_GetCmdResp1
                0x080057d4      0x1dc ./Drivers/STM32F4xx_HAL_Driver/Src/stm32f4xx_ll_sdmmc.o
                0x080057d4                SDMMC_GetCmdResp1
 .text.SDMMC_GetCmdResp2
                0x080059b0       0x90 ./Drivers/STM32F4xx_HAL_Driver/Src/stm32f4xx_ll_sdmmc.o
                0x080059b0                SDMMC_GetCmdResp2
 .text.SDMMC_GetCmdResp3
                0x08005a40       0x7c ./Drivers/STM32F4xx_HAL_Driver/Src/stm32f4xx_ll_sdmmc.o
                0x08005a40                SDMMC_GetCmdResp3
 .text.SDMMC_GetCmdResp6
                0x08005abc       0xec ./Drivers/STM32F4xx_HAL_Driver/Src/stm32f4xx_ll_sdmmc.o
                0x08005abc                SDMMC_GetCmdResp6
 .text.SDMMC_GetCmdResp7
                0x08005ba8       0x9c ./Drivers/STM32F4xx_HAL_Driver/Src/stm32f4xx_ll_sdmmc.o
                0x08005ba8                SDMMC_GetCmdResp7
 .text.SDMMC_GetCmdError
                0x08005c44       0x58 ./Drivers/STM32F4xx_HAL_Driver/Src/stm32f4xx_ll_sdmmc.o
 .text.MX_FATFS_Init
                0x08005c9c       0x24 ./FATFS/App/fatfs.o
                0x08005c9c                MX_FATFS_Init
 .text.get_fattime
                0x08005cc0       0x10 ./FATFS/App/fatfs.o
                0x08005cc0                get_fattime
 .text.BSP_SD_Init
                0x08005cd0       0x4c ./FATFS/Target/bsp_driver_sd.o
                0x08005cd0                BSP_SD_Init
 .text.BSP_SD_ReadBlocks
                0x08005d1c       0x3c ./FATFS/Target/bsp_driver_sd.o
                0x08005d1c                BSP_SD_ReadBlocks
 .text.BSP_SD_WriteBlocks
                0x08005d58       0x3c ./FATFS/Target/bsp_driver_sd.o
                0x08005d58                BSP_SD_WriteBlocks
 .text.BSP_SD_GetCardState
                0x08005d94       0x20 ./FATFS/Target/bsp_driver_sd.o
                0x08005d94                BSP_SD_GetCardState
 .text.BSP_SD_GetCardInfo
                0x08005db4       0x1c ./FATFS/Target/bsp_driver_sd.o
                0x08005db4                BSP_SD_GetCardInfo
 .text.SD_CheckStatus
                0x08005dd0       0x3c ./FATFS/Target/sd_diskio.o
 .text.SD_initialize
                0x08005e0c       0x3c ./FATFS/Target/sd_diskio.o
                0x08005e0c                SD_initialize
 .text.SD_status
                0x08005e48       0x1c ./FATFS/Target/sd_diskio.o
                0x08005e48                SD_status
 .text.SD_read  0x08005e64       0x42 ./FATFS/Target/sd_diskio.o
                0x08005e64                SD_read
 .text.SD_write
                0x08005ea6       0x42 ./FATFS/Target/sd_diskio.o
                0x08005ea6                SD_write
 .text.SD_ioctl
                0x08005ee8       0xb0 ./FATFS/Target/sd_diskio.o
                0x08005ee8                SD_ioctl
 .text.disk_status
                0x08005f98       0x34 ./Middlewares/Third_Party/FatFs/src/diskio.o
                0x08005f98                disk_status
 .text.disk_initialize
                0x08005fcc       0x50 ./Middlewares/Third_Party/FatFs/src/diskio.o
                0x08005fcc                disk_initialize
 .text.disk_read
                0x0800601c       0x40 ./Middlewares/Third_Party/FatFs/src/diskio.o
                0x0800601c                disk_read
 .text.disk_write
                0x0800605c       0x40 ./Middlewares/Third_Party/FatFs/src/diskio.o
                0x0800605c                disk_write
 .text.disk_ioctl
                0x0800609c       0x3c ./Middlewares/Third_Party/FatFs/src/diskio.o
                0x0800609c                disk_ioctl
 .text.ld_word  0x080060d8       0x32 ./Middlewares/Third_Party/FatFs/src/ff.o
 .text.ld_dword
                0x0800610a       0x46 ./Middlewares/Third_Party/FatFs/src/ff.o
 .text.ld_qword
                0x08006150      0x1b6 ./Middlewares/Third_Party/FatFs/src/ff.o
 .text.st_word  0x08006306       0x36 ./Middlewares/Third_Party/FatFs/src/ff.o
 .text.st_dword
                0x0800633c       0x58 ./Middlewares/Third_Party/FatFs/src/ff.o
 .text.st_qword
                0x08006394      0x110 ./Middlewares/Third_Party/FatFs/src/ff.o
 .text.mem_cpy  0x080064a4       0x42 ./Middlewares/Third_Party/FatFs/src/ff.o
 .text.mem_set  0x080064e6       0x36 ./Middlewares/Third_Party/FatFs/src/ff.o
 .text.mem_cmp  0x0800651c       0x4e ./Middlewares/Third_Party/FatFs/src/ff.o
 .text.chk_chr  0x0800656a       0x36 ./Middlewares/Third_Party/FatFs/src/ff.o
 .text.chk_lock
                0x080065a0       0xb8 ./Middlewares/Third_Party/FatFs/src/ff.o
 .text.enq_lock
                0x08006658       0x44 ./Middlewares/Third_Party/FatFs/src/ff.o
 .text.inc_lock
                0x0800669c      0x11c ./Middlewares/Third_Party/FatFs/src/ff.o
 .text.dec_lock
                0x080067b8       0x78 ./Middlewares/Third_Party/FatFs/src/ff.o
 .text.clear_lock
                0x08006830       0x48 ./Middlewares/Third_Party/FatFs/src/ff.o
 .text.sync_window
                0x08006878       0x88 ./Middlewares/Third_Party/FatFs/src/ff.o
 .text.move_window
                0x08006900       0x5a ./Middlewares/Third_Party/FatFs/src/ff.o
 *fill*         0x0800695a        0x2 
 .text.sync_fs  0x0800695c       0xdc ./Middlewares/Third_Party/FatFs/src/ff.o
 .text.clust2sect
                0x08006a38       0x3e ./Middlewares/Third_Party/FatFs/src/ff.o
 *fill*         0x08006a76        0x2 
 .text.get_fat  0x08006a78      0x234 ./Middlewares/Third_Party/FatFs/src/ff.o
 .text.put_fat  0x08006cac      0x1dc ./Middlewares/Third_Party/FatFs/src/ff.o
 .text.find_bitmap
                0x08006e88       0xf8 ./Middlewares/Third_Party/FatFs/src/ff.o
 .text.change_bitmap
                0x08006f80       0xd4 ./Middlewares/Third_Party/FatFs/src/ff.o
 .text.fill_first_frag
                0x08007054       0x5e ./Middlewares/Third_Party/FatFs/src/ff.o
 .text.fill_last_frag
                0x080070b2       0x62 ./Middlewares/Third_Party/FatFs/src/ff.o
 .text.remove_chain
                0x08007114      0x168 ./Middlewares/Third_Party/FatFs/src/ff.o
 .text.create_chain
                0x0800727c      0x202 ./Middlewares/Third_Party/FatFs/src/ff.o
 .text.clmt_clust
                0x0800747e       0x88 ./Middlewares/Third_Party/FatFs/src/ff.o
 .text.dir_sdi  0x08007506      0x10c ./Middlewares/Third_Party/FatFs/src/ff.o
 .text.dir_next
                0x08007612      0x1aa ./Middlewares/Third_Party/FatFs/src/ff.o
 .text.dir_alloc
                0x080077bc       0xb8 ./Middlewares/Third_Party/FatFs/src/ff.o
 .text.ld_clust
                0x08007874       0x3e ./Middlewares/Third_Party/FatFs/src/ff.o
 .text.st_clust
                0x080078b2       0x40 ./Middlewares/Third_Party/FatFs/src/ff.o
 *fill*         0x080078f2        0x2 
 .text.cmp_lfn  0x080078f4       0xe0 ./Middlewares/Third_Party/FatFs/src/ff.o
 .text.pick_lfn
                0x080079d4       0xc8 ./Middlewares/Third_Party/FatFs/src/ff.o
 .text.put_lfn  0x08007a9c       0xd0 ./Middlewares/Third_Party/FatFs/src/ff.o
 .text.gen_numname
                0x08007b6c      0x11c ./Middlewares/Third_Party/FatFs/src/ff.o
 .text.sum_sfn  0x08007c88       0x42 ./Middlewares/Third_Party/FatFs/src/ff.o
 .text.xdir_sum
                0x08007cca       0x60 ./Middlewares/Third_Party/FatFs/src/ff.o
 .text.xname_sum
                0x08007d2a       0x60 ./Middlewares/Third_Party/FatFs/src/ff.o
 .text.get_xdir_info
                0x08007d8a      0x104 ./Middlewares/Third_Party/FatFs/src/ff.o
 *fill*         0x08007e8e        0x2 
 .text.load_xdir
                0x08007e90      0x17c ./Middlewares/Third_Party/FatFs/src/ff.o
 .text.load_obj_dir
                0x0800800c       0x6c ./Middlewares/Third_Party/FatFs/src/ff.o
 .text.store_xdir
                0x08008078       0xb6 ./Middlewares/Third_Party/FatFs/src/ff.o
 .text.create_xdir
                0x0800812e       0xce ./Middlewares/Third_Party/FatFs/src/ff.o
 .text.dir_read
                0x080081fc      0x18e ./Middlewares/Third_Party/FatFs/src/ff.o
 .text.dir_find
                0x0800838a      0x254 ./Middlewares/Third_Party/FatFs/src/ff.o
 *fill*         0x080085de        0x2 
 .text.dir_register
                0x080085e0      0x34c ./Middlewares/Third_Party/FatFs/src/ff.o
 .text.get_fileinfo
                0x0800892c      0x1da ./Middlewares/Third_Party/FatFs/src/ff.o
 *fill*         0x08008b06        0x2 
 .text.create_name
                0x08008b08      0x370 ./Middlewares/Third_Party/FatFs/src/ff.o
 .text.follow_path
                0x08008e78      0x152 ./Middlewares/Third_Party/FatFs/src/ff.o
 .text.get_ldnumber
                0x08008fca       0x88 ./Middlewares/Third_Party/FatFs/src/ff.o
 *fill*         0x08009052        0x2 
 .text.check_fs
                0x08009054       0xc8 ./Middlewares/Third_Party/FatFs/src/ff.o
 .text.find_volume
                0x0800911c      0x6b8 ./Middlewares/Third_Party/FatFs/src/ff.o
 .text.validate
                0x080097d4       0x6a ./Middlewares/Third_Party/FatFs/src/ff.o
 *fill*         0x0800983e        0x2 
 .text.f_mount  0x08009840       0x8c ./Middlewares/Third_Party/FatFs/src/ff.o
                0x08009840                f_mount
 .text.f_open   0x080098cc      0x57a ./Middlewares/Third_Party/FatFs/src/ff.o
                0x080098cc                f_open
 .text.f_read   0x08009e46      0x2f0 ./Middlewares/Third_Party/FatFs/src/ff.o
                0x08009e46                f_read
 .text.f_sync   0x0800a136      0x23c ./Middlewares/Third_Party/FatFs/src/ff.o
                0x0800a136                f_sync
 .text.f_close  0x0800a372       0x54 ./Middlewares/Third_Party/FatFs/src/ff.o
                0x0800a372                f_close
 .text.f_opendir
                0x0800a3c6      0x152 ./Middlewares/Third_Party/FatFs/src/ff.o
                0x0800a3c6                f_opendir
 .text.f_readdir
                0x0800a518       0x7a ./Middlewares/Third_Party/FatFs/src/ff.o
                0x0800a518                f_readdir
 *fill*         0x0800a592        0x2 
 .text.FATFS_LinkDriverEx
                0x0800a594       0x98 ./Middlewares/Third_Party/FatFs/src/ff_gen_drv.o
                0x0800a594                FATFS_LinkDriverEx
 .text.FATFS_LinkDriver
                0x0800a62c       0x1e ./Middlewares/Third_Party/FatFs/src/ff_gen_drv.o
                0x0800a62c                FATFS_LinkDriver
 *fill*         0x0800a64a        0x2 
 .text.ff_convert
                0x0800a64c       0x78 ./Middlewares/Third_Party/FatFs/src/option/ccsbcs.o
                0x0800a64c                ff_convert
 .text.ff_wtoupper
                0x0800a6c4      0x114 ./Middlewares/Third_Party/FatFs/src/option/ccsbcs.o
                0x0800a6c4                ff_wtoupper
 .text.memset   0x0800a7d8       0x10 /Applications/STM32CubeIDE.app/Contents/Eclipse/plugins/com.st.stm32cube.ide.mcu.externaltools.gnu-tools-for-stm32.13.3.rel1.macos64_1.0.0.202411102158/tools/bin/../lib/gcc/arm-none-eabi/13.3.1/../../../../arm-none-eabi/lib/thumb/v7e-m+fp/hard/libc_nano.a(libc_a-memset.o)
                0x0800a7d8                memset
 .text.strcat   0x0800a7e8       0x1e /Applications/STM32CubeIDE.app/Contents/Eclipse/plugins/com.st.stm32cube.ide.mcu.externaltools.gnu-tools-for-stm32.13.3.rel1.macos64_1.0.0.202411102158/tools/bin/../lib/gcc/arm-none-eabi/13.3.1/../../../../arm-none-eabi/lib/thumb/v7e-m+fp/hard/libc_nano.a(libc_a-strcat.o)
                0x0800a7e8                strcat
 .text.strncpy  0x0800a806       0x26 /Applications/STM32CubeIDE.app/Contents/Eclipse/plugins/com.st.stm32cube.ide.mcu.externaltools.gnu-tools-for-stm32.13.3.rel1.macos64_1.0.0.202411102158/tools/bin/../lib/gcc/arm-none-eabi/13.3.1/../../../../arm-none-eabi/lib/thumb/v7e-m+fp/hard/libc_nano.a(libc_a-strncpy.o)
                0x0800a806                strncpy
 .text.__libc_init_array
                0x0800a82c       0x48 /Applications/STM32CubeIDE.app/Contents/Eclipse/plugins/com.st.stm32cube.ide.mcu.externaltools.gnu-tools-for-stm32.13.3.rel1.macos64_1.0.0.202411102158/tools/bin/../lib/gcc/arm-none-eabi/13.3.1/../../../../arm-none-eabi/lib/thumb/v7e-m+fp/hard/libc_nano.a(libc_a-init.o)
                0x0800a82c                __libc_init_array
 .text.strcpy   0x0800a874       0x10 /Applications/STM32CubeIDE.app/Contents/Eclipse/plugins/com.st.stm32cube.ide.mcu.externaltools.gnu-tools-for-stm32.13.3.rel1.macos64_1.0.0.202411102158/tools/bin/../lib/gcc/arm-none-eabi/13.3.1/../../../../arm-none-eabi/lib/thumb/v7e-m+fp/hard/libc_nano.a(libc_a-strcpy.o)
                0x0800a874                strcpy
 .text.memcpy   0x0800a884       0x1c /Applications/STM32CubeIDE.app/Contents/Eclipse/plugins/com.st.stm32cube.ide.mcu.externaltools.gnu-tools-for-stm32.13.3.rel1.macos64_1.0.0.202411102158/tools/bin/../lib/gcc/arm-none-eabi/13.3.1/../../../../arm-none-eabi/lib/thumb/v7e-m+fp/hard/libc_nano.a(libc_a-memcpy-stub.o)
                0x0800a884                memcpy
 *(.glue_7)
 .glue_7        0x0800a8a0        0x0 linker stubs
 *(.glue_7t)
 .glue_7t       0x0800a8a0        0x0 linker stubs
 *(.eh_frame)
 .eh_frame      0x0800a8a0        0x0 /Applications/STM32CubeIDE.app/Contents/Eclipse/plugins/com.st.stm32cube.ide.mcu.externaltools.gnu-tools-for-stm32.13.3.rel1.macos64_1.0.0.202411102158/tools/bin/../lib/gcc/arm-none-eabi/13.3.1/thumb/v7e-m+fp/hard/crtbegin.o
 *(.init)
 .init          0x0800a8a0        0x4 /Applications/STM32CubeIDE.app/Contents/Eclipse/plugins/com.st.stm32cube.ide.mcu.externaltools.gnu-tools-for-stm32.13.3.rel1.macos64_1.0.0.202411102158/tools/bin/../lib/gcc/arm-none-eabi/13.3.1/thumb/v7e-m+fp/hard/crti.o
                0x0800a8a0                _init
 .init          0x0800a8a4        0x8 /Applications/STM32CubeIDE.app/Contents/Eclipse/plugins/com.st.stm32cube.ide.mcu.externaltools.gnu-tools-for-stm32.13.3.rel1.macos64_1.0.0.202411102158/tools/bin/../lib/gcc/arm-none-eabi/13.3.1/thumb/v7e-m+fp/hard/crtn.o
 *(.fini)
 .fini          0x0800a8ac        0x4 /Applications/STM32CubeIDE.app/Contents/Eclipse/plugins/com.st.stm32cube.ide.mcu.externaltools.gnu-tools-for-stm32.13.3.rel1.macos64_1.0.0.202411102158/tools/bin/../lib/gcc/arm-none-eabi/13.3.1/thumb/v7e-m+fp/hard/crti.o
                0x0800a8ac                _fini
 .fini          0x0800a8b0        0x8 /Applications/STM32CubeIDE.app/Contents/Eclipse/plugins/com.st.stm32cube.ide.mcu.externaltools.gnu-tools-for-stm32.13.3.rel1.macos64_1.0.0.202411102158/tools/bin/../lib/gcc/arm-none-eabi/13.3.1/thumb/v7e-m+fp/hard/crtn.o
                0x0800a8b8                        . = ALIGN (0x4)
                0x0800a8b8                        _etext = .

.vfp11_veneer   0x0800a8b8        0x0
 .vfp11_veneer  0x0800a8b8        0x0 linker stubs

.v4_bx          0x0800a8b8        0x0
 .v4_bx         0x0800a8b8        0x0 linker stubs

.iplt           0x0800a8b8        0x0
 .iplt          0x0800a8b8        0x0 /Applications/STM32CubeIDE.app/Contents/Eclipse/plugins/com.st.stm32cube.ide.mcu.externaltools.gnu-tools-for-stm32.13.3.rel1.macos64_1.0.0.202411102158/tools/bin/../lib/gcc/arm-none-eabi/13.3.1/thumb/v7e-m+fp/hard/crtbegin.o

.rodata         0x0800a8b8      0x69c
                0x0800a8b8                        . = ALIGN (0x4)
 *(.rodata)
 .rodata        0x0800a8b8        0x9 ./Core/Src/SEGGER_RTT.o
 *fill*         0x0800a8c1        0x3 
 .rodata        0x0800a8c4      0x132 ./Core/Src/main.o
 *fill*         0x0800a9f6        0x2 
 .rodata        0x0800a9f8       0x54 ./Middlewares/Third_Party/FatFs/src/ff.o
 *(.rodata*)
 .rodata._aInitStr.0
                0x0800aa4c       0x11 ./Core/Src/SEGGER_RTT.o
 *fill*         0x0800aa5d        0x3 
 .rodata._aV2C.0
                0x0800aa60       0x10 ./Core/Src/SEGGER_RTT_printf.o
 .rodata.init_cmds1
                0x0800aa70       0x3b ./Core/Src/st7735.o
 *fill*         0x0800aaab        0x1 
 .rodata.init_cmds2
                0x0800aaac        0xd ./Core/Src/st7735.o
 *fill*         0x0800aab9        0x3 
 .rodata.init_cmds3
                0x0800aabc       0x2b ./Core/Src/st7735.o
 *fill*         0x0800aae7        0x1 
 .rodata.AHBPrescTable
                0x0800aae8       0x10 ./Core/Src/system_stm32f4xx.o
                0x0800aae8                AHBPrescTable
 .rodata.flagBitshiftOffset.0
                0x0800aaf8        0x8 ./Drivers/STM32F4xx_HAL_Driver/Src/stm32f4xx_hal_dma.o
 .rodata.SD_Driver
                0x0800ab00       0x14 ./FATFS/Target/sd_diskio.o
                0x0800ab00                SD_Driver
 .rodata.ExCvt  0x0800ab14       0x80 ./Middlewares/Third_Party/FatFs/src/ff.o
 .rodata.LfnOfs
                0x0800ab94        0xd ./Middlewares/Third_Party/FatFs/src/ff.o
 *fill*         0x0800aba1        0x3 
 .rodata.Tbl    0x0800aba4      0x100 ./Middlewares/Third_Party/FatFs/src/option/ccsbcs.o
 .rodata.cvt1.1
                0x0800aca4      0x1f2 ./Middlewares/Third_Party/FatFs/src/option/ccsbcs.o
 *fill*         0x0800ae96        0x2 
 .rodata.cvt2.0
                0x0800ae98       0xbc ./Middlewares/Third_Party/FatFs/src/option/ccsbcs.o
                0x0800af54                        . = ALIGN (0x4)

.ARM.extab      0x0800af54        0x0
                0x0800af54                        . = ALIGN (0x4)
 *(.ARM.extab* .gnu.linkonce.armextab.*)
                0x0800af54                        . = ALIGN (0x4)

.ARM            0x0800af54        0x8
                0x0800af54                        . = ALIGN (0x4)
                0x0800af54                        __exidx_start = .
 *(.ARM.exidx*)
 .ARM.exidx     0x0800af54        0x8 /Applications/STM32CubeIDE.app/Contents/Eclipse/plugins/com.st.stm32cube.ide.mcu.externaltools.gnu-tools-for-stm32.13.3.rel1.macos64_1.0.0.202411102158/tools/bin/../lib/gcc/arm-none-eabi/13.3.1/../../../../arm-none-eabi/lib/thumb/v7e-m+fp/hard/libc_nano.a(libc_a-strlen.o)
 .ARM.exidx     0x0800af5c        0x0 /Applications/STM32CubeIDE.app/Contents/Eclipse/plugins/com.st.stm32cube.ide.mcu.externaltools.gnu-tools-for-stm32.13.3.rel1.macos64_1.0.0.202411102158/tools/bin/../lib/gcc/arm-none-eabi/13.3.1/thumb/v7e-m+fp/hard/libgcc.a(_udivmoddi4.o)
                                  0x8 (size before relaxing)
                0x0800af5c                        __exidx_end = .
                0x0800af5c                        . = ALIGN (0x4)

.preinit_array  0x0800af5c        0x0
                0x0800af5c                        . = ALIGN (0x4)
                0x0800af5c                        PROVIDE (__preinit_array_start = .)
 *(.preinit_array*)
                0x0800af5c                        PROVIDE (__preinit_array_end = .)
                0x0800af5c                        . = ALIGN (0x4)

.init_array     0x0800af5c        0x4
                0x0800af5c                        . = ALIGN (0x4)
                0x0800af5c                        PROVIDE (__init_array_start = .)
 *(SORT_BY_NAME(.init_array.*))
 *(.init_array*)
 .init_array    0x0800af5c        0x4 /Applications/STM32CubeIDE.app/Contents/Eclipse/plugins/com.st.stm32cube.ide.mcu.externaltools.gnu-tools-for-stm32.13.3.rel1.macos64_1.0.0.202411102158/tools/bin/../lib/gcc/arm-none-eabi/13.3.1/thumb/v7e-m+fp/hard/crtbegin.o
                0x0800af60                        PROVIDE (__init_array_end = .)
                0x0800af60                        . = ALIGN (0x4)

.fini_array     0x0800af60        0x4
                0x0800af60                        . = ALIGN (0x4)
                [!provide]                        PROVIDE (__fini_array_start = .)
 *(SORT_BY_NAME(.fini_array.*))
 *(.fini_array*)
 .fini_array    0x0800af60        0x4 /Applications/STM32CubeIDE.app/Contents/Eclipse/plugins/com.st.stm32cube.ide.mcu.externaltools.gnu-tools-for-stm32.13.3.rel1.macos64_1.0.0.202411102158/tools/bin/../lib/gcc/arm-none-eabi/13.3.1/thumb/v7e-m+fp/hard/crtbegin.o
                [!provide]                        PROVIDE (__fini_array_end = .)
                0x0800af64                        . = ALIGN (0x4)
                0x0800af64                        _sidata = LOADADDR (.data)

.rel.dyn        0x0800af64        0x0
 .rel.iplt      0x0800af64        0x0 /Applications/STM32CubeIDE.app/Contents/Eclipse/plugins/com.st.stm32cube.ide.mcu.externaltools.gnu-tools-for-stm32.13.3.rel1.macos64_1.0.0.202411102158/tools/bin/../lib/gcc/arm-none-eabi/13.3.1/thumb/v7e-m+fp/hard/crtbegin.o

.data           0x20000000        0xc load address 0x0800af64
                0x20000000                        . = ALIGN (0x4)
                0x20000000                        _sdata = .
 *(.data)
 *(.data*)
 .data.SystemCoreClock
                0x20000000        0x4 ./Core/Src/system_stm32f4xx.o
                0x20000000                SystemCoreClock
 .data.uwTickPrio
                0x20000004        0x4 ./Drivers/STM32F4xx_HAL_Driver/Src/stm32f4xx_hal.o
                0x20000004                uwTickPrio
 .data.uwTickFreq
                0x20000008        0x1 ./Drivers/STM32F4xx_HAL_Driver/Src/stm32f4xx_hal.o
                0x20000008                uwTickFreq
 .data.Stat     0x20000009        0x1 ./FATFS/Target/sd_diskio.o
 *(.RamFunc)
 *(.RamFunc*)
                0x2000000c                        . = ALIGN (0x4)
 *fill*         0x2000000a        0x2 
                0x2000000c                        _edata = .

.igot.plt       0x2000000c        0x0 load address 0x0800af70
 .igot.plt      0x2000000c        0x0 /Applications/STM32CubeIDE.app/Contents/Eclipse/plugins/com.st.stm32cube.ide.mcu.externaltools.gnu-tools-for-stm32.13.3.rel1.macos64_1.0.0.202411102158/tools/bin/../lib/gcc/arm-none-eabi/13.3.1/thumb/v7e-m+fp/hard/crtbegin.o
                0x2000000c                        . = ALIGN (0x4)

.bss            0x20000010      0xf44 load address 0x0800af70
                0x20000010                        _sbss = .
                0x20000010                        __bss_start__ = _sbss
 *(.bss)
 .bss           0x20000010       0x1c /Applications/STM32CubeIDE.app/Contents/Eclipse/plugins/com.st.stm32cube.ide.mcu.externaltools.gnu-tools-for-stm32.13.3.rel1.macos64_1.0.0.202411102158/tools/bin/../lib/gcc/arm-none-eabi/13.3.1/thumb/v7e-m+fp/hard/crtbegin.o
 *(.bss*)
 .bss._SEGGER_RTT
                0x2000002c       0xa8 ./Core/Src/SEGGER_RTT.o
                0x2000002c                _SEGGER_RTT
 .bss._acUpBuffer
                0x200000d4      0x400 ./Core/Src/SEGGER_RTT.o
 .bss._acDownBuffer
                0x200004d4       0x10 ./Core/Src/SEGGER_RTT.o
 .bss.hsd       0x200004e4       0x84 ./Core/Src/main.o
                0x200004e4                hsd
 .bss.hspi4     0x20000568       0x58 ./Core/Src/main.o
                0x20000568                hspi4
 .bss.hdma_spi4_tx
                0x200005c0       0x60 ./Core/Src/main.o
                0x200005c0                hdma_spi4_tx
 .bss.drawing_in_progress
                0x20000620        0x1 ./Core/Src/main.o
                0x20000620                drawing_in_progress
 .bss.prevButtonState.0
                0x20000621        0x1 ./Core/Src/main.o
 *fill*         0x20000622        0x2 
 .bss.uwTick    0x20000624        0x4 ./Drivers/STM32F4xx_HAL_Driver/Src/stm32f4xx_hal.o
                0x20000624                uwTick
 .bss.retSD     0x20000628        0x1 ./FATFS/App/fatfs.o
                0x20000628                retSD
 *fill*         0x20000629        0x3 
 .bss.SDPath    0x2000062c        0x4 ./FATFS/App/fatfs.o
                0x2000062c                SDPath
 .bss.SDFatFS   0x20000630      0x238 ./FATFS/App/fatfs.o
                0x20000630                SDFatFS
 .bss.SDFile    0x20000868      0x258 ./FATFS/App/fatfs.o
                0x20000868                SDFile
 .bss.FatFs     0x20000ac0        0x4 ./Middlewares/Third_Party/FatFs/src/ff.o
 .bss.Fsid      0x20000ac4        0x2 ./Middlewares/Third_Party/FatFs/src/ff.o
 *fill*         0x20000ac6        0x2 
 .bss.Files     0x20000ac8       0x20 ./Middlewares/Third_Party/FatFs/src/ff.o
 .bss.DirBuf    0x20000ae8      0x260 ./Middlewares/Third_Party/FatFs/src/ff.o
 .bss.LfnBuf    0x20000d48      0x200 ./Middlewares/Third_Party/FatFs/src/ff.o
 .bss.disk      0x20000f48        0xc ./Middlewares/Third_Party/FatFs/src/ff_gen_drv.o
                0x20000f48                disk
 *(COMMON)
                0x20000f54                        . = ALIGN (0x4)
                0x20000f54                        _ebss = .
                0x20000f54                        __bss_end__ = _ebss

._user_heap_stack
                0x20000f54      0x604 load address 0x0800af70
                0x20000f58                        . = ALIGN (0x8)
 *fill*         0x20000f54        0x4 
                [!provide]                        PROVIDE (end = .)
                0x20000f58                        PROVIDE (_end = .)
                0x20001158                        . = (. + _Min_Heap_Size)
 *fill*         0x20000f58      0x200 
                0x20001558                        . = (. + _Min_Stack_Size)
 *fill*         0x20001158      0x400 
                0x20001558                        . = ALIGN (0x8)

/DISCARD/
 libc.a(*)
 libm.a(*)
 libgcc.a(*)

.ARM.attributes
                0x00000000       0x30
 *(.ARM.attributes)
 .ARM.attributes
                0x00000000       0x22 /Applications/STM32CubeIDE.app/Contents/Eclipse/plugins/com.st.stm32cube.ide.mcu.externaltools.gnu-tools-for-stm32.13.3.rel1.macos64_1.0.0.202411102158/tools/bin/../lib/gcc/arm-none-eabi/13.3.1/thumb/v7e-m+fp/hard/crti.o
 .ARM.attributes
                0x00000022       0x34 /Applications/STM32CubeIDE.app/Contents/Eclipse/plugins/com.st.stm32cube.ide.mcu.externaltools.gnu-tools-for-stm32.13.3.rel1.macos64_1.0.0.202411102158/tools/bin/../lib/gcc/arm-none-eabi/13.3.1/thumb/v7e-m+fp/hard/crtbegin.o
 .ARM.attributes
                0x00000056       0x34 ./Core/Src/SEGGER_RTT.o
 .ARM.attributes
                0x0000008a       0x34 ./Core/Src/SEGGER_RTT_printf.o
 .ARM.attributes
                0x000000be       0x34 ./Core/Src/main.o
 .ARM.attributes
                0x000000f2       0x34 ./Core/Src/st7735.o
 .ARM.attributes
                0x00000126       0x34 ./Core/Src/stm32f4xx_hal_msp.o
 .ARM.attributes
                0x0000015a       0x34 ./Core/Src/stm32f4xx_it.o
 .ARM.attributes
                0x0000018e       0x34 ./Core/Src/system_stm32f4xx.o
 .ARM.attributes
                0x000001c2       0x21 ./Core/Startup/startup_stm32f411ceux.o
 .ARM.attributes
                0x000001e3       0x34 ./Drivers/STM32F4xx_HAL_Driver/Src/stm32f4xx_hal.o
 .ARM.attributes
                0x00000217       0x34 ./Drivers/STM32F4xx_HAL_Driver/Src/stm32f4xx_hal_cortex.o
 .ARM.attributes
                0x0000024b       0x34 ./Drivers/STM32F4xx_HAL_Driver/Src/stm32f4xx_hal_dma.o
 .ARM.attributes
                0x0000027f       0x34 ./Drivers/STM32F4xx_HAL_Driver/Src/stm32f4xx_hal_gpio.o
 .ARM.attributes
                0x000002b3       0x34 ./Drivers/STM32F4xx_HAL_Driver/Src/stm32f4xx_hal_rcc.o
 .ARM.attributes
                0x000002e7       0x34 ./Drivers/STM32F4xx_HAL_Driver/Src/stm32f4xx_hal_sd.o
 .ARM.attributes
                0x0000031b       0x34 ./Drivers/STM32F4xx_HAL_Driver/Src/stm32f4xx_hal_spi.o
 .ARM.attributes
                0x0000034f       0x34 ./Drivers/STM32F4xx_HAL_Driver/Src/stm32f4xx_ll_sdmmc.o
 .ARM.attributes
                0x00000383       0x34 ./FATFS/App/fatfs.o
 .ARM.attributes
                0x000003b7       0x34 ./FATFS/Target/bsp_driver_sd.o
 .ARM.attributes
                0x000003eb       0x34 ./FATFS/Target/sd_diskio.o
 .ARM.attributes
                0x0000041f       0x34 ./Middlewares/Third_Party/FatFs/src/diskio.o
 .ARM.attributes
                0x00000453       0x34 ./Middlewares/Third_Party/FatFs/src/ff.o
 .ARM.attributes
                0x00000487       0x34 ./Middlewares/Third_Party/FatFs/src/ff_gen_drv.o
 .ARM.attributes
                0x000004bb       0x34 ./Middlewares/Third_Party/FatFs/src/option/ccsbcs.o
 .ARM.attributes
                0x000004ef       0x34 /Applications/STM32CubeIDE.app/Contents/Eclipse/plugins/com.st.stm32cube.ide.mcu.externaltools.gnu-tools-for-stm32.13.3.rel1.macos64_1.0.0.202411102158/tools/bin/../lib/gcc/arm-none-eabi/13.3.1/../../../../arm-none-eabi/lib/thumb/v7e-m+fp/hard/libc_nano.a(libc_a-memset.o)
 .ARM.attributes
                0x00000523       0x34 /Applications/STM32CubeIDE.app/Contents/Eclipse/plugins/com.st.stm32cube.ide.mcu.externaltools.gnu-tools-for-stm32.13.3.rel1.macos64_1.0.0.202411102158/tools/bin/../lib/gcc/arm-none-eabi/13.3.1/../../../../arm-none-eabi/lib/thumb/v7e-m+fp/hard/libc_nano.a(libc_a-strcat.o)
 .ARM.attributes
                0x00000557       0x34 /Applications/STM32CubeIDE.app/Contents/Eclipse/plugins/com.st.stm32cube.ide.mcu.externaltools.gnu-tools-for-stm32.13.3.rel1.macos64_1.0.0.202411102158/tools/bin/../lib/gcc/arm-none-eabi/13.3.1/../../../../arm-none-eabi/lib/thumb/v7e-m+fp/hard/libc_nano.a(libc_a-strncpy.o)
 .ARM.attributes
                0x0000058b       0x34 /Applications/STM32CubeIDE.app/Contents/Eclipse/plugins/com.st.stm32cube.ide.mcu.externaltools.gnu-tools-for-stm32.13.3.rel1.macos64_1.0.0.202411102158/tools/bin/../lib/gcc/arm-none-eabi/13.3.1/../../../../arm-none-eabi/lib/thumb/v7e-m+fp/hard/libc_nano.a(libc_a-init.o)
 .ARM.attributes
                0x000005bf       0x34 /Applications/STM32CubeIDE.app/Contents/Eclipse/plugins/com.st.stm32cube.ide.mcu.externaltools.gnu-tools-for-stm32.13.3.rel1.macos64_1.0.0.202411102158/tools/bin/../lib/gcc/arm-none-eabi/13.3.1/../../../../arm-none-eabi/lib/thumb/v7e-m+fp/hard/libc_nano.a(libc_a-strcpy.o)
 .ARM.attributes
                0x000005f3       0x34 /Applications/STM32CubeIDE.app/Contents/Eclipse/plugins/com.st.stm32cube.ide.mcu.externaltools.gnu-tools-for-stm32.13.3.rel1.macos64_1.0.0.202411102158/tools/bin/../lib/gcc/arm-none-eabi/13.3.1/../../../../arm-none-eabi/lib/thumb/v7e-m+fp/hard/libc_nano.a(libc_a-memcpy-stub.o)
 .ARM.attributes
                0x00000627       0x17 /Applications/STM32CubeIDE.app/Contents/Eclipse/plugins/com.st.stm32cube.ide.mcu.externaltools.gnu-tools-for-stm32.13.3.rel1.macos64_1.0.0.202411102158/tools/bin/../lib/gcc/arm-none-eabi/13.3.1/../../../../arm-none-eabi/lib/thumb/v7e-m+fp/hard/libc_nano.a(libc_a-strlen.o)
 .ARM.attributes
                0x0000063e       0x22 /Applications/STM32CubeIDE.app/Contents/Eclipse/plugins/com.st.stm32cube.ide.mcu.externaltools.gnu-tools-for-stm32.13.3.rel1.macos64_1.0.0.202411102158/tools/bin/../lib/gcc/arm-none-eabi/13.3.1/thumb/v7e-m+fp/hard/libgcc.a(_aeabi_uldivmod.o)
 .ARM.attributes
                0x00000660       0x34 /Applications/STM32CubeIDE.app/Contents/Eclipse/plugins/com.st.stm32cube.ide.mcu.externaltools.gnu-tools-for-stm32.13.3.rel1.macos64_1.0.0.202411102158/tools/bin/../lib/gcc/arm-none-eabi/13.3.1/thumb/v7e-m+fp/hard/libgcc.a(_udivmoddi4.o)
 .ARM.attributes
                0x00000694       0x22 /Applications/STM32CubeIDE.app/Contents/Eclipse/plugins/com.st.stm32cube.ide.mcu.externaltools.gnu-tools-for-stm32.13.3.rel1.macos64_1.0.0.202411102158/tools/bin/../lib/gcc/arm-none-eabi/13.3.1/thumb/v7e-m+fp/hard/libgcc.a(_dvmd_tls.o)
 .ARM.attributes
                0x000006b6       0x22 /Applications/STM32CubeIDE.app/Contents/Eclipse/plugins/com.st.stm32cube.ide.mcu.externaltools.gnu-tools-for-stm32.13.3.rel1.macos64_1.0.0.202411102158/tools/bin/../lib/gcc/arm-none-eabi/13.3.1/thumb/v7e-m+fp/hard/crtn.o
OUTPUT(bcd.elf elf32-littlearm)
LOAD linker stubs
LOAD /Applications/STM32CubeIDE.app/Contents/Eclipse/plugins/com.st.stm32cube.ide.mcu.externaltools.gnu-tools-for-stm32.13.3.rel1.macos64_1.0.0.202411102158/tools/bin/../lib/gcc/arm-none-eabi/13.3.1/../../../../arm-none-eabi/lib/thumb/v7e-m+fp/hard/libc.a
LOAD /Applications/STM32CubeIDE.app/Contents/Eclipse/plugins/com.st.stm32cube.ide.mcu.externaltools.gnu-tools-for-stm32.13.3.rel1.macos64_1.0.0.202411102158/tools/bin/../lib/gcc/arm-none-eabi/13.3.1/../../../../arm-none-eabi/lib/thumb/v7e-m+fp/hard/libm.a
LOAD /Applications/STM32CubeIDE.app/Contents/Eclipse/plugins/com.st.stm32cube.ide.mcu.externaltools.gnu-tools-for-stm32.13.3.rel1.macos64_1.0.0.202411102158/tools/bin/../lib/gcc/arm-none-eabi/13.3.1/thumb/v7e-m+fp/hard/libgcc.a

.debug_info     0x00000000    0x113d4
 .debug_info    0x00000000     0x1497 ./Core/Src/SEGGER_RTT.o
 .debug_info    0x00001497      0x414 ./Core/Src/SEGGER_RTT_printf.o
 .debug_info    0x000018ab     0x1b22 ./Core/Src/main.o
 .debug_info    0x000033cd      0xcf2 ./Core/Src/st7735.o
 .debug_info    0x000040bf      0xdf8 ./Core/Src/stm32f4xx_hal_msp.o
 .debug_info    0x00004eb7      0x3bf ./Core/Src/stm32f4xx_it.o
 .debug_info    0x00005276      0x53e ./Core/Src/system_stm32f4xx.o
 .debug_info    0x000057b4       0x30 ./Core/Startup/startup_stm32f411ceux.o
 .debug_info    0x000057e4      0x8c4 ./Drivers/STM32F4xx_HAL_Driver/Src/stm32f4xx_hal.o
 .debug_info    0x000060a8      0xcfc ./Drivers/STM32F4xx_HAL_Driver/Src/stm32f4xx_hal_cortex.o
 .debug_info    0x00006da4      0x8e6 ./Drivers/STM32F4xx_HAL_Driver/Src/stm32f4xx_hal_dma.o
 .debug_info    0x0000768a      0x6f9 ./Drivers/STM32F4xx_HAL_Driver/Src/stm32f4xx_hal_gpio.o
 .debug_info    0x00007d83      0x904 ./Drivers/STM32F4xx_HAL_Driver/Src/stm32f4xx_hal_rcc.o
 .debug_info    0x00008687     0x1c03 ./Drivers/STM32F4xx_HAL_Driver/Src/stm32f4xx_hal_sd.o
 .debug_info    0x0000a28a     0x1530 ./Drivers/STM32F4xx_HAL_Driver/Src/stm32f4xx_hal_spi.o
 .debug_info    0x0000b7ba     0x10c4 ./Drivers/STM32F4xx_HAL_Driver/Src/stm32f4xx_ll_sdmmc.o
 .debug_info    0x0000c87e      0x557 ./FATFS/App/fatfs.o
 .debug_info    0x0000cdd5      0xaf1 ./FATFS/Target/bsp_driver_sd.o
 .debug_info    0x0000d8c6      0x4b8 ./FATFS/Target/sd_diskio.o
 .debug_info    0x0000dd7e      0x3df ./Middlewares/Third_Party/FatFs/src/diskio.o
 .debug_info    0x0000e15d     0x2d3f ./Middlewares/Third_Party/FatFs/src/ff.o
 .debug_info    0x00010e9c      0x37f ./Middlewares/Third_Party/FatFs/src/ff_gen_drv.o
 .debug_info    0x0001121b      0x1b9 ./Middlewares/Third_Party/FatFs/src/option/ccsbcs.o

.debug_abbrev   0x00000000     0x2dda
 .debug_abbrev  0x00000000      0x238 ./Core/Src/SEGGER_RTT.o
 .debug_abbrev  0x00000238      0x1bc ./Core/Src/SEGGER_RTT_printf.o
 .debug_abbrev  0x000003f4      0x3a2 ./Core/Src/main.o
 .debug_abbrev  0x00000796      0x2ac ./Core/Src/st7735.o
 .debug_abbrev  0x00000a42      0x1fb ./Core/Src/stm32f4xx_hal_msp.o
 .debug_abbrev  0x00000c3d      0x138 ./Core/Src/stm32f4xx_it.o
 .debug_abbrev  0x00000d75      0x11a ./Core/Src/system_stm32f4xx.o
 .debug_abbrev  0x00000e8f       0x24 ./Core/Startup/startup_stm32f411ceux.o
 .debug_abbrev  0x00000eb3      0x24b ./Drivers/STM32F4xx_HAL_Driver/Src/stm32f4xx_hal.o
 .debug_abbrev  0x000010fe      0x31d ./Drivers/STM32F4xx_HAL_Driver/Src/stm32f4xx_hal_cortex.o
 .debug_abbrev  0x0000141b      0x221 ./Drivers/STM32F4xx_HAL_Driver/Src/stm32f4xx_hal_dma.o
 .debug_abbrev  0x0000163c      0x1d3 ./Drivers/STM32F4xx_HAL_Driver/Src/stm32f4xx_hal_gpio.o
 .debug_abbrev  0x0000180f      0x2b6 ./Drivers/STM32F4xx_HAL_Driver/Src/stm32f4xx_hal_rcc.o
 .debug_abbrev  0x00001ac5      0x292 ./Drivers/STM32F4xx_HAL_Driver/Src/stm32f4xx_hal_sd.o
 .debug_abbrev  0x00001d57      0x276 ./Drivers/STM32F4xx_HAL_Driver/Src/stm32f4xx_hal_spi.o
 .debug_abbrev  0x00001fcd      0x1d6 ./Drivers/STM32F4xx_HAL_Driver/Src/stm32f4xx_ll_sdmmc.o
 .debug_abbrev  0x000021a3      0x15d ./FATFS/App/fatfs.o
 .debug_abbrev  0x00002300      0x2b1 ./FATFS/Target/bsp_driver_sd.o
 .debug_abbrev  0x000025b1      0x191 ./FATFS/Target/sd_diskio.o
 .debug_abbrev  0x00002742      0x181 ./Middlewares/Third_Party/FatFs/src/diskio.o
 .debug_abbrev  0x000028c3      0x29a ./Middlewares/Third_Party/FatFs/src/ff.o
 .debug_abbrev  0x00002b5d      0x19f ./Middlewares/Third_Party/FatFs/src/ff_gen_drv.o
 .debug_abbrev  0x00002cfc       0xde ./Middlewares/Third_Party/FatFs/src/option/ccsbcs.o

.debug_aranges  0x00000000     0x1030
 .debug_aranges
                0x00000000      0x138 ./Core/Src/SEGGER_RTT.o
 .debug_aranges
                0x00000138       0x40 ./Core/Src/SEGGER_RTT_printf.o
 .debug_aranges
                0x00000178       0x68 ./Core/Src/main.o
 .debug_aranges
                0x000001e0       0xa8 ./Core/Src/st7735.o
 .debug_aranges
                0x00000288       0x40 ./Core/Src/stm32f4xx_hal_msp.o
 .debug_aranges
                0x000002c8       0x68 ./Core/Src/stm32f4xx_it.o
 .debug_aranges
                0x00000330       0x28 ./Core/Src/system_stm32f4xx.o
 .debug_aranges
                0x00000358       0x28 ./Core/Startup/startup_stm32f411ceux.o
 .debug_aranges
                0x00000380       0xf0 ./Drivers/STM32F4xx_HAL_Driver/Src/stm32f4xx_hal.o
 .debug_aranges
                0x00000470      0x130 ./Drivers/STM32F4xx_HAL_Driver/Src/stm32f4xx_hal_cortex.o
 .debug_aranges
                0x000005a0       0x90 ./Drivers/STM32F4xx_HAL_Driver/Src/stm32f4xx_hal_dma.o
 .debug_aranges
                0x00000630       0x58 ./Drivers/STM32F4xx_HAL_Driver/Src/stm32f4xx_hal_gpio.o
 .debug_aranges
                0x00000688       0x88 ./Drivers/STM32F4xx_HAL_Driver/Src/stm32f4xx_hal_rcc.o
 .debug_aranges
                0x00000710      0x168 ./Drivers/STM32F4xx_HAL_Driver/Src/stm32f4xx_hal_sd.o
 .debug_aranges
                0x00000878      0x1d0 ./Drivers/STM32F4xx_HAL_Driver/Src/stm32f4xx_hal_spi.o
 .debug_aranges
                0x00000a48      0x188 ./Drivers/STM32F4xx_HAL_Driver/Src/stm32f4xx_ll_sdmmc.o
 .debug_aranges
                0x00000bd0       0x28 ./FATFS/App/fatfs.o
 .debug_aranges
                0x00000bf8       0xa0 ./FATFS/Target/bsp_driver_sd.o
 .debug_aranges
                0x00000c98       0x48 ./FATFS/Target/sd_diskio.o
 .debug_aranges
                0x00000ce0       0x48 ./Middlewares/Third_Party/FatFs/src/diskio.o
 .debug_aranges
                0x00000d28      0x2a0 ./Middlewares/Third_Party/FatFs/src/ff.o
 .debug_aranges
                0x00000fc8       0x40 ./Middlewares/Third_Party/FatFs/src/ff_gen_drv.o
 .debug_aranges
                0x00001008       0x28 ./Middlewares/Third_Party/FatFs/src/option/ccsbcs.o

.debug_rnglists
                0x00000000      0xc72
 .debug_rnglists
                0x00000000       0xf5 ./Core/Src/SEGGER_RTT.o
 .debug_rnglists
                0x000000f5       0x3a ./Core/Src/SEGGER_RTT_printf.o
 .debug_rnglists
                0x0000012f       0x4c ./Core/Src/main.o
 .debug_rnglists
                0x0000017b       0x7f ./Core/Src/st7735.o
 .debug_rnglists
                0x000001fa       0x2d ./Core/Src/stm32f4xx_hal_msp.o
 .debug_rnglists
                0x00000227       0x49 ./Core/Src/stm32f4xx_it.o
 .debug_rnglists
                0x00000270       0x1a ./Core/Src/system_stm32f4xx.o
 .debug_rnglists
                0x0000028a       0x19 ./Core/Startup/startup_stm32f411ceux.o
 .debug_rnglists
                0x000002a3       0xaf ./Drivers/STM32F4xx_HAL_Driver/Src/stm32f4xx_hal.o
 .debug_rnglists
                0x00000352       0xe0 ./Drivers/STM32F4xx_HAL_Driver/Src/stm32f4xx_hal_cortex.o
 .debug_rnglists
                0x00000432       0x70 ./Drivers/STM32F4xx_HAL_Driver/Src/stm32f4xx_hal_dma.o
 .debug_rnglists
                0x000004a2       0x3f ./Drivers/STM32F4xx_HAL_Driver/Src/stm32f4xx_hal_gpio.o
 .debug_rnglists
                0x000004e1       0x66 ./Drivers/STM32F4xx_HAL_Driver/Src/stm32f4xx_hal_rcc.o
 .debug_rnglists
                0x00000547      0x121 ./Drivers/STM32F4xx_HAL_Driver/Src/stm32f4xx_hal_sd.o
 .debug_rnglists
                0x00000668      0x16f ./Drivers/STM32F4xx_HAL_Driver/Src/stm32f4xx_hal_spi.o
 .debug_rnglists
                0x000007d7      0x125 ./Drivers/STM32F4xx_HAL_Driver/Src/stm32f4xx_ll_sdmmc.o
 .debug_rnglists
                0x000008fc       0x19 ./FATFS/App/fatfs.o
 .debug_rnglists
                0x00000915       0x73 ./FATFS/Target/bsp_driver_sd.o
 .debug_rnglists
                0x00000988       0x32 ./FATFS/Target/sd_diskio.o
 .debug_rnglists
                0x000009ba       0x31 ./Middlewares/Third_Party/FatFs/src/diskio.o
 .debug_rnglists
                0x000009eb      0x241 ./Middlewares/Third_Party/FatFs/src/ff.o
 .debug_rnglists
                0x00000c2c       0x2c ./Middlewares/Third_Party/FatFs/src/ff_gen_drv.o
 .debug_rnglists
                0x00000c58       0x1a ./Middlewares/Third_Party/FatFs/src/option/ccsbcs.o

.debug_macro    0x00000000    0x1862e
 .debug_macro   0x00000000      0x1bd ./Core/Src/SEGGER_RTT.o
 .debug_macro   0x000001bd      0xad8 ./Core/Src/SEGGER_RTT.o
 .debug_macro   0x00000c95       0x49 ./Core/Src/SEGGER_RTT.o
 .debug_macro   0x00000cde       0x35 ./Core/Src/SEGGER_RTT.o
 .debug_macro   0x00000d13       0x2a ./Core/Src/SEGGER_RTT.o
 .debug_macro   0x00000d3d       0x22 ./Core/Src/SEGGER_RTT.o
 .debug_macro   0x00000d5f       0x5b ./Core/Src/SEGGER_RTT.o
 .debug_macro   0x00000dba       0x94 ./Core/Src/SEGGER_RTT.o
 .debug_macro   0x00000e4e       0x43 ./Core/Src/SEGGER_RTT.o
 .debug_macro   0x00000e91       0x34 ./Core/Src/SEGGER_RTT.o
 .debug_macro   0x00000ec5       0x16 ./Core/Src/SEGGER_RTT.o
 .debug_macro   0x00000edb      0x11c ./Core/Src/SEGGER_RTT.o
 .debug_macro   0x00000ff7       0x9b ./Core/Src/SEGGER_RTT.o
 .debug_macro   0x00001092       0x57 ./Core/Src/SEGGER_RTT.o
 .debug_macro   0x000010e9      0x370 ./Core/Src/SEGGER_RTT.o
 .debug_macro   0x00001459       0x16 ./Core/Src/SEGGER_RTT.o
 .debug_macro   0x0000146f       0x4a ./Core/Src/SEGGER_RTT.o
 .debug_macro   0x000014b9       0x34 ./Core/Src/SEGGER_RTT.o
 .debug_macro   0x000014ed       0x10 ./Core/Src/SEGGER_RTT.o
 .debug_macro   0x000014fd       0x58 ./Core/Src/SEGGER_RTT.o
 .debug_macro   0x00001555       0x8e ./Core/Src/SEGGER_RTT.o
 .debug_macro   0x000015e3       0x1c ./Core/Src/SEGGER_RTT.o
 .debug_macro   0x000015ff      0x185 ./Core/Src/SEGGER_RTT.o
 .debug_macro   0x00001784       0x16 ./Core/Src/SEGGER_RTT.o
 .debug_macro   0x0000179a       0x29 ./Core/Src/SEGGER_RTT.o
 .debug_macro   0x000017c3       0x58 ./Core/Src/SEGGER_RTT.o
 .debug_macro   0x0000181b      0x138 ./Core/Src/SEGGER_RTT.o
 .debug_macro   0x00001953       0x16 ./Core/Src/SEGGER_RTT.o
 .debug_macro   0x00001969       0x3c ./Core/Src/SEGGER_RTT.o
 .debug_macro   0x000019a5       0x20 ./Core/Src/SEGGER_RTT.o
 .debug_macro   0x000019c5      0x147 ./Core/Src/SEGGER_RTT_printf.o
 .debug_macro   0x00001b0c      0x3b8 ./Core/Src/main.o
 .debug_macro   0x00001ec4      0x29b ./Core/Src/main.o
 .debug_macro   0x0000215f       0x2e ./Core/Src/main.o
 .debug_macro   0x0000218d       0x28 ./Core/Src/main.o
 .debug_macro   0x000021b5       0x1c ./Core/Src/main.o
 .debug_macro   0x000021d1       0x22 ./Core/Src/main.o
 .debug_macro   0x000021f3       0xfb ./Core/Src/main.o
 .debug_macro   0x000022ee     0x1011 ./Core/Src/main.o
 .debug_macro   0x000032ff      0x11f ./Core/Src/main.o
 .debug_macro   0x0000341e     0xb968 ./Core/Src/main.o
 .debug_macro   0x0000ed86       0x6d ./Core/Src/main.o
 .debug_macro   0x0000edf3     0x3693 ./Core/Src/main.o
 .debug_macro   0x00012486       0x5c ./Core/Src/main.o
 .debug_macro   0x000124e2      0x45c ./Core/Src/main.o
 .debug_macro   0x0001293e      0x9e9 ./Core/Src/main.o
 .debug_macro   0x00013327      0x115 ./Core/Src/main.o
 .debug_macro   0x0001343c      0x11b ./Core/Src/main.o
 .debug_macro   0x00013557       0xa5 ./Core/Src/main.o
 .debug_macro   0x000135fc      0x15f ./Core/Src/main.o
 .debug_macro   0x0001375b      0x287 ./Core/Src/main.o
 .debug_macro   0x000139e2       0x5f ./Core/Src/main.o
 .debug_macro   0x00013a41      0x236 ./Core/Src/main.o
 .debug_macro   0x00013c77      0x132 ./Core/Src/main.o
 .debug_macro   0x00013da9      0x264 ./Core/Src/main.o
 .debug_macro   0x0001400d       0x2e ./Core/Src/main.o
 .debug_macro   0x0001403b      0x127 ./Core/Src/main.o
 .debug_macro   0x00014162       0x85 ./Core/Src/main.o
 .debug_macro   0x000141e7       0x89 ./Core/Src/main.o
 .debug_macro   0x00014270      0x868 ./Core/Src/main.o
 .debug_macro   0x00014ad8      0x1d5 ./Core/Src/main.o
 .debug_macro   0x00014cad      0x225 ./Core/Src/main.o
 .debug_macro   0x00014ed2      0x126 ./Core/Src/main.o
 .debug_macro   0x00014ff8       0x4c ./Core/Src/main.o
 .debug_macro   0x00015044       0x1c ./Core/Src/main.o
 .debug_macro   0x00015060       0x34 ./Core/Src/main.o
 .debug_macro   0x00015094       0xe5 ./Core/Src/main.o
 .debug_macro   0x00015179       0x61 ./Core/Src/main.o
 .debug_macro   0x000151da       0x12 ./Core/Src/main.o
 .debug_macro   0x000151ec       0xe2 ./Core/Src/main.o
 .debug_macro   0x000152ce       0x8e ./Core/Src/main.o
 .debug_macro   0x0001535c       0x22 ./Core/Src/main.o
 .debug_macro   0x0001537e      0x1c5 ./Core/Src/main.o
 .debug_macro   0x00015543      0x2eb ./Core/Src/st7735.o
 .debug_macro   0x0001582e       0x3c ./Core/Src/st7735.o
 .debug_macro   0x0001586a      0x1e2 ./Core/Src/stm32f4xx_hal_msp.o
 .debug_macro   0x00015a4c      0x1ec ./Core/Src/stm32f4xx_it.o
 .debug_macro   0x00015c38      0x1d3 ./Core/Src/system_stm32f4xx.o
 .debug_macro   0x00015e0b      0x233 ./Drivers/STM32F4xx_HAL_Driver/Src/stm32f4xx_hal.o
 .debug_macro   0x0001603e      0x1d3 ./Drivers/STM32F4xx_HAL_Driver/Src/stm32f4xx_hal_cortex.o
 .debug_macro   0x00016211      0x1d9 ./Drivers/STM32F4xx_HAL_Driver/Src/stm32f4xx_hal_dma.o
 .debug_macro   0x000163ea      0x1d9 ./Drivers/STM32F4xx_HAL_Driver/Src/stm32f4xx_hal_gpio.o
 .debug_macro   0x000165c3      0x1f7 ./Drivers/STM32F4xx_HAL_Driver/Src/stm32f4xx_hal_rcc.o
 .debug_macro   0x000167ba      0x1d4 ./Drivers/STM32F4xx_HAL_Driver/Src/stm32f4xx_hal_sd.o
 .debug_macro   0x0001698e      0x1e2 ./Drivers/STM32F4xx_HAL_Driver/Src/stm32f4xx_hal_spi.o
 .debug_macro   0x00016b70      0x1d4 ./Drivers/STM32F4xx_HAL_Driver/Src/stm32f4xx_ll_sdmmc.o
 .debug_macro   0x00016d44      0x31f ./FATFS/App/fatfs.o
 .debug_macro   0x00017063      0x1eb ./FATFS/Target/bsp_driver_sd.o
 .debug_macro   0x0001724e      0x322 ./FATFS/Target/sd_diskio.o
 .debug_macro   0x00017570       0x16 ./FATFS/Target/sd_diskio.o
 .debug_macro   0x00017586       0x7c ./FATFS/Target/sd_diskio.o
 .debug_macro   0x00017602      0x30c ./Middlewares/Third_Party/FatFs/src/diskio.o
 .debug_macro   0x0001790e      0x71a ./Middlewares/Third_Party/FatFs/src/ff.o
 .debug_macro   0x00018028      0x30c ./Middlewares/Third_Party/FatFs/src/ff_gen_drv.o
 .debug_macro   0x00018334      0x2fa ./Middlewares/Third_Party/FatFs/src/option/ccsbcs.o

.debug_line     0x00000000    0x15a87
 .debug_line    0x00000000      0xe91 ./Core/Src/SEGGER_RTT.o
 .debug_line    0x00000e91      0x8c3 ./Core/Src/SEGGER_RTT_printf.o
 .debug_line    0x00001754      0xcac ./Core/Src/main.o
 .debug_line    0x00002400      0xc6c ./Core/Src/st7735.o
 .debug_line    0x0000306c      0x7c5 ./Core/Src/stm32f4xx_hal_msp.o
 .debug_line    0x00003831      0x79e ./Core/Src/stm32f4xx_it.o
 .debug_line    0x00003fcf      0x74d ./Core/Src/system_stm32f4xx.o
 .debug_line    0x0000471c       0x7a ./Core/Startup/startup_stm32f411ceux.o
 .debug_line    0x00004796      0x9c9 ./Drivers/STM32F4xx_HAL_Driver/Src/stm32f4xx_hal.o
 .debug_line    0x0000515f      0xc99 ./Drivers/STM32F4xx_HAL_Driver/Src/stm32f4xx_hal_cortex.o
 .debug_line    0x00005df8      0xf35 ./Drivers/STM32F4xx_HAL_Driver/Src/stm32f4xx_hal_dma.o
 .debug_line    0x00006d2d      0xae5 ./Drivers/STM32F4xx_HAL_Driver/Src/stm32f4xx_hal_gpio.o
 .debug_line    0x00007812      0xdd6 ./Drivers/STM32F4xx_HAL_Driver/Src/stm32f4xx_hal_rcc.o
 .debug_line    0x000085e8     0x1e43 ./Drivers/STM32F4xx_HAL_Driver/Src/stm32f4xx_hal_sd.o
 .debug_line    0x0000a42b     0x1c64 ./Drivers/STM32F4xx_HAL_Driver/Src/stm32f4xx_hal_spi.o
 .debug_line    0x0000c08f      0xf48 ./Drivers/STM32F4xx_HAL_Driver/Src/stm32f4xx_ll_sdmmc.o
 .debug_line    0x0000cfd7      0x8f3 ./FATFS/App/fatfs.o
 .debug_line    0x0000d8ca      0x8e9 ./FATFS/Target/bsp_driver_sd.o
 .debug_line    0x0000e1b3      0x9e6 ./FATFS/Target/sd_diskio.o
 .debug_line    0x0000eb99      0x963 ./Middlewares/Third_Party/FatFs/src/diskio.o
 .debug_line    0x0000f4fc     0x5251 ./Middlewares/Third_Party/FatFs/src/ff.o
 .debug_line    0x0001474d      0x97e ./Middlewares/Third_Party/FatFs/src/ff_gen_drv.o
 .debug_line    0x000150cb      0x9bc ./Middlewares/Third_Party/FatFs/src/option/ccsbcs.o

.debug_str      0x00000000    0x8de50
 .debug_str     0x00000000    0x8de50 ./Core/Src/SEGGER_RTT.o
                               0x7d33 (size before relaxing)
 .debug_str     0x0008de50     0x76af ./Core/Src/SEGGER_RTT_printf.o
 .debug_str     0x0008de50    0x89f94 ./Core/Src/main.o
 .debug_str     0x0008de50    0x87e7b ./Core/Src/st7735.o
 .debug_str     0x0008de50    0x84877 ./Core/Src/stm32f4xx_hal_msp.o
 .debug_str     0x0008de50    0x842f7 ./Core/Src/stm32f4xx_it.o
 .debug_str     0x0008de50    0x8408b ./Core/Src/system_stm32f4xx.o
 .debug_str     0x0008de50       0x7f ./Core/Startup/startup_stm32f411ceux.o
 .debug_str     0x0008de50    0x84ab7 ./Drivers/STM32F4xx_HAL_Driver/Src/stm32f4xx_hal.o
 .debug_str     0x0008de50    0x84821 ./Drivers/STM32F4xx_HAL_Driver/Src/stm32f4xx_hal_cortex.o
 .debug_str     0x0008de50    0x84493 ./Drivers/STM32F4xx_HAL_Driver/Src/stm32f4xx_hal_dma.o
 .debug_str     0x0008de50    0x84206 ./Drivers/STM32F4xx_HAL_Driver/Src/stm32f4xx_hal_gpio.o
 .debug_str     0x0008de50    0x844bf ./Drivers/STM32F4xx_HAL_Driver/Src/stm32f4xx_hal_rcc.o
 .debug_str     0x0008de50    0x84df2 ./Drivers/STM32F4xx_HAL_Driver/Src/stm32f4xx_hal_sd.o
 .debug_str     0x0008de50    0x84937 ./Drivers/STM32F4xx_HAL_Driver/Src/stm32f4xx_hal_spi.o
 .debug_str     0x0008de50    0x84500 ./Drivers/STM32F4xx_HAL_Driver/Src/stm32f4xx_ll_sdmmc.o
 .debug_str     0x0008de50    0x87b7b ./FATFS/App/fatfs.o
 .debug_str     0x0008de50    0x84752 ./FATFS/Target/bsp_driver_sd.o
 .debug_str     0x0008de50    0x87b88 ./FATFS/Target/sd_diskio.o
 .debug_str     0x0008de50    0x87a5b ./Middlewares/Third_Party/FatFs/src/diskio.o
 .debug_str     0x0008de50    0x88e77 ./Middlewares/Third_Party/FatFs/src/ff.o
 .debug_str     0x0008de50    0x87aac ./Middlewares/Third_Party/FatFs/src/ff_gen_drv.o
 .debug_str     0x0008de50    0x87830 ./Middlewares/Third_Party/FatFs/src/option/ccsbcs.o

.comment        0x00000000       0x43
 .comment       0x00000000       0x43 ./Core/Src/SEGGER_RTT.o
                                 0x44 (size before relaxing)
 .comment       0x00000043       0x44 ./Core/Src/SEGGER_RTT_printf.o
 .comment       0x00000043       0x44 ./Core/Src/main.o
 .comment       0x00000043       0x44 ./Core/Src/st7735.o
 .comment       0x00000043       0x44 ./Core/Src/stm32f4xx_hal_msp.o
 .comment       0x00000043       0x44 ./Core/Src/stm32f4xx_it.o
 .comment       0x00000043       0x44 ./Core/Src/system_stm32f4xx.o
 .comment       0x00000043       0x44 ./Drivers/STM32F4xx_HAL_Driver/Src/stm32f4xx_hal.o
 .comment       0x00000043       0x44 ./Drivers/STM32F4xx_HAL_Driver/Src/stm32f4xx_hal_cortex.o
 .comment       0x00000043       0x44 ./Drivers/STM32F4xx_HAL_Driver/Src/stm32f4xx_hal_dma.o
 .comment       0x00000043       0x44 ./Drivers/STM32F4xx_HAL_Driver/Src/stm32f4xx_hal_gpio.o
 .comment       0x00000043       0x44 ./Drivers/STM32F4xx_HAL_Driver/Src/stm32f4xx_hal_rcc.o
 .comment       0x00000043       0x44 ./Drivers/STM32F4xx_HAL_Driver/Src/stm32f4xx_hal_sd.o
 .comment       0x00000043       0x44 ./Drivers/STM32F4xx_HAL_Driver/Src/stm32f4xx_hal_spi.o
 .comment       0x00000043       0x44 ./Drivers/STM32F4xx_HAL_Driver/Src/stm32f4xx_ll_sdmmc.o
 .comment       0x00000043       0x44 ./FATFS/App/fatfs.o
 .comment       0x00000043       0x44 ./FATFS/Target/bsp_driver_sd.o
 .comment       0x00000043       0x44 ./FATFS/Target/sd_diskio.o
 .comment       0x00000043       0x44 ./Middlewares/Third_Party/FatFs/src/diskio.o
 .comment       0x00000043       0x44 ./Middlewares/Third_Party/FatFs/src/ff.o
 .comment       0x00000043       0x44 ./Middlewares/Third_Party/FatFs/src/ff_gen_drv.o
 .comment       0x00000043       0x44 ./Middlewares/Third_Party/FatFs/src/option/ccsbcs.o

.debug_frame    0x00000000     0x4320
 .debug_frame   0x00000000      0x530 ./Core/Src/SEGGER_RTT.o
 .debug_frame   0x00000530       0xe0 ./Core/Src/SEGGER_RTT_printf.o
 .debug_frame   0x00000610      0x160 ./Core/Src/main.o
 .debug_frame   0x00000770      0x2a4 ./Core/Src/st7735.o
 .debug_frame   0x00000a14       0xc8 ./Core/Src/stm32f4xx_hal_msp.o
 .debug_frame   0x00000adc      0x120 ./Core/Src/stm32f4xx_it.o
 .debug_frame   0x00000bfc       0x58 ./Core/Src/system_stm32f4xx.o
 .debug_frame   0x00000c54      0x374 ./Drivers/STM32F4xx_HAL_Driver/Src/stm32f4xx_hal.o
 .debug_frame   0x00000fc8      0x508 ./Drivers/STM32F4xx_HAL_Driver/Src/stm32f4xx_hal_cortex.o
 .debug_frame   0x000014d0      0x250 ./Drivers/STM32F4xx_HAL_Driver/Src/stm32f4xx_hal_dma.o
 .debug_frame   0x00001720      0x14c ./Drivers/STM32F4xx_HAL_Driver/Src/stm32f4xx_hal_gpio.o
 .debug_frame   0x0000186c      0x1f4 ./Drivers/STM32F4xx_HAL_Driver/Src/stm32f4xx_hal_rcc.o
 .debug_frame   0x00001a60      0x650 ./Drivers/STM32F4xx_HAL_Driver/Src/stm32f4xx_hal_sd.o
 .debug_frame   0x000020b0      0x828 ./Drivers/STM32F4xx_HAL_Driver/Src/stm32f4xx_hal_spi.o
 .debug_frame   0x000028d8      0x6d0 ./Drivers/STM32F4xx_HAL_Driver/Src/stm32f4xx_ll_sdmmc.o
 .debug_frame   0x00002fa8       0x4c ./FATFS/App/fatfs.o
 .debug_frame   0x00002ff4      0x258 ./FATFS/Target/bsp_driver_sd.o
 .debug_frame   0x0000324c       0xe8 ./FATFS/Target/sd_diskio.o
 .debug_frame   0x00003334       0xec ./Middlewares/Third_Party/FatFs/src/diskio.o
 .debug_frame   0x00003420      0xc94 ./Middlewares/Third_Party/FatFs/src/ff.o
 .debug_frame   0x000040b4       0xc8 ./Middlewares/Third_Party/FatFs/src/ff_gen_drv.o
 .debug_frame   0x0000417c       0x60 ./Middlewares/Third_Party/FatFs/src/option/ccsbcs.o
 .debug_frame   0x000041dc       0x20 /Applications/STM32CubeIDE.app/Contents/Eclipse/plugins/com.st.stm32cube.ide.mcu.externaltools.gnu-tools-for-stm32.13.3.rel1.macos64_1.0.0.202411102158/tools/bin/../lib/gcc/arm-none-eabi/13.3.1/../../../../arm-none-eabi/lib/thumb/v7e-m+fp/hard/libc_nano.a(libc_a-memset.o)
 .debug_frame   0x000041fc       0x28 /Applications/STM32CubeIDE.app/Contents/Eclipse/plugins/com.st.stm32cube.ide.mcu.externaltools.gnu-tools-for-stm32.13.3.rel1.macos64_1.0.0.202411102158/tools/bin/../lib/gcc/arm-none-eabi/13.3.1/../../../../arm-none-eabi/lib/thumb/v7e-m+fp/hard/libc_nano.a(libc_a-strcat.o)
 .debug_frame   0x00004224       0x28 /Applications/STM32CubeIDE.app/Contents/Eclipse/plugins/com.st.stm32cube.ide.mcu.externaltools.gnu-tools-for-stm32.13.3.rel1.macos64_1.0.0.202411102158/tools/bin/../lib/gcc/arm-none-eabi/13.3.1/../../../../arm-none-eabi/lib/thumb/v7e-m+fp/hard/libc_nano.a(libc_a-strncpy.o)
 .debug_frame   0x0000424c       0x2c /Applications/STM32CubeIDE.app/Contents/Eclipse/plugins/com.st.stm32cube.ide.mcu.externaltools.gnu-tools-for-stm32.13.3.rel1.macos64_1.0.0.202411102158/tools/bin/../lib/gcc/arm-none-eabi/13.3.1/../../../../arm-none-eabi/lib/thumb/v7e-m+fp/hard/libc_nano.a(libc_a-init.o)
 .debug_frame   0x00004278       0x20 /Applications/STM32CubeIDE.app/Contents/Eclipse/plugins/com.st.stm32cube.ide.mcu.externaltools.gnu-tools-for-stm32.13.3.rel1.macos64_1.0.0.202411102158/tools/bin/../lib/gcc/arm-none-eabi/13.3.1/../../../../arm-none-eabi/lib/thumb/v7e-m+fp/hard/libc_nano.a(libc_a-strcpy.o)
 .debug_frame   0x00004298       0x28 /Applications/STM32CubeIDE.app/Contents/Eclipse/plugins/com.st.stm32cube.ide.mcu.externaltools.gnu-tools-for-stm32.13.3.rel1.macos64_1.0.0.202411102158/tools/bin/../lib/gcc/arm-none-eabi/13.3.1/../../../../arm-none-eabi/lib/thumb/v7e-m+fp/hard/libc_nano.a(libc_a-memcpy-stub.o)
 .debug_frame   0x000042c0       0x2c /Applications/STM32CubeIDE.app/Contents/Eclipse/plugins/com.st.stm32cube.ide.mcu.externaltools.gnu-tools-for-stm32.13.3.rel1.macos64_1.0.0.202411102158/tools/bin/../lib/gcc/arm-none-eabi/13.3.1/thumb/v7e-m+fp/hard/libgcc.a(_aeabi_uldivmod.o)
 .debug_frame   0x000042ec       0x34 /Applications/STM32CubeIDE.app/Contents/Eclipse/plugins/com.st.stm32cube.ide.mcu.externaltools.gnu-tools-for-stm32.13.3.rel1.macos64_1.0.0.202411102158/tools/bin/../lib/gcc/arm-none-eabi/13.3.1/thumb/v7e-m+fp/hard/libgcc.a(_udivmoddi4.o)

.debug_line_str
                0x00000000       0x63
 .debug_line_str
                0x00000000       0x63 ./Core/Startup/startup_stm32f411ceux.o
