Archive member included to satisfy reference by file (symbol)

/Applications/STM32CubeIDE.app/Contents/Eclipse/plugins/com.st.stm32cube.ide.mcu.externaltools.gnu-tools-for-stm32.13.3.rel1.macos64_1.0.0.202411102158/tools/bin/../lib/gcc/arm-none-eabi/13.3.1/../../../../arm-none-eabi/lib/thumb/v7e-m+fp/hard/libc_nano.a(libc_a-exit.o)
                              /Applications/STM32CubeIDE.app/Contents/Eclipse/plugins/com.st.stm32cube.ide.mcu.externaltools.gnu-tools-for-stm32.13.3.rel1.macos64_1.0.0.202411102158/tools/bin/../lib/gcc/arm-none-eabi/13.3.1/../../../../arm-none-eabi/lib/thumb/v7e-m+fp/hard/crt0.o (exit)
/Applications/STM32CubeIDE.app/Contents/Eclipse/plugins/com.st.stm32cube.ide.mcu.externaltools.gnu-tools-for-stm32.13.3.rel1.macos64_1.0.0.202411102158/tools/bin/../lib/gcc/arm-none-eabi/13.3.1/../../../../arm-none-eabi/lib/thumb/v7e-m+fp/hard/libc_nano.a(libc_a-malloc.o)
                              ./Core/Src/st7735.o (malloc)
/Applications/STM32CubeIDE.app/Contents/Eclipse/plugins/com.st.stm32cube.ide.mcu.externaltools.gnu-tools-for-stm32.13.3.rel1.macos64_1.0.0.202411102158/tools/bin/../lib/gcc/arm-none-eabi/13.3.1/../../../../arm-none-eabi/lib/thumb/v7e-m+fp/hard/libc_nano.a(libc_a-mallocr.o)
                              /Applications/STM32CubeIDE.app/Contents/Eclipse/plugins/com.st.stm32cube.ide.mcu.externaltools.gnu-tools-for-stm32.13.3.rel1.macos64_1.0.0.202411102158/tools/bin/../lib/gcc/arm-none-eabi/13.3.1/../../../../arm-none-eabi/lib/thumb/v7e-m+fp/hard/libc_nano.a(libc_a-malloc.o) (_malloc_r)
/Applications/STM32CubeIDE.app/Contents/Eclipse/plugins/com.st.stm32cube.ide.mcu.externaltools.gnu-tools-for-stm32.13.3.rel1.macos64_1.0.0.202411102158/tools/bin/../lib/gcc/arm-none-eabi/13.3.1/../../../../arm-none-eabi/lib/thumb/v7e-m+fp/hard/libc_nano.a(libc_a-mlock.o)
                              /Applications/STM32CubeIDE.app/Contents/Eclipse/plugins/com.st.stm32cube.ide.mcu.externaltools.gnu-tools-for-stm32.13.3.rel1.macos64_1.0.0.202411102158/tools/bin/../lib/gcc/arm-none-eabi/13.3.1/../../../../arm-none-eabi/lib/thumb/v7e-m+fp/hard/libc_nano.a(libc_a-mallocr.o) (__malloc_lock)
/Applications/STM32CubeIDE.app/Contents/Eclipse/plugins/com.st.stm32cube.ide.mcu.externaltools.gnu-tools-for-stm32.13.3.rel1.macos64_1.0.0.202411102158/tools/bin/../lib/gcc/arm-none-eabi/13.3.1/../../../../arm-none-eabi/lib/thumb/v7e-m+fp/hard/libc_nano.a(libc_a-findfp.o)
                              /Applications/STM32CubeIDE.app/Contents/Eclipse/plugins/com.st.stm32cube.ide.mcu.externaltools.gnu-tools-for-stm32.13.3.rel1.macos64_1.0.0.202411102158/tools/bin/../lib/gcc/arm-none-eabi/13.3.1/../../../../arm-none-eabi/lib/thumb/v7e-m+fp/hard/libc_nano.a(libc_a-exit.o) (__stdio_exit_handler)
/Applications/STM32CubeIDE.app/Contents/Eclipse/plugins/com.st.stm32cube.ide.mcu.externaltools.gnu-tools-for-stm32.13.3.rel1.macos64_1.0.0.202411102158/tools/bin/../lib/gcc/arm-none-eabi/13.3.1/../../../../arm-none-eabi/lib/thumb/v7e-m+fp/hard/libc_nano.a(libc_a-fwalk.o)
                              /Applications/STM32CubeIDE.app/Contents/Eclipse/plugins/com.st.stm32cube.ide.mcu.externaltools.gnu-tools-for-stm32.13.3.rel1.macos64_1.0.0.202411102158/tools/bin/../lib/gcc/arm-none-eabi/13.3.1/../../../../arm-none-eabi/lib/thumb/v7e-m+fp/hard/libc_nano.a(libc_a-findfp.o) (_fwalk_sglue)
/Applications/STM32CubeIDE.app/Contents/Eclipse/plugins/com.st.stm32cube.ide.mcu.externaltools.gnu-tools-for-stm32.13.3.rel1.macos64_1.0.0.202411102158/tools/bin/../lib/gcc/arm-none-eabi/13.3.1/../../../../arm-none-eabi/lib/thumb/v7e-m+fp/hard/libc_nano.a(libc_a-memset.o)
                              /Applications/STM32CubeIDE.app/Contents/Eclipse/plugins/com.st.stm32cube.ide.mcu.externaltools.gnu-tools-for-stm32.13.3.rel1.macos64_1.0.0.202411102158/tools/bin/../lib/gcc/arm-none-eabi/13.3.1/../../../../arm-none-eabi/lib/thumb/v7e-m+fp/hard/crt0.o (memset)
/Applications/STM32CubeIDE.app/Contents/Eclipse/plugins/com.st.stm32cube.ide.mcu.externaltools.gnu-tools-for-stm32.13.3.rel1.macos64_1.0.0.202411102158/tools/bin/../lib/gcc/arm-none-eabi/13.3.1/../../../../arm-none-eabi/lib/thumb/v7e-m+fp/hard/libc_nano.a(libc_a-strcat.o)
                              ./Core/Src/main.o (strcat)
/Applications/STM32CubeIDE.app/Contents/Eclipse/plugins/com.st.stm32cube.ide.mcu.externaltools.gnu-tools-for-stm32.13.3.rel1.macos64_1.0.0.202411102158/tools/bin/../lib/gcc/arm-none-eabi/13.3.1/../../../../arm-none-eabi/lib/thumb/v7e-m+fp/hard/libc_nano.a(libc_a-strncpy.o)
                              ./Core/Src/main.o (strncpy)
/Applications/STM32CubeIDE.app/Contents/Eclipse/plugins/com.st.stm32cube.ide.mcu.externaltools.gnu-tools-for-stm32.13.3.rel1.macos64_1.0.0.202411102158/tools/bin/../lib/gcc/arm-none-eabi/13.3.1/../../../../arm-none-eabi/lib/thumb/v7e-m+fp/hard/libc_nano.a(libc_a-sbrkr.o)
[...]
Memory Configuration

Name             Origin             Length             Attributes
RAM              0x20000000         0x00020000         xrw
FLASH            0x08000000         0x00080000         xr
*default*        0x00000000         0xffffffff

Linker script and memory map

LOAD /Applications/STM32CubeIDE.app/Contents/Eclipse/plugins/com.st.stm32cube.ide.mcu.externaltools.gnu-tools-for-stm32.13.3.rel1.macos64_1.0.0.202411102158/tools/bin/../lib/gcc/arm-none-eabi/13.3.1/thumb/v7e-m+fp/hard/crti.o
LOAD /Applications/STM32CubeIDE.app/Contents/Eclipse/plugins/com.st.stm32cube.ide.mcu.externaltools.gnu-tools-for-stm32.13.3.rel1.macos64_1.0.0.202411102158/tools/bin/../lib/gcc/arm-none-eabi/13.3.1/thumb/v7e-m+fp/hard/crtbegin.o
LOAD /Applications/STM32CubeIDE.app/Contents/Eclipse/plugins/com.st.stm32cube.ide.mcu.externaltools.gnu-tools-for-stm32.13.3.rel1.macos64_1.0.0.202411102158/tools/bin/../lib/gcc/arm-none-eabi/13.3.1/../../../../arm-none-eabi/lib/thumb/v7e-m+fp/hard/crt0.o
LOAD ./Core/Src/SEGGER_RTT.o
LOAD ./Core/Src/SEGGER_RTT_Syscalls_GCC.o
LOAD ./Core/Src/SEGGER_RTT_printf.o
LOAD ./Core/Src/fonts.o
LOAD ./Core/Src/main.o
LOAD ./Core/Src/st7735.o
LOAD ./Core/Src/stm32f4xx_hal_msp.o
LOAD ./Core/Src/stm32f4xx_it.o
LOAD ./Core/Src/syscalls.o
LOAD ./Core/Src/sysmem.o
LOAD ./Core/Src/system_stm32f4xx.o
LOAD ./Core/Startup/startup_stm32f411ceux.o
LOAD ./Drivers/STM32F4xx_HAL_Driver/Src/stm32f4xx_hal.o
LOAD ./Drivers/STM32F4xx_HAL_Driver/Src/stm32f4xx_hal_cortex.o
LOAD ./Drivers/STM32F4xx_HAL_Driver/Src/stm32f4xx_hal_dma.o
LOAD ./Drivers/STM32F4xx_HAL_Driver/Src/stm32f4xx_hal_dma_ex.o
LOAD ./Drivers/STM32F4xx_HAL_Driver/Src/stm32f4xx_hal_exti.o
LOAD ./Drivers/STM32F4xx_HAL_Driver/Src/stm32f4xx_hal_flash.o
LOAD ./Drivers/STM32F4xx_HAL_Driver/Src/stm32f4xx_hal_flash_ex.o
LOAD ./Drivers/STM32F4xx_HAL_Driver/Src/stm32f4xx_hal_flash_ramfunc.o
LOAD ./Drivers/STM32F4xx_HAL_Driver/Src/stm32f4xx_hal_gpio.o
LOAD ./Drivers/STM32F4xx_HAL_Driver/Src/stm32f4xx_hal_mmc.o
LOAD ./Drivers/STM32F4xx_HAL_Driver/Src/stm32f4xx_hal_pcd.o
LOAD ./Drivers/STM32F4xx_HAL_Driver/Src/stm32f4xx_hal_pcd_ex.o
LOAD ./Drivers/STM32F4xx_HAL_Driver/Src/stm32f4xx_hal_pwr.o
LOAD ./Drivers/STM32F4xx_HAL_Driver/Src/stm32f4xx_hal_pwr_ex.o
LOAD ./Drivers/STM32F4xx_HAL_Driver/Src/stm32f4xx_hal_rcc.o
LOAD ./Drivers/STM32F4xx_HAL_Driver/Src/stm32f4xx_hal_rcc_ex.o
LOAD ./Drivers/STM32F4xx_HAL_Driver/Src/stm32f4xx_hal_sd.o
LOAD ./Drivers/STM32F4xx_HAL_Driver/Src/stm32f4xx_hal_spi.o
LOAD ./Drivers/STM32F4xx_HAL_Driver/Src/stm32f4xx_ll_sdmmc.o
LOAD ./Drivers/STM32F4xx_HAL_Driver/Src/stm32f4xx_ll_usb.o
LOAD ./FATFS/App/fatfs.o
LOAD ./FATFS/Target/bsp_driver_sd.o
LOAD ./FATFS/Target/fatfs_platform.o
LOAD ./FATFS/Target/sd_diskio.o
LOAD ./Middlewares/ST/STM32_USB_Device_Library/Class/MSC/Src/usbd_msc.o
LOAD ./Middlewares/ST/STM32_USB_Device_Library/Class/MSC/Src/usbd_msc_bot.o
LOAD ./Middlewares/ST/STM32_USB_Device_Library/Class/MSC/Src/usbd_msc_data.o
LOAD ./Middlewares/ST/STM32_USB_Device_Library/Class/MSC/Src/usbd_msc_scsi.o
LOAD ./Middlewares/ST/STM32_USB_Device_Library/Core/Src/usbd_core.o
LOAD ./Middlewares/ST/STM32_USB_Device_Library/Core/Src/usbd_ctlreq.o
LOAD ./Middlewares/ST/STM32_USB_Device_Library/Core/Src/usbd_ioreq.o
LOAD ./Middlewares/Third_Party/FatFs/src/diskio.o
LOAD ./Middlewares/Third_Party/FatFs/src/ff.o
LOAD ./Middlewares/Third_Party/FatFs/src/ff_gen_drv.o
LOAD ./Middlewares/Third_Party/FatFs/src/option/ccsbcs.o
LOAD ./Middlewares/Third_Party/FatFs/src/option/syscall.o
LOAD ./USB_DEVICE/App/usb_device.o
LOAD ./USB_DEVICE/App/usbd_desc.o
LOAD ./USB_DEVICE/App/usbd_storage_if.o
LOAD ./USB_DEVICE/Target/usbd_conf.o
START GROUP
LOAD /Applications/STM32CubeIDE.app/Contents/Eclipse/plugins/com.st.stm32cube.ide.mcu.externaltools.gnu-tools-for-stm32.13.3.rel1.macos64_1.0.0.202411102158/tools/bin/../lib/gcc/arm-none-eabi/13.3.1/../../../../arm-none-eabi/lib/thumb/v7e-m+fp/hard/libc_nano.a
LOAD /Applications/STM32CubeIDE.app/Contents/Eclipse/plugins/com.st.stm32cube.ide.mcu.externaltools.gnu-tools-for-stm32.13.3.rel1.macos64_1.0.0.202411102158/tools/bin/../lib/gcc/arm-none-eabi/13.3.1/../../../../arm-none-eabi/lib/thumb/v7e-m+fp/hard/libm.a
END GROUP
START GROUP
LOAD /Applications/STM32CubeIDE.app/Contents/Eclipse/plugins/com.st.stm32cube.ide.mcu.externaltools.gnu-tools-for-stm32.13.3.rel1.macos64_1.0.0.202411102158/tools/bin/../lib/gcc/arm-none-eabi/13.3.1/thumb/v7e-m+fp/hard/libgcc.a
LOAD /Applications/STM32CubeIDE.app/Contents/Eclipse/plugins/com.st.stm32cube.ide.mcu.externaltools.gnu-tools-for-stm32.13.3.rel1.macos64_1.0.0.202411102158/tools/bin/../lib/gcc/arm-none-eabi/13.3.1/../../../../arm-none-eabi/lib/thumb/v7e-m+fp/hard/libc_nano.a
END GROUP
START GROUP
LOAD /Applications/STM32CubeIDE.app/Contents/Eclipse/plugins/com.st.stm32cube.ide.mcu.externaltools.gnu-tools-for-stm32.13.3.rel1.macos64_1.0.0.202411102158/tools/bin/../lib/gcc/arm-none-eabi/13.3.1/thumb/v7e-m+fp/hard/libgcc.a
LOAD /Applications/STM32CubeIDE.app/Contents/Eclipse/plugins/com.st.stm32cube.ide.mcu.externaltools.gnu-tools-for-stm32.13.3.rel1.macos64_1.0.0.202411102158/tools/bin/../lib/gcc/arm-none-eabi/13.3.1/../../../../arm-none-eabi/lib/thumb/v7e-m+fp/hard/libc_nano.a
LOAD /Applications/STM32CubeIDE.app/Contents/Eclipse/plugins/com.st.stm32cube.ide.mcu.externaltools.gnu-tools-for-stm32.13.3.rel1.macos64_1.0.0.202411102158/tools/bin/../lib/gcc/arm-none-eabi/13.3.1/../../../../arm-none-eabi/lib/thumb/v7e-m+fp/hard/libnosys.a
END GROUP
START GROUP
LOAD /Applications/STM32CubeIDE.app/Contents/Eclipse/plugins/com.st.stm32cube.ide.mcu.externaltools.gnu-tools-for-stm32.13.3.rel1.macos64_1.0.0.202411102158/tools/bin/../lib/gcc/arm-none-eabi/13.3.1/thumb/v7e-m+fp/hard/libgcc.a
LOAD /Applications/STM32CubeIDE.app/Contents/Eclipse/plugins/com.st.stm32cube.ide.mcu.externaltools.gnu-tools-for-stm32.13.3.rel1.macos64_1.0.0.202411102158/tools/bin/../lib/gcc/arm-none-eabi/13.3.1/../../../../arm-none-eabi/lib/thumb/v7e-m+fp/hard/libc_nano.a
LOAD /Applications/STM32CubeIDE.app/Contents/Eclipse/plugins/com.st.stm32cube.ide.mcu.externaltools.gnu-tools-for-stm32.13.3.rel1.macos64_1.0.0.202411102158/tools/bin/../lib/gcc/arm-none-eabi/13.3.1/../../../../arm-none-eabi/lib/thumb/v7e-m+fp/hard/libnosys.a
END GROUP
LOAD /Applications/STM32CubeIDE.app/Contents/Eclipse/plugins/com.st.stm32cube.ide.mcu.externaltools.gnu-tools-for-stm32.13.3.rel1.macos64_1.0.0.202411102158/tools/bin/../lib/gcc/arm-none-eabi/13.3.1/thumb/v7e-m+fp/hard/crtend.o
LOAD /Applications/STM32CubeIDE.app/Contents/Eclipse/plugins/com.st.stm32cube.ide.mcu.externaltools.gnu-tools-for-stm32.13.3.rel1.macos64_1.0.0.202411102158/tools/bin/../lib/gcc/arm-none-eabi/13.3.1/thumb/v7e-m+fp/hard/crtn.o
                0x20020000                        _estack = (ORIGIN (RAM) + LENGTH (RAM))
                0x00000200                        _Min_Heap_Size = 0x200
                0x00000400                        _Min_Stack_Size = 0x400

.isr_vector     0x08000000      0x198
                0x08000000                        . = ALIGN (0x4)
 *(.isr_vector)
 .isr_vector    0x08000000      0x198 ./Core/Startup/startup_stm32f411ceux.o
                0x08000000                g_pfnVectors
                0x08000198                        . = ALIGN (0x4)

.text           0x08000198    0x102c8
                0x08000198                        . = ALIGN (0x4)
 *(.text)
 .text          0x08000198       0x40 /Applications/STM32CubeIDE.app/Contents/Eclipse/plugins/com.st.stm32cube.ide.mcu.externaltools.gnu-tools-for-stm32.13.3.rel1.macos64_1.0.0.202411102158/tools/bin/../lib/gcc/arm-none-eabi/13.3.1/thumb/v7e-m+fp/hard/crtbegin.o
 .text          0x080001d8       0x10 /Applications/STM32CubeIDE.app/Contents/Eclipse/plugins/com.st.stm32cube.ide.mcu.externaltools.gnu-tools-for-stm32.13.3.rel1.macos64_1.0.0.202411102158/tools/bin/../lib/gcc/arm-none-eabi/13.3.1/../../../../arm-none-eabi/lib/thumb/v7e-m+fp/hard/libc_nano.a(libc_a-strlen.o)
                0x080001d8                strlen
 .text          0x080001e8       0x30 /Applications/STM32CubeIDE.app/Contents/Eclipse/plugins/com.st.stm32cube.ide.mcu.externaltools.gnu-tools-for-stm32.13.3.rel1.macos64_1.0.0.202411102158/tools/bin/../lib/gcc/arm-none-eabi/13.3.1/thumb/v7e-m+fp/hard/libgcc.a(_aeabi_uldivmod.o)
                0x080001e8                __aeabi_uldivmod
 .text          0x08000218      0x2f8 /Applications/STM32CubeIDE.app/Contents/Eclipse/plugins/com.st.stm32cube.ide.mcu.externaltools.gnu-tools-for-stm32.13.3.rel1.macos64_1.0.0.202411102158/tools/bin/../lib/gcc/arm-none-eabi/13.3.1/thumb/v7e-m+fp/hard/libgcc.a(_udivmoddi4.o)
                0x08000218                __udivmoddi4
 .text          0x08000510        0x4 /Applications/STM32CubeIDE.app/Contents/Eclipse/plugins/com.st.stm32cube.ide.mcu.externaltools.gnu-tools-for-stm32.13.3.rel1.macos64_1.0.0.202411102158/tools/bin/../lib/gcc/arm-none-eabi/13.3.1/thumb/v7e-m+fp/hard/libgcc.a(_dvmd_tls.o)
                0x08000510                __aeabi_ldiv0
                0x08000510                __aeabi_idiv0
 *(.text*)
 .text._DoInit  0x08000514       0xb0 ./Core/Src/SEGGER_RTT.o
 .text._WriteBlocking
                0x080005c4       0xba ./Core/Src/SEGGER_RTT.o
 .text._WriteNoCheck
                0x0800067e       0x90 ./Core/Src/SEGGER_RTT.o
 .text._GetAvailWriteSpace
                0x0800070e       0x46 ./Core/Src/SEGGER_RTT.o
 .text.SEGGER_RTT_WriteNoLock
                0x08000754       0xa0 ./Core/Src/SEGGER_RTT.o
                0x08000754                SEGGER_RTT_WriteNoLock
 .text.SEGGER_RTT_Write
                0x080007f4       0x4c ./Core/Src/SEGGER_RTT.o
                0x080007f4                SEGGER_RTT_Write
 .text.SEGGER_RTT_ConfigUpBuffer
                0x08000840       0x94 ./Core/Src/SEGGER_RTT.o
                0x08000840                SEGGER_RTT_ConfigUpBuffer
 .text._StoreChar
                0x080008d4       0x7c ./Core/Src/SEGGER_RTT_printf.o
 .text._PrintUnsigned
                0x08000950      0x158 ./Core/Src/SEGGER_RTT_printf.o
 .text._PrintInt
                0x08000aa8      0x14e ./Core/Src/SEGGER_RTT_printf.o
 *fill*         0x08000bf6        0x2 
 .text.SEGGER_RTT_vprintf
                0x08000bf8      0x3a8 ./Core/Src/SEGGER_RTT_printf.o
                0x08000bf8                SEGGER_RTT_vprintf
 .text.SEGGER_RTT_printf
                0x08000fa0       0x30 ./Core/Src/SEGGER_RTT_printf.o
                0x08000fa0                SEGGER_RTT_printf
 .text.BSP_SD_IsDetected
                0x08000fd0       0x10 ./Core/Src/main.o
                0x08000fd0                BSP_SD_IsDetected
 .text.main     0x08000fe0      0x2e0 ./Core/Src/main.o
                0x08000fe0                main
 .text.SystemClock_Config
                0x080012c0       0xd0 ./Core/Src/main.o
                0x080012c0                SystemClock_Config
 .text.MX_SDIO_SD_Init
                0x08001390       0x68 ./Core/Src/main.o
 .text.MX_SPI4_Init
                0x080013f8       0x6c ./Core/Src/main.o
 .text.MX_DMA_Init
                0x08001464       0x40 ./Core/Src/main.o
 .text.MX_GPIO_Init
                0x080014a4      0x124 ./Core/Src/main.o
 .text.Error_Handler
                0x080015c8        0xc ./Core/Src/main.o
                0x080015c8                Error_Handler
 .text.ST7735_Select
                0x080015d4       0x18 ./Core/Src/st7735.o
 .text.ST7735_Unselect
                0x080015ec       0x18 ./Core/Src/st7735.o
                0x080015ec                ST7735_Unselect
 .text.ST7735_Reset
                0x08001604       0x28 ./Core/Src/st7735.o
 .text.ST7735_WriteCommand
                0x0800162c       0x34 ./Core/Src/st7735.o
 .text.ST7735_WriteData
                0x08001660       0x34 ./Core/Src/st7735.o
 .text.ST7735_ExecuteCommandList
                0x08001694       0x92 ./Core/Src/st7735.o
 *fill*         0x08001726        0x2 
 .text.ST7735_Init
                0x08001728       0x34 ./Core/Src/st7735.o
                0x08001728                ST7735_Init
 .text.HAL_MspInit
                0x0800175c       0x50 ./Core/Src/stm32f4xx_hal_msp.o
                0x0800175c                HAL_MspInit
 .text.HAL_SD_MspInit
                0x080017ac       0xd4 ./Core/Src/stm32f4xx_hal_msp.o
                0x080017ac                HAL_SD_MspInit
 .text.HAL_SPI_MspInit
                0x08001880      0x134 ./Core/Src/stm32f4xx_hal_msp.o
                0x08001880                HAL_SPI_MspInit
 .text.NMI_Handler
                0x080019b4        0x8 ./Core/Src/stm32f4xx_it.o
                0x080019b4                NMI_Handler
 .text.HardFault_Handler
                0x080019bc        0x8 ./Core/Src/stm32f4xx_it.o
                0x080019bc                HardFault_Handler
 .text.MemManage_Handler
                0x080019c4        0x8 ./Core/Src/stm32f4xx_it.o
                0x080019c4                MemManage_Handler
 .text.BusFault_Handler
                0x080019cc        0x8 ./Core/Src/stm32f4xx_it.o
                0x080019cc                BusFault_Handler
 .text.UsageFault_Handler
                0x080019d4        0x8 ./Core/Src/stm32f4xx_it.o
                0x080019d4                UsageFault_Handler
 .text.SVC_Handler
                0x080019dc        0xe ./Core/Src/stm32f4xx_it.o
                0x080019dc                SVC_Handler
 .text.DebugMon_Handler
                0x080019ea        0xe ./Core/Src/stm32f4xx_it.o
                0x080019ea                DebugMon_Handler
 .text.PendSV_Handler
                0x080019f8        0xe ./Core/Src/stm32f4xx_it.o
                0x080019f8                PendSV_Handler
 .text.SysTick_Handler
                0x08001a06        0xc ./Core/Src/stm32f4xx_it.o
                0x08001a06                SysTick_Handler
 *fill*         0x08001a12        0x2 
 .text.DMA2_Stream1_IRQHandler
                0x08001a14       0x14 ./Core/Src/stm32f4xx_it.o
                0x08001a14                DMA2_Stream1_IRQHandler
 .text.OTG_FS_IRQHandler
                0x08001a28       0x14 ./Core/Src/stm32f4xx_it.o
                0x08001a28                OTG_FS_IRQHandler
 .text.SystemInit
                0x08001a3c       0x24 ./Core/Src/system_stm32f4xx.o
                0x08001a3c                SystemInit
 .text.Reset_Handler
                0x08001a60       0x50 ./Core/Startup/startup_stm32f411ceux.o
                0x08001a60                Reset_Handler
 .text.Default_Handler
                0x08001ab0        0x2 ./Core/Startup/startup_stm32f411ceux.o
                0x08001ab0                DMA1_Stream3_IRQHandler
                0x08001ab0                EXTI2_IRQHandler
                0x08001ab0                SPI4_IRQHandler
                0x08001ab0                TIM1_CC_IRQHandler
                0x08001ab0                DMA2_Stream5_IRQHandler
                0x08001ab0                DMA1_Stream5_IRQHandler
                0x08001ab0                PVD_IRQHandler
                0x08001ab0                SDIO_IRQHandler
                0x08001ab0                TAMP_STAMP_IRQHandler
                0x08001ab0                EXTI3_IRQHandler
                0x08001ab0                TIM1_UP_TIM10_IRQHandler
                0x08001ab0                I2C3_ER_IRQHandler
                0x08001ab0                EXTI0_IRQHandler
                0x08001ab0                I2C2_EV_IRQHandler
                0x08001ab0                DMA1_Stream2_IRQHandler
                0x08001ab0                FPU_IRQHandler
                0x08001ab0                DMA2_Stream2_IRQHandler
                0x08001ab0                SPI1_IRQHandler
                0x08001ab0                TIM1_BRK_TIM9_IRQHandler
                0x08001ab0                DMA2_Stream3_IRQHandler
                0x08001ab0                USART6_IRQHandler
                0x08001ab0                DMA2_Stream0_IRQHandler
                0x08001ab0                TIM4_IRQHandler
                0x08001ab0                I2C1_EV_IRQHandler
                0x08001ab0                DMA1_Stream6_IRQHandler
                0x08001ab0                DMA1_Stream1_IRQHandler
                0x08001ab0                TIM3_IRQHandler
                0x08001ab0                RCC_IRQHandler
                0x08001ab0                Default_Handler
                0x08001ab0                EXTI15_10_IRQHandler
                0x08001ab0                ADC_IRQHandler
                0x08001ab0                DMA1_Stream7_IRQHandler
                0x08001ab0                SPI5_IRQHandler
                0x08001ab0                TIM5_IRQHandler
                0x08001ab0                DMA2_Stream7_IRQHandler
                0x08001ab0                I2C3_EV_IRQHandler
                0x08001ab0                EXTI9_5_IRQHandler
                0x08001ab0                RTC_WKUP_IRQHandler
                0x08001ab0                SPI2_IRQHandler
                0x08001ab0                DMA1_Stream0_IRQHandler
                0x08001ab0                EXTI4_IRQHandler
                0x08001ab0                WWDG_IRQHandler
                0x08001ab0                TIM2_IRQHandler
                0x08001ab0                OTG_FS_WKUP_IRQHandler
                0x08001ab0                TIM1_TRG_COM_TIM11_IRQHandler
                0x08001ab0                EXTI1_IRQHandler
                0x08001ab0                USART2_IRQHandler
                0x08001ab0                I2C2_ER_IRQHandler
                0x08001ab0                FLASH_IRQHandler
                0x08001ab0                DMA2_Stream4_IRQHandler
                0x08001ab0                USART1_IRQHandler
                0x08001ab0                SPI3_IRQHandler
                0x08001ab0                DMA1_Stream4_IRQHandler
                0x08001ab0                I2C1_ER_IRQHandler
                0x08001ab0                DMA2_Stream6_IRQHandler
                0x08001ab0                RTC_Alarm_IRQHandler
 *fill*         0x08001ab2        0x2 
 .text.HAL_Init
                0x08001ab4       0x44 ./Drivers/STM32F4xx_HAL_Driver/Src/stm32f4xx_hal.o
                0x08001ab4                HAL_Init
 .text.HAL_InitTick
                0x08001af8       0x60 ./Drivers/STM32F4xx_HAL_Driver/Src/stm32f4xx_hal.o
                0x08001af8                HAL_InitTick
 .text.HAL_IncTick
                0x08001b58       0x28 ./Drivers/STM32F4xx_HAL_Driver/Src/stm32f4xx_hal.o
                0x08001b58                HAL_IncTick
 .text.HAL_GetTick
                0x08001b80       0x18 ./Drivers/STM32F4xx_HAL_Driver/Src/stm32f4xx_hal.o
                0x08001b80                HAL_GetTick
 .text.HAL_Delay
                0x08001b98       0x48 ./Drivers/STM32F4xx_HAL_Driver/Src/stm32f4xx_hal.o
                0x08001b98                HAL_Delay
 .text.__NVIC_SetPriorityGrouping
                0x08001be0       0x48 ./Drivers/STM32F4xx_HAL_Driver/Src/stm32f4xx_hal_cortex.o
 .text.__NVIC_GetPriorityGrouping
                0x08001c28       0x1c ./Drivers/STM32F4xx_HAL_Driver/Src/stm32f4xx_hal_cortex.o
 .text.__NVIC_EnableIRQ
                0x08001c44       0x3c ./Drivers/STM32F4xx_HAL_Driver/Src/stm32f4xx_hal_cortex.o
 .text.__NVIC_SetPriority
                0x08001c80       0x54 ./Drivers/STM32F4xx_HAL_Driver/Src/stm32f4xx_hal_cortex.o
 .text.NVIC_EncodePriority
                0x08001cd4       0x66 ./Drivers/STM32F4xx_HAL_Driver/Src/stm32f4xx_hal_cortex.o
 *fill*         0x08001d3a        0x2 
 .text.SysTick_Config
                0x08001d3c       0x44 ./Drivers/STM32F4xx_HAL_Driver/Src/stm32f4xx_hal_cortex.o
 .text.HAL_NVIC_SetPriorityGrouping
                0x08001d80       0x16 ./Drivers/STM32F4xx_HAL_Driver/Src/stm32f4xx_hal_cortex.o
                0x08001d80                HAL_NVIC_SetPriorityGrouping
 .text.HAL_NVIC_SetPriority
                0x08001d96       0x38 ./Drivers/STM32F4xx_HAL_Driver/Src/stm32f4xx_hal_cortex.o
                0x08001d96                HAL_NVIC_SetPriority
 .text.HAL_NVIC_EnableIRQ
                0x08001dce       0x1c ./Drivers/STM32F4xx_HAL_Driver/Src/stm32f4xx_hal_cortex.o
                0x08001dce                HAL_NVIC_EnableIRQ
 .text.HAL_SYSTICK_Config
                0x08001dea       0x18 ./Drivers/STM32F4xx_HAL_Driver/Src/stm32f4xx_hal_cortex.o
                0x08001dea                HAL_SYSTICK_Config
 *fill*         0x08001e02        0x2 
 .text.HAL_DMA_Init
                0x08001e04      0x15c ./Drivers/STM32F4xx_HAL_Driver/Src/stm32f4xx_hal_dma.o
                0x08001e04                HAL_DMA_Init
 .text.HAL_DMA_IRQHandler
                0x08001f60      0x314 ./Drivers/STM32F4xx_HAL_Driver/Src/stm32f4xx_hal_dma.o
                0x08001f60                HAL_DMA_IRQHandler
 .text.DMA_CalcBaseAndBitshift
                0x08002274       0x6c ./Drivers/STM32F4xx_HAL_Driver/Src/stm32f4xx_hal_dma.o
 .text.DMA_CheckFifoParam
                0x080022e0       0xf8 ./Drivers/STM32F4xx_HAL_Driver/Src/stm32f4xx_hal_dma.o
 .text.HAL_GPIO_Init
                0x080023d8      0x308 ./Drivers/STM32F4xx_HAL_Driver/Src/stm32f4xx_hal_gpio.o
                0x080023d8                HAL_GPIO_Init
 .text.HAL_GPIO_WritePin
                0x080026e0       0x32 ./Drivers/STM32F4xx_HAL_Driver/Src/stm32f4xx_hal_gpio.o
                0x080026e0                HAL_GPIO_WritePin
 .text.HAL_PCD_Init
                0x08002712      0x21e ./Drivers/STM32F4xx_HAL_Driver/Src/stm32f4xx_hal_pcd.o
                0x08002712                HAL_PCD_Init
 .text.HAL_PCD_Start
                0x08002930       0x6a ./Drivers/STM32F4xx_HAL_Driver/Src/stm32f4xx_hal_pcd.o
                0x08002930                HAL_PCD_Start
 .text.HAL_PCD_IRQHandler
                0x0800299a      0x942 ./Drivers/STM32F4xx_HAL_Driver/Src/stm32f4xx_hal_pcd.o
                0x0800299a                HAL_PCD_IRQHandler
 .text.HAL_PCD_SetAddress
                0x080032dc       0x48 ./Drivers/STM32F4xx_HAL_Driver/Src/stm32f4xx_hal_pcd.o
                0x080032dc                HAL_PCD_SetAddress
 .text.HAL_PCD_EP_Open
                0x08003324       0xd4 ./Drivers/STM32F4xx_HAL_Driver/Src/stm32f4xx_hal_pcd.o
                0x08003324                HAL_PCD_EP_Open
 .text.HAL_PCD_EP_Close
                0x080033f8       0x94 ./Drivers/STM32F4xx_HAL_Driver/Src/stm32f4xx_hal_pcd.o
                0x080033f8                HAL_PCD_EP_Close
 .text.HAL_PCD_EP_Receive
                0x0800348c       0x76 ./Drivers/STM32F4xx_HAL_Driver/Src/stm32f4xx_hal_pcd.o
                0x0800348c                HAL_PCD_EP_Receive
 .text.HAL_PCD_EP_GetRxCount
                0x08003502       0x30 ./Drivers/STM32F4xx_HAL_Driver/Src/stm32f4xx_hal_pcd.o
                0x08003502                HAL_PCD_EP_GetRxCount
 .text.HAL_PCD_EP_Transmit
                0x08003532       0x74 ./Drivers/STM32F4xx_HAL_Driver/Src/stm32f4xx_hal_pcd.o
                0x08003532                HAL_PCD_EP_Transmit
 .text.HAL_PCD_EP_SetStall
                0x080035a6       0xc6 ./Drivers/STM32F4xx_HAL_Driver/Src/stm32f4xx_hal_pcd.o
                0x080035a6                HAL_PCD_EP_SetStall
 .text.HAL_PCD_EP_ClrStall
                0x0800366c       0xac ./Drivers/STM32F4xx_HAL_Driver/Src/stm32f4xx_hal_pcd.o
                0x0800366c                HAL_PCD_EP_ClrStall
 .text.HAL_PCD_EP_Abort
                0x08003718       0x62 ./Drivers/STM32F4xx_HAL_Driver/Src/stm32f4xx_hal_pcd.o
                0x08003718                HAL_PCD_EP_Abort
 .text.HAL_PCD_EP_Flush
                0x0800377a       0x5a ./Drivers/STM32F4xx_HAL_Driver/Src/stm32f4xx_hal_pcd.o
                0x0800377a                HAL_PCD_EP_Flush
 .text.PCD_WriteEmptyTxFifo
                0x080037d4      0x118 ./Drivers/STM32F4xx_HAL_Driver/Src/stm32f4xx_hal_pcd.o
 .text.PCD_EP_OutXfrComplete_int
                0x080038ec      0x1d0 ./Drivers/STM32F4xx_HAL_Driver/Src/stm32f4xx_hal_pcd.o
 .text.PCD_EP_OutSetupPacket_int
                0x08003abc       0x8c ./Drivers/STM32F4xx_HAL_Driver/Src/stm32f4xx_hal_pcd.o
 .text.HAL_PCDEx_SetTxFiFo
                0x08003b48       0x8e ./Drivers/STM32F4xx_HAL_Driver/Src/stm32f4xx_hal_pcd_ex.o
                0x08003b48                HAL_PCDEx_SetTxFiFo
 .text.HAL_PCDEx_SetRxFiFo
                0x08003bd6       0x22 ./Drivers/STM32F4xx_HAL_Driver/Src/stm32f4xx_hal_pcd_ex.o
                0x08003bd6                HAL_PCDEx_SetRxFiFo
 .text.HAL_PCDEx_LPM_Callback
                0x08003bf8       0x18 ./Drivers/STM32F4xx_HAL_Driver/Src/stm32f4xx_hal_pcd_ex.o
                0x08003bf8                HAL_PCDEx_LPM_Callback
 .text.HAL_RCC_OscConfig
                0x08003c10      0x4f0 ./Drivers/STM32F4xx_HAL_Driver/Src/stm32f4xx_hal_rcc.o
                0x08003c10                HAL_RCC_OscConfig
 .text.HAL_RCC_ClockConfig
                0x08004100      0x1cc ./Drivers/STM32F4xx_HAL_Driver/Src/stm32f4xx_hal_rcc.o
                0x08004100                HAL_RCC_ClockConfig
 .text.HAL_RCC_GetSysClockFreq
                0x080042cc      0x18c ./Drivers/STM32F4xx_HAL_Driver/Src/stm32f4xx_hal_rcc.o
                0x080042cc                HAL_RCC_GetSysClockFreq
 .text.HAL_RCC_GetHCLKFreq
                0x08004458       0x18 ./Drivers/STM32F4xx_HAL_Driver/Src/stm32f4xx_hal_rcc.o
                0x08004458                HAL_RCC_GetHCLKFreq
 .text.HAL_SD_Init
                0x08004470       0x60 ./Drivers/STM32F4xx_HAL_Driver/Src/stm32f4xx_hal_sd.o
                0x08004470                HAL_SD_Init
 .text.HAL_SD_InitCard
                0x080044d0       0xf0 ./Drivers/STM32F4xx_HAL_Driver/Src/stm32f4xx_hal_sd.o
                0x080044d0                HAL_SD_InitCard
 .text.HAL_SD_ReadBlocks
                0x080045c0      0x3cc ./Drivers/STM32F4xx_HAL_Driver/Src/stm32f4xx_hal_sd.o
                0x080045c0                HAL_SD_ReadBlocks
 .text.HAL_SD_WriteBlocks
                0x0800498c      0x31c ./Drivers/STM32F4xx_HAL_Driver/Src/stm32f4xx_hal_sd.o
                0x0800498c                HAL_SD_WriteBlocks
 .text.HAL_SD_GetCardCSD
                0x08004ca8      0x348 ./Drivers/STM32F4xx_HAL_Driver/Src/stm32f4xx_hal_sd.o
                0x08004ca8                HAL_SD_GetCardCSD
 .text.HAL_SD_GetCardInfo
                0x08004ff0       0x58 ./Drivers/STM32F4xx_HAL_Driver/Src/stm32f4xx_hal_sd.o
                0x08004ff0                HAL_SD_GetCardInfo
 .text.HAL_SD_ConfigWideBusOperation
                0x08005048      0x134 ./Drivers/STM32F4xx_HAL_Driver/Src/stm32f4xx_hal_sd.o
                0x08005048                HAL_SD_ConfigWideBusOperation
 .text.HAL_SD_GetCardState
                0x0800517c       0x40 ./Drivers/STM32F4xx_HAL_Driver/Src/stm32f4xx_hal_sd.o
                0x0800517c                HAL_SD_GetCardState
 .text.SD_InitCard
                0x080051bc      0x19c ./Drivers/STM32F4xx_HAL_Driver/Src/stm32f4xx_hal_sd.o
 .text.SD_PowerON
                0x08005358      0x11c ./Drivers/STM32F4xx_HAL_Driver/Src/stm32f4xx_hal_sd.o
 .text.SD_SendStatus
                0x08005474       0x50 ./Drivers/STM32F4xx_HAL_Driver/Src/stm32f4xx_hal_sd.o
 .text.SD_WideBus_Enable
                0x080054c4       0x96 ./Drivers/STM32F4xx_HAL_Driver/Src/stm32f4xx_hal_sd.o
 .text.SD_WideBus_Disable
                0x0800555a       0x96 ./Drivers/STM32F4xx_HAL_Driver/Src/stm32f4xx_hal_sd.o
 .text.SD_FindSCR
                0x080055f0      0x1b4 ./Drivers/STM32F4xx_HAL_Driver/Src/stm32f4xx_hal_sd.o
 .text.HAL_SPI_Init
                0x080057a4      0x112 ./Drivers/STM32F4xx_HAL_Driver/Src/stm32f4xx_hal_spi.o
                0x080057a4                HAL_SPI_Init
 .text.HAL_SPI_Transmit
                0x080058b6      0x288 ./Drivers/STM32F4xx_HAL_Driver/Src/stm32f4xx_hal_spi.o
                0x080058b6                HAL_SPI_Transmit
 *fill*         0x08005b3e        0x2 
 .text.SPI_WaitFlagStateUntilTimeout
                0x08005b40      0x110 ./Drivers/STM32F4xx_HAL_Driver/Src/stm32f4xx_hal_spi.o
 .text.SPI_EndRxTxTransaction
                0x08005c50       0xa8 ./Drivers/STM32F4xx_HAL_Driver/Src/stm32f4xx_hal_spi.o
 .text.SDIO_Init
                0x08005cf8       0x56 ./Drivers/STM32F4xx_HAL_Driver/Src/stm32f4xx_ll_sdmmc.o
                0x08005cf8                SDIO_Init
 .text.SDIO_ReadFIFO
                0x08005d4e       0x1a ./Drivers/STM32F4xx_HAL_Driver/Src/stm32f4xx_ll_sdmmc.o
                0x08005d4e                SDIO_ReadFIFO
 .text.SDIO_WriteFIFO
                0x08005d68       0x22 ./Drivers/STM32F4xx_HAL_Driver/Src/stm32f4xx_ll_sdmmc.o
                0x08005d68                SDIO_WriteFIFO
 .text.SDIO_PowerState_ON
                0x08005d8a       0x1c ./Drivers/STM32F4xx_HAL_Driver/Src/stm32f4xx_ll_sdmmc.o
                0x08005d8a                SDIO_PowerState_ON
 .text.SDIO_GetPowerState
                0x08005da6       0x1c ./Drivers/STM32F4xx_HAL_Driver/Src/stm32f4xx_ll_sdmmc.o
                0x08005da6                SDIO_GetPowerState
 .text.SDIO_SendCommand
                0x08005dc2       0x54 ./Drivers/STM32F4xx_HAL_Driver/Src/stm32f4xx_ll_sdmmc.o
                0x08005dc2                SDIO_SendCommand
 .text.SDIO_GetCommandResponse
                0x08005e16       0x1a ./Drivers/STM32F4xx_HAL_Driver/Src/stm32f4xx_ll_sdmmc.o
                0x08005e16                SDIO_GetCommandResponse
 .text.SDIO_GetResponse
                0x08005e30       0x26 ./Drivers/STM32F4xx_HAL_Driver/Src/stm32f4xx_ll_sdmmc.o
                0x08005e30                SDIO_GetResponse
 .text.SDIO_ConfigData
                0x08005e56       0x58 ./Drivers/STM32F4xx_HAL_Driver/Src/stm32f4xx_ll_sdmmc.o
                0x08005e56                SDIO_ConfigData
 .text.SDMMC_CmdBlockLength
                0x08005eae       0x44 ./Drivers/STM32F4xx_HAL_Driver/Src/stm32f4xx_ll_sdmmc.o
                0x08005eae                SDMMC_CmdBlockLength
 .text.SDMMC_CmdReadSingleBlock
                0x08005ef2       0x44 ./Drivers/STM32F4xx_HAL_Driver/Src/stm32f4xx_ll_sdmmc.o
                0x08005ef2                SDMMC_CmdReadSingleBlock
 .text.SDMMC_CmdReadMultiBlock
                0x08005f36       0x44 ./Drivers/STM32F4xx_HAL_Driver/Src/stm32f4xx_ll_sdmmc.o
                0x08005f36                SDMMC_CmdReadMultiBlock
 .text.SDMMC_CmdWriteSingleBlock
                0x08005f7a       0x44 ./Drivers/STM32F4xx_HAL_Driver/Src/stm32f4xx_ll_sdmmc.o
                0x08005f7a                SDMMC_CmdWriteSingleBlock
 .text.SDMMC_CmdWriteMultiBlock
                0x08005fbe       0x44 ./Drivers/STM32F4xx_HAL_Driver/Src/stm32f4xx_ll_sdmmc.o
                0x08005fbe                SDMMC_CmdWriteMultiBlock
 *fill*         0x08006002        0x2 
 .text.SDMMC_CmdStopTransfer
                0x08006004       0x44 ./Drivers/STM32F4xx_HAL_Driver/Src/stm32f4xx_ll_sdmmc.o
                0x08006004                SDMMC_CmdStopTransfer
 .text.SDMMC_CmdSelDesel
                0x08006048       0x46 ./Drivers/STM32F4xx_HAL_Driver/Src/stm32f4xx_ll_sdmmc.o
                0x08006048                SDMMC_CmdSelDesel
 .text.SDMMC_CmdGoIdleState
                0x0800608e       0x3c ./Drivers/STM32F4xx_HAL_Driver/Src/stm32f4xx_ll_sdmmc.o
                0x0800608e                SDMMC_CmdGoIdleState
 .text.SDMMC_CmdOperCond
                0x080060ca       0x3e ./Drivers/STM32F4xx_HAL_Driver/Src/stm32f4xx_ll_sdmmc.o
                0x080060ca                SDMMC_CmdOperCond
 .text.SDMMC_CmdAppCommand
                0x08006108       0x44 ./Drivers/STM32F4xx_HAL_Driver/Src/stm32f4xx_ll_sdmmc.o
                0x08006108                SDMMC_CmdAppCommand
 .text.SDMMC_CmdAppOperCommand
                0x0800614c       0x46 ./Drivers/STM32F4xx_HAL_Driver/Src/stm32f4xx_ll_sdmmc.o
                0x0800614c                SDMMC_CmdAppOperCommand
 .text.SDMMC_CmdBusWidth
                0x08006192       0x44 ./Drivers/STM32F4xx_HAL_Driver/Src/stm32f4xx_ll_sdmmc.o
                0x08006192                SDMMC_CmdBusWidth
 .text.SDMMC_CmdSendSCR
                0x080061d6       0x42 ./Drivers/STM32F4xx_HAL_Driver/Src/stm32f4xx_ll_sdmmc.o
                0x080061d6                SDMMC_CmdSendSCR
 .text.SDMMC_CmdSendCID
                0x08006218       0x3c ./Drivers/STM32F4xx_HAL_Driver/Src/stm32f4xx_ll_sdmmc.o
                0x08006218                SDMMC_CmdSendCID
 .text.SDMMC_CmdSendCSD
                0x08006254       0x3e ./Drivers/STM32F4xx_HAL_Driver/Src/stm32f4xx_ll_sdmmc.o
                0x08006254                SDMMC_CmdSendCSD
 .text.SDMMC_CmdSetRelAdd
                0x08006292       0x42 ./Drivers/STM32F4xx_HAL_Driver/Src/stm32f4xx_ll_sdmmc.o
                0x08006292                SDMMC_CmdSetRelAdd
 .text.SDMMC_CmdSendStatus
                0x080062d4       0x44 ./Drivers/STM32F4xx_HAL_Driver/Src/stm32f4xx_ll_sdmmc.o
                0x080062d4                SDMMC_CmdSendStatus
 .text.SDMMC_GetCmdResp1
                0x08006318      0x1dc ./Drivers/STM32F4xx_HAL_Driver/Src/stm32f4xx_ll_sdmmc.o
                0x08006318                SDMMC_GetCmdResp1
 .text.SDMMC_GetCmdResp2
                0x080064f4       0x90 ./Drivers/STM32F4xx_HAL_Driver/Src/stm32f4xx_ll_sdmmc.o
                0x080064f4                SDMMC_GetCmdResp2
 .text.SDMMC_GetCmdResp3
                0x08006584       0x7c ./Drivers/STM32F4xx_HAL_Driver/Src/stm32f4xx_ll_sdmmc.o
                0x08006584                SDMMC_GetCmdResp3
 .text.SDMMC_GetCmdResp6
                0x08006600       0xec ./Drivers/STM32F4xx_HAL_Driver/Src/stm32f4xx_ll_sdmmc.o
                0x08006600                SDMMC_GetCmdResp6
 .text.SDMMC_GetCmdResp7
                0x080066ec       0x9c ./Drivers/STM32F4xx_HAL_Driver/Src/stm32f4xx_ll_sdmmc.o
                0x080066ec                SDMMC_GetCmdResp7
 .text.SDMMC_GetCmdError
                0x08006788       0x58 ./Drivers/STM32F4xx_HAL_Driver/Src/stm32f4xx_ll_sdmmc.o
 .text.USB_CoreInit
                0x080067e0       0xc8 ./Drivers/STM32F4xx_HAL_Driver/Src/stm32f4xx_ll_usb.o
                0x080067e0                USB_CoreInit
 .text.USB_SetTurnaroundTime
                0x080068a8      0x144 ./Drivers/STM32F4xx_HAL_Driver/Src/stm32f4xx_ll_usb.o
                0x080068a8                USB_SetTurnaroundTime
 .text.USB_EnableGlobalInt
                0x080069ec       0x22 ./Drivers/STM32F4xx_HAL_Driver/Src/stm32f4xx_ll_usb.o
                0x080069ec                USB_EnableGlobalInt
 .text.USB_DisableGlobalInt
                0x08006a0e       0x22 ./Drivers/STM32F4xx_HAL_Driver/Src/stm32f4xx_ll_usb.o
                0x08006a0e                USB_DisableGlobalInt
 .text.USB_SetCurrentMode
                0x08006a30       0x98 ./Drivers/STM32F4xx_HAL_Driver/Src/stm32f4xx_ll_usb.o
                0x08006a30                USB_SetCurrentMode
 .text.USB_DevInit
                0x08006ac8      0x2c8 ./Drivers/STM32F4xx_HAL_Driver/Src/stm32f4xx_ll_usb.o
                0x08006ac8                USB_DevInit
 .text.USB_FlushTxFifo
                0x08006d90       0x64 ./Drivers/STM32F4xx_HAL_Driver/Src/stm32f4xx_ll_usb.o
                0x08006d90                USB_FlushTxFifo
 .text.USB_FlushRxFifo
                0x08006df4       0x5c ./Drivers/STM32F4xx_HAL_Driver/Src/stm32f4xx_ll_usb.o
                0x08006df4                USB_FlushRxFifo
 .text.USB_SetDevSpeed
                0x08006e50       0x32 ./Drivers/STM32F4xx_HAL_Driver/Src/stm32f4xx_ll_usb.o
                0x08006e50                USB_SetDevSpeed
 .text.USB_GetDevSpeed
                0x08006e82       0x4a ./Drivers/STM32F4xx_HAL_Driver/Src/stm32f4xx_ll_usb.o
                0x08006e82                USB_GetDevSpeed
 .text.USB_ActivateEndpoint
                0x08006ecc      0x10e ./Drivers/STM32F4xx_HAL_Driver/Src/stm32f4xx_ll_usb.o
                0x08006ecc                USB_ActivateEndpoint
 *fill*         0x08006fda        0x2 
 .text.USB_DeactivateEndpoint
                0x08006fdc      0x1b8 ./Drivers/STM32F4xx_HAL_Driver/Src/stm32f4xx_ll_usb.o
                0x08006fdc                USB_DeactivateEndpoint
 .text.USB_EPStartXfer
                0x08007194      0x53c ./Drivers/STM32F4xx_HAL_Driver/Src/stm32f4xx_ll_usb.o
                0x08007194                USB_EPStartXfer
 .text.USB_EPStopXfer
                0x080076d0      0x154 ./Drivers/STM32F4xx_HAL_Driver/Src/stm32f4xx_ll_usb.o
                0x080076d0                USB_EPStopXfer
 .text.USB_WritePacket
                0x08007824       0x7c ./Drivers/STM32F4xx_HAL_Driver/Src/stm32f4xx_ll_usb.o
                0x08007824                USB_WritePacket
 .text.USB_ReadPacket
                0x080078a0       0xb0 ./Drivers/STM32F4xx_HAL_Driver/Src/stm32f4xx_ll_usb.o
                0x080078a0                USB_ReadPacket
 .text.USB_EPSetStall
                0x08007950       0xdc ./Drivers/STM32F4xx_HAL_Driver/Src/stm32f4xx_ll_usb.o
                0x08007950                USB_EPSetStall
 .text.USB_EPClearStall
                0x08007a2c       0xcc ./Drivers/STM32F4xx_HAL_Driver/Src/stm32f4xx_ll_usb.o
                0x08007a2c                USB_EPClearStall
 .text.USB_SetDevAddress
                0x08007af8       0x4c ./Drivers/STM32F4xx_HAL_Driver/Src/stm32f4xx_ll_usb.o
                0x08007af8                USB_SetDevAddress
 .text.USB_DevConnect
                0x08007b44       0x42 ./Drivers/STM32F4xx_HAL_Driver/Src/stm32f4xx_ll_usb.o
                0x08007b44                USB_DevConnect
 .text.USB_DevDisconnect
                0x08007b86       0x42 ./Drivers/STM32F4xx_HAL_Driver/Src/stm32f4xx_ll_usb.o
                0x08007b86                USB_DevDisconnect
 .text.USB_ReadInterrupts
                0x08007bc8       0x26 ./Drivers/STM32F4xx_HAL_Driver/Src/stm32f4xx_ll_usb.o
                0x08007bc8                USB_ReadInterrupts
 .text.USB_ReadDevAllOutEpInterrupt
                0x08007bee       0x34 ./Drivers/STM32F4xx_HAL_Driver/Src/stm32f4xx_ll_usb.o
                0x08007bee                USB_ReadDevAllOutEpInterrupt
 .text.USB_ReadDevAllInEpInterrupt
                0x08007c22       0x34 ./Drivers/STM32F4xx_HAL_Driver/Src/stm32f4xx_ll_usb.o
                0x08007c22                USB_ReadDevAllInEpInterrupt
 .text.USB_ReadDevOutEPInterrupt
                0x08007c56       0x3c ./Drivers/STM32F4xx_HAL_Driver/Src/stm32f4xx_ll_usb.o
                0x08007c56                USB_ReadDevOutEPInterrupt
 .text.USB_ReadDevInEPInterrupt
                0x08007c92       0x5c ./Drivers/STM32F4xx_HAL_Driver/Src/stm32f4xx_ll_usb.o
                0x08007c92                USB_ReadDevInEPInterrupt
 .text.USB_GetMode
                0x08007cee       0x1c ./Drivers/STM32F4xx_HAL_Driver/Src/stm32f4xx_ll_usb.o
                0x08007cee                USB_GetMode
 .text.USB_ActivateSetup
                0x08007d0a       0x46 ./Drivers/STM32F4xx_HAL_Driver/Src/stm32f4xx_ll_usb.o
                0x08007d0a                USB_ActivateSetup
 .text.USB_EP0_OutStart
                0x08007d50       0xbc ./Drivers/STM32F4xx_HAL_Driver/Src/stm32f4xx_ll_usb.o
                0x08007d50                USB_EP0_OutStart
 .text.USB_CoreReset
                0x08007e0c       0x70 ./Drivers/STM32F4xx_HAL_Driver/Src/stm32f4xx_ll_usb.o
 .text.MX_FATFS_Init
                0x08007e7c       0x24 ./FATFS/App/fatfs.o
                0x08007e7c                MX_FATFS_Init
 .text.get_fattime
                0x08007ea0       0x10 ./FATFS/App/fatfs.o
                0x08007ea0                get_fattime
 .text.BSP_SD_Init
                0x08007eb0       0x4c ./FATFS/Target/bsp_driver_sd.o
                0x08007eb0                BSP_SD_Init
 .text.BSP_SD_ReadBlocks
                0x08007efc       0x3c ./FATFS/Target/bsp_driver_sd.o
                0x08007efc                BSP_SD_ReadBlocks
 .text.BSP_SD_WriteBlocks
                0x08007f38       0x3c ./FATFS/Target/bsp_driver_sd.o
                0x08007f38                BSP_SD_WriteBlocks
 .text.BSP_SD_GetCardState
                0x08007f74       0x20 ./FATFS/Target/bsp_driver_sd.o
                0x08007f74                BSP_SD_GetCardState
 .text.BSP_SD_GetCardInfo
                0x08007f94       0x1c ./FATFS/Target/bsp_driver_sd.o
                0x08007f94                BSP_SD_GetCardInfo
 .text.SD_CheckStatus
                0x08007fb0       0x3c ./FATFS/Target/sd_diskio.o
 .text.SD_initialize
                0x08007fec       0x3c ./FATFS/Target/sd_diskio.o
                0x08007fec                SD_initialize
 .text.SD_status
                0x08008028       0x1c ./FATFS/Target/sd_diskio.o
                0x08008028                SD_status
 .text.SD_read  0x08008044       0x42 ./FATFS/Target/sd_diskio.o
                0x08008044                SD_read
 .text.SD_write
                0x08008086       0x42 ./FATFS/Target/sd_diskio.o
                0x08008086                SD_write
 .text.SD_ioctl
                0x080080c8       0xb0 ./FATFS/Target/sd_diskio.o
                0x080080c8                SD_ioctl
 .text.USBD_MSC_Init
                0x08008178      0x120 ./Middlewares/ST/STM32_USB_Device_Library/Class/MSC/Src/usbd_msc.o
                0x08008178                USBD_MSC_Init
 .text.USBD_MSC_DeInit
                0x08008298       0xb0 ./Middlewares/ST/STM32_USB_Device_Library/Class/MSC/Src/usbd_msc.o
                0x08008298                USBD_MSC_DeInit
 .text.USBD_MSC_Setup
                0x08008348      0x200 ./Middlewares/ST/STM32_USB_Device_Library/Class/MSC/Src/usbd_msc.o
                0x08008348                USBD_MSC_Setup
 .text.USBD_MSC_DataIn
                0x08008548       0x20 ./Middlewares/ST/STM32_USB_Device_Library/Class/MSC/Src/usbd_msc.o
                0x08008548                USBD_MSC_DataIn
 .text.USBD_MSC_DataOut
                0x08008568       0x20 ./Middlewares/ST/STM32_USB_Device_Library/Class/MSC/Src/usbd_msc.o
                0x08008568                USBD_MSC_DataOut
 .text.USBD_MSC_GetHSCfgDesc
                0x08008588       0x58 ./Middlewares/ST/STM32_USB_Device_Library/Class/MSC/Src/usbd_msc.o
                0x08008588                USBD_MSC_GetHSCfgDesc
 .text.USBD_MSC_GetFSCfgDesc
                0x080085e0       0x58 ./Middlewares/ST/STM32_USB_Device_Library/Class/MSC/Src/usbd_msc.o
                0x080085e0                USBD_MSC_GetFSCfgDesc
 .text.USBD_MSC_GetOtherSpeedCfgDesc
                0x08008638       0x58 ./Middlewares/ST/STM32_USB_Device_Library/Class/MSC/Src/usbd_msc.o
                0x08008638                USBD_MSC_GetOtherSpeedCfgDesc
 .text.USBD_MSC_GetDeviceQualifierDescriptor
                0x08008690       0x20 ./Middlewares/ST/STM32_USB_Device_Library/Class/MSC/Src/usbd_msc.o
                0x08008690                USBD_MSC_GetDeviceQualifierDescriptor
 .text.USBD_MSC_RegisterStorage
                0x080086b0       0x34 ./Middlewares/ST/STM32_USB_Device_Library/Class/MSC/Src/usbd_msc.o
                0x080086b0                USBD_MSC_RegisterStorage
 .text.MSC_BOT_Init
                0x080086e4       0x94 ./Middlewares/ST/STM32_USB_Device_Library/Class/MSC/Src/usbd_msc_bot.o
                0x080086e4                MSC_BOT_Init
 .text.MSC_BOT_Reset
                0x08008778       0x68 ./Middlewares/ST/STM32_USB_Device_Library/Class/MSC/Src/usbd_msc_bot.o
                0x08008778                MSC_BOT_Reset
 .text.MSC_BOT_DeInit
                0x080087e0       0x30 ./Middlewares/ST/STM32_USB_Device_Library/Class/MSC/Src/usbd_msc_bot.o
                0x080087e0                MSC_BOT_DeInit
 .text.MSC_BOT_DataIn
                0x08008810       0x74 ./Middlewares/ST/STM32_USB_Device_Library/Class/MSC/Src/usbd_msc_bot.o
                0x08008810                MSC_BOT_DataIn
 .text.MSC_BOT_DataOut
                0x08008884       0x68 ./Middlewares/ST/STM32_USB_Device_Library/Class/MSC/Src/usbd_msc_bot.o
                0x08008884                MSC_BOT_DataOut
 .text.MSC_BOT_CBW_Decode
                0x080088ec      0x12c ./Middlewares/ST/STM32_USB_Device_Library/Class/MSC/Src/usbd_msc_bot.o
 .text.MSC_BOT_SendData
                0x08008a18       0x6c ./Middlewares/ST/STM32_USB_Device_Library/Class/MSC/Src/usbd_msc_bot.o
 .text.MSC_BOT_SendCSW
                0x08008a84       0x74 ./Middlewares/ST/STM32_USB_Device_Library/Class/MSC/Src/usbd_msc_bot.o
                0x08008a84                MSC_BOT_SendCSW
 .text.MSC_BOT_Abort
                0x08008af8       0x84 ./Middlewares/ST/STM32_USB_Device_Library/Class/MSC/Src/usbd_msc_bot.o
 .text.MSC_BOT_CplClrFeature
                0x08008b7c       0x74 ./Middlewares/ST/STM32_USB_Device_Library/Class/MSC/Src/usbd_msc_bot.o
                0x08008b7c                MSC_BOT_CplClrFeature
 .text.SCSI_ProcessCmd
                0x08008bf0      0x354 ./Middlewares/ST/STM32_USB_Device_Library/Class/MSC/Src/usbd_msc_scsi.o
                0x08008bf0                SCSI_ProcessCmd
 .text.SCSI_TestUnitReady
                0x08008f44       0xb2 ./Middlewares/ST/STM32_USB_Device_Library/Class/MSC/Src/usbd_msc_scsi.o
 *fill*         0x08008ff6        0x2 
 .text.SCSI_Inquiry
                0x08008ff8       0xf8 ./Middlewares/ST/STM32_USB_Device_Library/Class/MSC/Src/usbd_msc_scsi.o
 .text.SCSI_ReadCapacity10
                0x080090f0       0xf4 ./Middlewares/ST/STM32_USB_Device_Library/Class/MSC/Src/usbd_msc_scsi.o
 .text.SCSI_ReadCapacity16
                0x080091e4      0x160 ./Middlewares/ST/STM32_USB_Device_Library/Class/MSC/Src/usbd_msc_scsi.o
 .text.SCSI_ReadFormatCapacity
                0x08009344       0xf6 ./Middlewares/ST/STM32_USB_Device_Library/Class/MSC/Src/usbd_msc_scsi.o
 *fill*         0x0800943a        0x2 
 .text.SCSI_ModeSense6
                0x0800943c       0xa0 ./Middlewares/ST/STM32_USB_Device_Library/Class/MSC/Src/usbd_msc_scsi.o
 .text.SCSI_ModeSense10
                0x080094dc       0x9c ./Middlewares/ST/STM32_USB_Device_Library/Class/MSC/Src/usbd_msc_scsi.o
 .text.SCSI_RequestSense
                0x08009578      0x106 ./Middlewares/ST/STM32_USB_Device_Library/Class/MSC/Src/usbd_msc_scsi.o
 .text.SCSI_SenseCode
                0x0800967e       0x96 ./Middlewares/ST/STM32_USB_Device_Library/Class/MSC/Src/usbd_msc_scsi.o
                0x0800967e                SCSI_SenseCode
 .text.SCSI_StartStopUnit
                0x08009714       0xaa ./Middlewares/ST/STM32_USB_Device_Library/Class/MSC/Src/usbd_msc_scsi.o
 .text.SCSI_AllowPreventRemovable
                0x080097be       0x5a ./Middlewares/ST/STM32_USB_Device_Library/Class/MSC/Src/usbd_msc_scsi.o
 .text.SCSI_Read10
                0x08009818      0x154 ./Middlewares/ST/STM32_USB_Device_Library/Class/MSC/Src/usbd_msc_scsi.o
 .text.SCSI_Read12
                0x0800996c      0x16a ./Middlewares/ST/STM32_USB_Device_Library/Class/MSC/Src/usbd_msc_scsi.o
 *fill*         0x08009ad6        0x2 
 .text.SCSI_Write10
                0x08009ad8      0x1b0 ./Middlewares/ST/STM32_USB_Device_Library/Class/MSC/Src/usbd_msc_scsi.o
 .text.SCSI_Write12
                0x08009c88      0x1d0 ./Middlewares/ST/STM32_USB_Device_Library/Class/MSC/Src/usbd_msc_scsi.o
 .text.SCSI_Verify10
                0x08009e58       0x84 ./Middlewares/ST/STM32_USB_Device_Library/Class/MSC/Src/usbd_msc_scsi.o
 .text.SCSI_ReportLuns
                0x08009edc       0xa8 ./Middlewares/ST/STM32_USB_Device_Library/Class/MSC/Src/usbd_msc_scsi.o
 .text.SCSI_ReceiveDiagnosticResults
                0x08009f84       0x68 ./Middlewares/ST/STM32_USB_Device_Library/Class/MSC/Src/usbd_msc_scsi.o
 .text.SCSI_CheckAddressRange
                0x08009fec       0x64 ./Middlewares/ST/STM32_USB_Device_Library/Class/MSC/Src/usbd_msc_scsi.o
 .text.SCSI_ProcessRead
                0x0800a050      0x104 ./Middlewares/ST/STM32_USB_Device_Library/Class/MSC/Src/usbd_msc_scsi.o
 .text.SCSI_ProcessWrite
                0x0800a154      0x120 ./Middlewares/ST/STM32_USB_Device_Library/Class/MSC/Src/usbd_msc_scsi.o
 .text.SCSI_UpdateBotData
                0x0800a274       0x52 ./Middlewares/ST/STM32_USB_Device_Library/Class/MSC/Src/usbd_msc_scsi.o
 .text.USBD_Init
                0x0800a2c6       0x60 ./Middlewares/ST/STM32_USB_Device_Library/Core/Src/usbd_core.o
                0x0800a2c6                USBD_Init
 .text.USBD_RegisterClass
                0x0800a326       0x6c ./Middlewares/ST/STM32_USB_Device_Library/Core/Src/usbd_core.o
                0x0800a326                USBD_RegisterClass
 .text.USBD_Start
                0x0800a392       0x18 ./Middlewares/ST/STM32_USB_Device_Library/Core/Src/usbd_core.o
                0x0800a392                USBD_Start
 .text.USBD_RunTestMode
                0x0800a3aa       0x16 ./Middlewares/ST/STM32_USB_Device_Library/Core/Src/usbd_core.o
                0x0800a3aa                USBD_RunTestMode
 .text.USBD_SetClassConfig
                0x0800a3c0       0x38 ./Middlewares/ST/STM32_USB_Device_Library/Core/Src/usbd_core.o
                0x0800a3c0                USBD_SetClassConfig
 .text.USBD_ClrClassConfig
                0x0800a3f8       0x34 ./Middlewares/ST/STM32_USB_Device_Library/Core/Src/usbd_core.o
                0x0800a3f8                USBD_ClrClassConfig
 .text.USBD_LL_SetupStage
                0x0800a42c       0xaa ./Middlewares/ST/STM32_USB_Device_Library/Core/Src/usbd_core.o
                0x0800a42c                USBD_LL_SetupStage
 .text.USBD_LL_DataOutStage
                0x0800a4d6      0x178 ./Middlewares/ST/STM32_USB_Device_Library/Core/Src/usbd_core.o
                0x0800a4d6                USBD_LL_DataOutStage
 .text.USBD_LL_DataInStage
                0x0800a64e      0x176 ./Middlewares/ST/STM32_USB_Device_Library/Core/Src/usbd_core.o
                0x0800a64e                USBD_LL_DataInStage
 .text.USBD_LL_Reset
                0x0800a7c4       0xa6 ./Middlewares/ST/STM32_USB_Device_Library/Core/Src/usbd_core.o
                0x0800a7c4                USBD_LL_Reset
 .text.USBD_LL_SetSpeed
                0x0800a86a       0x20 ./Middlewares/ST/STM32_USB_Device_Library/Core/Src/usbd_core.o
                0x0800a86a                USBD_LL_SetSpeed
 .text.USBD_LL_Suspend
                0x0800a88a       0x38 ./Middlewares/ST/STM32_USB_Device_Library/Core/Src/usbd_core.o
                0x0800a88a                USBD_LL_Suspend
 .text.USBD_LL_Resume
                0x0800a8c2       0x30 ./Middlewares/ST/STM32_USB_Device_Library/Core/Src/usbd_core.o
                0x0800a8c2                USBD_LL_Resume
 .text.USBD_LL_SOF
                0x0800a8f2       0x40 ./Middlewares/ST/STM32_USB_Device_Library/Core/Src/usbd_core.o
                0x0800a8f2                USBD_LL_SOF
 .text.USBD_LL_IsoINIncomplete
                0x0800a932       0x64 ./Middlewares/ST/STM32_USB_Device_Library/Core/Src/usbd_core.o
                0x0800a932                USBD_LL_IsoINIncomplete
 .text.USBD_LL_IsoOUTIncomplete
                0x0800a996       0x64 ./Middlewares/ST/STM32_USB_Device_Library/Core/Src/usbd_core.o
                0x0800a996                USBD_LL_IsoOUTIncomplete
 .text.USBD_LL_DevConnected
                0x0800a9fa       0x16 ./Middlewares/ST/STM32_USB_Device_Library/Core/Src/usbd_core.o
                0x0800a9fa                USBD_LL_DevConnected
 .text.USBD_LL_DevDisconnected
                0x0800aa10       0x46 ./Middlewares/ST/STM32_USB_Device_Library/Core/Src/usbd_core.o
                0x0800aa10                USBD_LL_DevDisconnected
 .text.USBD_CoreFindIF
                0x0800aa56       0x1a ./Middlewares/ST/STM32_USB_Device_Library/Core/Src/usbd_core.o
                0x0800aa56                USBD_CoreFindIF
 .text.USBD_CoreFindEP
                0x0800aa70       0x1a ./Middlewares/ST/STM32_USB_Device_Library/Core/Src/usbd_core.o
                0x0800aa70                USBD_CoreFindEP
 .text.USBD_GetEpDesc
                0x0800aa8a       0x70 ./Middlewares/ST/STM32_USB_Device_Library/Core/Src/usbd_core.o
                0x0800aa8a                USBD_GetEpDesc
 .text.USBD_GetNextDesc
                0x0800aafa       0x38 ./Middlewares/ST/STM32_USB_Device_Library/Core/Src/usbd_core.o
                0x0800aafa                USBD_GetNextDesc
 .text.SWAPBYTE
                0x0800ab32       0x3e ./Middlewares/ST/STM32_USB_Device_Library/Core/Src/usbd_ctlreq.o
 .text.USBD_StdDevReq
                0x0800ab70       0xe4 ./Middlewares/ST/STM32_USB_Device_Library/Core/Src/usbd_ctlreq.o
                0x0800ab70                USBD_StdDevReq
 .text.USBD_StdItfReq
                0x0800ac54       0xd8 ./Middlewares/ST/STM32_USB_Device_Library/Core/Src/usbd_ctlreq.o
                0x0800ac54                USBD_StdItfReq
 .text.USBD_StdEPReq
                0x0800ad2c      0x33e ./Middlewares/ST/STM32_USB_Device_Library/Core/Src/usbd_ctlreq.o
                0x0800ad2c                USBD_StdEPReq
 *fill*         0x0800b06a        0x2 
 .text.USBD_GetDescriptor
                0x0800b06c      0x2d4 ./Middlewares/ST/STM32_USB_Device_Library/Core/Src/usbd_ctlreq.o
 .text.USBD_SetAddress
                0x0800b340       0x88 ./Middlewares/ST/STM32_USB_Device_Library/Core/Src/usbd_ctlreq.o
 .text.USBD_SetConfig
                0x0800b3c8      0x154 ./Middlewares/ST/STM32_USB_Device_Library/Core/Src/usbd_ctlreq.o
 .text.USBD_GetConfig
                0x0800b51c       0x6c ./Middlewares/ST/STM32_USB_Device_Library/Core/Src/usbd_ctlreq.o
 .text.USBD_GetStatus
                0x0800b588       0x68 ./Middlewares/ST/STM32_USB_Device_Library/Core/Src/usbd_ctlreq.o
 .text.USBD_SetFeature
                0x0800b5f0       0x52 ./Middlewares/ST/STM32_USB_Device_Library/Core/Src/usbd_ctlreq.o
 .text.USBD_ClrFeature
                0x0800b642       0x44 ./Middlewares/ST/STM32_USB_Device_Library/Core/Src/usbd_ctlreq.o
 .text.USBD_ParseSetupRequest
                0x0800b686       0x74 ./Middlewares/ST/STM32_USB_Device_Library/Core/Src/usbd_ctlreq.o
                0x0800b686                USBD_ParseSetupRequest
 .text.USBD_CtlError
                0x0800b6fa       0x22 ./Middlewares/ST/STM32_USB_Device_Library/Core/Src/usbd_ctlreq.o
                0x0800b6fa                USBD_CtlError
 .text.USBD_GetString
                0x0800b71c       0xa4 ./Middlewares/ST/STM32_USB_Device_Library/Core/Src/usbd_ctlreq.o
                0x0800b71c                USBD_GetString
 .text.USBD_GetLen
                0x0800b7c0       0x34 ./Middlewares/ST/STM32_USB_Device_Library/Core/Src/usbd_ctlreq.o
 .text.USBD_CtlSendData
                0x0800b7f4       0x3c ./Middlewares/ST/STM32_USB_Device_Library/Core/Src/usbd_ioreq.o
                0x0800b7f4                USBD_CtlSendData
 .text.USBD_CtlContinueSendData
                0x0800b830       0x22 ./Middlewares/ST/STM32_USB_Device_Library/Core/Src/usbd_ioreq.o
                0x0800b830                USBD_CtlContinueSendData
 .text.USBD_CtlContinueRx
                0x0800b852       0x22 ./Middlewares/ST/STM32_USB_Device_Library/Core/Src/usbd_ioreq.o
                0x0800b852                USBD_CtlContinueRx
 .text.USBD_CtlSendStatus
                0x0800b874       0x26 ./Middlewares/ST/STM32_USB_Device_Library/Core/Src/usbd_ioreq.o
                0x0800b874                USBD_CtlSendStatus
 .text.USBD_CtlReceiveStatus
                0x0800b89a       0x26 ./Middlewares/ST/STM32_USB_Device_Library/Core/Src/usbd_ioreq.o
                0x0800b89a                USBD_CtlReceiveStatus
 .text.disk_status
                0x0800b8c0       0x34 ./Middlewares/Third_Party/FatFs/src/diskio.o
                0x0800b8c0                disk_status
 .text.disk_initialize
                0x0800b8f4       0x50 ./Middlewares/Third_Party/FatFs/src/diskio.o
                0x0800b8f4                disk_initialize
 .text.disk_read
                0x0800b944       0x40 ./Middlewares/Third_Party/FatFs/src/diskio.o
                0x0800b944                disk_read
 .text.disk_write
                0x0800b984       0x40 ./Middlewares/Third_Party/FatFs/src/diskio.o
                0x0800b984                disk_write
 .text.ld_word  0x0800b9c4       0x32 ./Middlewares/Third_Party/FatFs/src/ff.o
 .text.ld_dword
                0x0800b9f6       0x46 ./Middlewares/Third_Party/FatFs/src/ff.o
 .text.ld_qword
                0x0800ba3c      0x1b6 ./Middlewares/Third_Party/FatFs/src/ff.o
 .text.st_word  0x0800bbf2       0x36 ./Middlewares/Third_Party/FatFs/src/ff.o
 .text.st_dword
                0x0800bc28       0x58 ./Middlewares/Third_Party/FatFs/src/ff.o
 .text.st_qword
                0x0800bc80      0x110 ./Middlewares/Third_Party/FatFs/src/ff.o
 .text.mem_cpy  0x0800bd90       0x42 ./Middlewares/Third_Party/FatFs/src/ff.o
 .text.mem_set  0x0800bdd2       0x36 ./Middlewares/Third_Party/FatFs/src/ff.o
 .text.mem_cmp  0x0800be08       0x4e ./Middlewares/Third_Party/FatFs/src/ff.o
 .text.chk_chr  0x0800be56       0x36 ./Middlewares/Third_Party/FatFs/src/ff.o
 .text.chk_lock
                0x0800be8c       0xb8 ./Middlewares/Third_Party/FatFs/src/ff.o
 .text.enq_lock
                0x0800bf44       0x44 ./Middlewares/Third_Party/FatFs/src/ff.o
 .text.inc_lock
                0x0800bf88      0x11c ./Middlewares/Third_Party/FatFs/src/ff.o
 .text.clear_lock
                0x0800c0a4       0x48 ./Middlewares/Third_Party/FatFs/src/ff.o
 .text.sync_window
                0x0800c0ec       0x88 ./Middlewares/Third_Party/FatFs/src/ff.o
 .text.move_window
                0x0800c174       0x5a ./Middlewares/Third_Party/FatFs/src/ff.o
 .text.clust2sect
                0x0800c1ce       0x3e ./Middlewares/Third_Party/FatFs/src/ff.o
 .text.get_fat  0x0800c20c      0x234 ./Middlewares/Third_Party/FatFs/src/ff.o
 .text.put_fat  0x0800c440      0x1dc ./Middlewares/Third_Party/FatFs/src/ff.o
 .text.find_bitmap
                0x0800c61c       0xf8 ./Middlewares/Third_Party/FatFs/src/ff.o
 .text.change_bitmap
                0x0800c714       0xd4 ./Middlewares/Third_Party/FatFs/src/ff.o
 .text.fill_first_frag
                0x0800c7e8       0x5e ./Middlewares/Third_Party/FatFs/src/ff.o
 .text.fill_last_frag
                0x0800c846       0x62 ./Middlewares/Third_Party/FatFs/src/ff.o
 .text.remove_chain
                0x0800c8a8      0x168 ./Middlewares/Third_Party/FatFs/src/ff.o
 .text.create_chain
                0x0800ca10      0x202 ./Middlewares/Third_Party/FatFs/src/ff.o
 .text.dir_sdi  0x0800cc12      0x10c ./Middlewares/Third_Party/FatFs/src/ff.o
 .text.dir_next
                0x0800cd1e      0x1aa ./Middlewares/Third_Party/FatFs/src/ff.o
 .text.dir_alloc
                0x0800cec8       0xb8 ./Middlewares/Third_Party/FatFs/src/ff.o
 .text.ld_clust
                0x0800cf80       0x3e ./Middlewares/Third_Party/FatFs/src/ff.o
 .text.st_clust
                0x0800cfbe       0x40 ./Middlewares/Third_Party/FatFs/src/ff.o
 *fill*         0x0800cffe        0x2 
 .text.cmp_lfn  0x0800d000       0xe0 ./Middlewares/Third_Party/FatFs/src/ff.o
 .text.pick_lfn
                0x0800d0e0       0xc8 ./Middlewares/Third_Party/FatFs/src/ff.o
 .text.put_lfn  0x0800d1a8       0xd0 ./Middlewares/Third_Party/FatFs/src/ff.o
 .text.gen_numname
                0x0800d278      0x11c ./Middlewares/Third_Party/FatFs/src/ff.o
 .text.sum_sfn  0x0800d394       0x42 ./Middlewares/Third_Party/FatFs/src/ff.o
 .text.xdir_sum
                0x0800d3d6       0x60 ./Middlewares/Third_Party/FatFs/src/ff.o
 .text.xname_sum
                0x0800d436       0x60 ./Middlewares/Third_Party/FatFs/src/ff.o
 .text.get_xdir_info
                0x0800d496      0x104 ./Middlewares/Third_Party/FatFs/src/ff.o
 *fill*         0x0800d59a        0x2 
 .text.load_xdir
                0x0800d59c      0x17c ./Middlewares/Third_Party/FatFs/src/ff.o
 .text.load_obj_dir
                0x0800d718       0x6c ./Middlewares/Third_Party/FatFs/src/ff.o
 .text.store_xdir
                0x0800d784       0xb6 ./Middlewares/Third_Party/FatFs/src/ff.o
 .text.create_xdir
                0x0800d83a       0xce ./Middlewares/Third_Party/FatFs/src/ff.o
 .text.dir_read
                0x0800d908      0x18e ./Middlewares/Third_Party/FatFs/src/ff.o
 .text.dir_find
                0x0800da96      0x254 ./Middlewares/Third_Party/FatFs/src/ff.o
 *fill*         0x0800dcea        0x2 
 .text.dir_register
                0x0800dcec      0x34c ./Middlewares/Third_Party/FatFs/src/ff.o
 .text.get_fileinfo
                0x0800e038      0x1da ./Middlewares/Third_Party/FatFs/src/ff.o
 *fill*         0x0800e212        0x2 
 .text.create_name
                0x0800e214      0x370 ./Middlewares/Third_Party/FatFs/src/ff.o
 .text.follow_path
                0x0800e584      0x152 ./Middlewares/Third_Party/FatFs/src/ff.o
 .text.get_ldnumber
                0x0800e6d6       0x88 ./Middlewares/Third_Party/FatFs/src/ff.o
 *fill*         0x0800e75e        0x2 
 .text.check_fs
                0x0800e760       0xc8 ./Middlewares/Third_Party/FatFs/src/ff.o
 .text.find_volume
                0x0800e828      0x6b8 ./Middlewares/Third_Party/FatFs/src/ff.o
 .text.validate
                0x0800eee0       0x6a ./Middlewares/Third_Party/FatFs/src/ff.o
 *fill*         0x0800ef4a        0x2 
 .text.f_mount  0x0800ef4c       0x8c ./Middlewares/Third_Party/FatFs/src/ff.o
                0x0800ef4c                f_mount
 .text.f_open   0x0800efd8      0x57a ./Middlewares/Third_Party/FatFs/src/ff.o
                0x0800efd8                f_open
 .text.f_opendir
                0x0800f552      0x152 ./Middlewares/Third_Party/FatFs/src/ff.o
                0x0800f552                f_opendir
 .text.f_readdir
                0x0800f6a4       0x7a ./Middlewares/Third_Party/FatFs/src/ff.o
                0x0800f6a4                f_readdir
 *fill*         0x0800f71e        0x2 
 .text.FATFS_LinkDriverEx
                0x0800f720       0x98 ./Middlewares/Third_Party/FatFs/src/ff_gen_drv.o
                0x0800f720                FATFS_LinkDriverEx
 .text.FATFS_LinkDriver
                0x0800f7b8       0x1e ./Middlewares/Third_Party/FatFs/src/ff_gen_drv.o
                0x0800f7b8                FATFS_LinkDriver
 *fill*         0x0800f7d6        0x2 
 .text.ff_convert
                0x0800f7d8       0x78 ./Middlewares/Third_Party/FatFs/src/option/ccsbcs.o
                0x0800f7d8                ff_convert
 .text.ff_wtoupper
                0x0800f850      0x114 ./Middlewares/Third_Party/FatFs/src/option/ccsbcs.o
                0x0800f850                ff_wtoupper
 .text.MX_USB_DEVICE_Init
                0x0800f964       0x60 ./USB_DEVICE/App/usb_device.o
                0x0800f964                MX_USB_DEVICE_Init
 .text.USBD_FS_DeviceDescriptor
                0x0800f9c4       0x24 ./USB_DEVICE/App/usbd_desc.o
                0x0800f9c4                USBD_FS_DeviceDescriptor
 .text.USBD_FS_LangIDStrDescriptor
                0x0800f9e8       0x24 ./USB_DEVICE/App/usbd_desc.o
                0x0800f9e8                USBD_FS_LangIDStrDescriptor
 .text.USBD_FS_ProductStrDescriptor
                0x0800fa0c       0x3c ./USB_DEVICE/App/usbd_desc.o
                0x0800fa0c                USBD_FS_ProductStrDescriptor
 .text.USBD_FS_ManufacturerStrDescriptor
                0x0800fa48       0x28 ./USB_DEVICE/App/usbd_desc.o
                0x0800fa48                USBD_FS_ManufacturerStrDescriptor
 .text.USBD_FS_SerialStrDescriptor
                0x0800fa70       0x24 ./USB_DEVICE/App/usbd_desc.o
                0x0800fa70                USBD_FS_SerialStrDescriptor
 .text.USBD_FS_ConfigStrDescriptor
                0x0800fa94       0x3c ./USB_DEVICE/App/usbd_desc.o
                0x0800fa94                USBD_FS_ConfigStrDescriptor
 .text.USBD_FS_InterfaceStrDescriptor
                0x0800fad0       0x3c ./USB_DEVICE/App/usbd_desc.o
                0x0800fad0                USBD_FS_InterfaceStrDescriptor
 .text.Get_SerialNum
                0x0800fb0c       0x58 ./USB_DEVICE/App/usbd_desc.o
 .text.IntToUnicode
                0x0800fb64       0x7e ./USB_DEVICE/App/usbd_desc.o
 .text.STORAGE_Init_FS
                0x0800fbe2       0x18 ./USB_DEVICE/App/usbd_storage_if.o
 *fill*         0x0800fbfa        0x2 
 .text.STORAGE_GetCapacity_FS
                0x0800fbfc       0x38 ./USB_DEVICE/App/usbd_storage_if.o
 .text.STORAGE_IsReady_FS
                0x0800fc34       0x24 ./USB_DEVICE/App/usbd_storage_if.o
 .text.STORAGE_IsWriteProtected_FS
                0x0800fc58       0x20 ./USB_DEVICE/App/usbd_storage_if.o
 .text.STORAGE_Read_FS
                0x0800fc78       0x44 ./USB_DEVICE/App/usbd_storage_if.o
 .text.STORAGE_Write_FS
                0x0800fcbc       0x58 ./USB_DEVICE/App/usbd_storage_if.o
 .text.STORAGE_GetMaxLun_FS
                0x0800fd14       0x18 ./USB_DEVICE/App/usbd_storage_if.o
 .text.HAL_PCD_MspInit
                0x0800fd2c       0xa8 ./USB_DEVICE/Target/usbd_conf.o
                0x0800fd2c                HAL_PCD_MspInit
 .text.HAL_PCD_SetupStageCallback
                0x0800fdd4       0x24 ./USB_DEVICE/Target/usbd_conf.o
                0x0800fdd4                HAL_PCD_SetupStageCallback
 .text.HAL_PCD_DataOutStageCallback
                0x0800fdf8       0x36 ./USB_DEVICE/Target/usbd_conf.o
                0x0800fdf8                HAL_PCD_DataOutStageCallback
 .text.HAL_PCD_DataInStageCallback
                0x0800fe2e       0x34 ./USB_DEVICE/Target/usbd_conf.o
                0x0800fe2e                HAL_PCD_DataInStageCallback
 .text.HAL_PCD_SOFCallback
                0x0800fe62       0x1c ./USB_DEVICE/Target/usbd_conf.o
                0x0800fe62                HAL_PCD_SOFCallback
 .text.HAL_PCD_ResetCallback
                0x0800fe7e       0x3c ./USB_DEVICE/Target/usbd_conf.o
                0x0800fe7e                HAL_PCD_ResetCallback
 *fill*         0x0800feba        0x2 
 .text.HAL_PCD_SuspendCallback
                0x0800febc       0x4c ./USB_DEVICE/Target/usbd_conf.o
                0x0800febc                HAL_PCD_SuspendCallback
 .text.HAL_PCD_ResumeCallback
                0x0800ff08       0x1c ./USB_DEVICE/Target/usbd_conf.o
                0x0800ff08                HAL_PCD_ResumeCallback
 .text.HAL_PCD_ISOOUTIncompleteCallback
                0x0800ff24       0x24 ./USB_DEVICE/Target/usbd_conf.o
                0x0800ff24                HAL_PCD_ISOOUTIncompleteCallback
 .text.HAL_PCD_ISOINIncompleteCallback
                0x0800ff48       0x24 ./USB_DEVICE/Target/usbd_conf.o
                0x0800ff48                HAL_PCD_ISOINIncompleteCallback
 .text.HAL_PCD_ConnectCallback
                0x0800ff6c       0x1c ./USB_DEVICE/Target/usbd_conf.o
                0x0800ff6c                HAL_PCD_ConnectCallback
 .text.HAL_PCD_DisconnectCallback
                0x0800ff88       0x1c ./USB_DEVICE/Target/usbd_conf.o
                0x0800ff88                HAL_PCD_DisconnectCallback
 .text.USBD_LL_Init
                0x0800ffa4       0x98 ./USB_DEVICE/Target/usbd_conf.o
                0x0800ffa4                USBD_LL_Init
 .text.USBD_LL_Start
                0x0801003c       0x36 ./USB_DEVICE/Target/usbd_conf.o
                0x0801003c                USBD_LL_Start
 .text.USBD_LL_OpenEP
                0x08010072       0x4c ./USB_DEVICE/Target/usbd_conf.o
                0x08010072                USBD_LL_OpenEP
 .text.USBD_LL_CloseEP
                0x080100be       0x3e ./USB_DEVICE/Target/usbd_conf.o
                0x080100be                USBD_LL_CloseEP
 .text.USBD_LL_FlushEP
                0x080100fc       0x3e ./USB_DEVICE/Target/usbd_conf.o
                0x080100fc                USBD_LL_FlushEP
 .text.USBD_LL_StallEP
                0x0801013a       0x3e ./USB_DEVICE/Target/usbd_conf.o
                0x0801013a                USBD_LL_StallEP
 .text.USBD_LL_ClearStallEP
                0x08010178       0x3e ./USB_DEVICE/Target/usbd_conf.o
                0x08010178                USBD_LL_ClearStallEP
 .text.USBD_LL_IsStallEP
                0x080101b6       0x58 ./USB_DEVICE/Target/usbd_conf.o
                0x080101b6                USBD_LL_IsStallEP
 .text.USBD_LL_SetUSBAddress
                0x0801020e       0x3e ./USB_DEVICE/Target/usbd_conf.o
                0x0801020e                USBD_LL_SetUSBAddress
 .text.USBD_LL_Transmit
                0x0801024c       0x42 ./USB_DEVICE/Target/usbd_conf.o
                0x0801024c                USBD_LL_Transmit
 .text.USBD_LL_PrepareReceive
                0x0801028e       0x42 ./USB_DEVICE/Target/usbd_conf.o
                0x0801028e                USBD_LL_PrepareReceive
 .text.USBD_LL_GetRxDataSize
                0x080102d0       0x26 ./USB_DEVICE/Target/usbd_conf.o
                0x080102d0                USBD_LL_GetRxDataSize
 *fill*         0x080102f6        0x2 
 .text.USBD_static_malloc
                0x080102f8       0x1c ./USB_DEVICE/Target/usbd_conf.o
                0x080102f8                USBD_static_malloc
 .text.USBD_static_free
                0x08010314       0x14 ./USB_DEVICE/Target/usbd_conf.o
                0x08010314                USBD_static_free
 .text.USBD_Get_USB_Status
                0x08010328       0x58 ./USB_DEVICE/Target/usbd_conf.o
                0x08010328                USBD_Get_USB_Status
 .text.memset   0x08010380       0x10 /Applications/STM32CubeIDE.app/Contents/Eclipse/plugins/com.st.stm32cube.ide.mcu.externaltools.gnu-tools-for-stm32.13.3.rel1.macos64_1.0.0.202411102158/tools/bin/../lib/gcc/arm-none-eabi/13.3.1/../../../../arm-none-eabi/lib/thumb/v7e-m+fp/hard/libc_nano.a(libc_a-memset.o)
                0x08010380                memset
 .text.strcat   0x08010390       0x1e /Applications/STM32CubeIDE.app/Contents/Eclipse/plugins/com.st.stm32cube.ide.mcu.externaltools.gnu-tools-for-stm32.13.3.rel1.macos64_1.0.0.202411102158/tools/bin/../lib/gcc/arm-none-eabi/13.3.1/../../../../arm-none-eabi/lib/thumb/v7e-m+fp/hard/libc_nano.a(libc_a-strcat.o)
                0x08010390                strcat
 .text.strncpy  0x080103ae       0x26 /Applications/STM32CubeIDE.app/Contents/Eclipse/plugins/com.st.stm32cube.ide.mcu.externaltools.gnu-tools-for-stm32.13.3.rel1.macos64_1.0.0.202411102158/tools/bin/../lib/gcc/arm-none-eabi/13.3.1/../../../../arm-none-eabi/lib/thumb/v7e-m+fp/hard/libc_nano.a(libc_a-strncpy.o)
                0x080103ae                strncpy
 .text.__libc_init_array
                0x080103d4       0x48 /Applications/STM32CubeIDE.app/Contents/Eclipse/plugins/com.st.stm32cube.ide.mcu.externaltools.gnu-tools-for-stm32.13.3.rel1.macos64_1.0.0.202411102158/tools/bin/../lib/gcc/arm-none-eabi/13.3.1/../../../../arm-none-eabi/lib/thumb/v7e-m+fp/hard/libc_nano.a(libc_a-init.o)
                0x080103d4                __libc_init_array
 .text.strcpy   0x0801041c       0x10 /Applications/STM32CubeIDE.app/Contents/Eclipse/plugins/com.st.stm32cube.ide.mcu.externaltools.gnu-tools-for-stm32.13.3.rel1.macos64_1.0.0.202411102158/tools/bin/../lib/gcc/arm-none-eabi/13.3.1/../../../../arm-none-eabi/lib/thumb/v7e-m+fp/hard/libc_nano.a(libc_a-strcpy.o)
                0x0801041c                strcpy
 .text.memcpy   0x0801042c       0x1c /Applications/STM32CubeIDE.app/Contents/Eclipse/plugins/com.st.stm32cube.ide.mcu.externaltools.gnu-tools-for-stm32.13.3.rel1.macos64_1.0.0.202411102158/tools/bin/../lib/gcc/arm-none-eabi/13.3.1/../../../../arm-none-eabi/lib/thumb/v7e-m+fp/hard/libc_nano.a(libc_a-memcpy-stub.o)
                0x0801042c                memcpy
 *(.glue_7)
 .glue_7        0x08010448        0x0 linker stubs
 *(.glue_7t)
 .glue_7t       0x08010448        0x0 linker stubs
 *(.eh_frame)
 .eh_frame      0x08010448        0x0 /Applications/STM32CubeIDE.app/Contents/Eclipse/plugins/com.st.stm32cube.ide.mcu.externaltools.gnu-tools-for-stm32.13.3.rel1.macos64_1.0.0.202411102158/tools/bin/../lib/gcc/arm-none-eabi/13.3.1/thumb/v7e-m+fp/hard/crtbegin.o
 *(.init)
 .init          0x08010448        0x4 /Applications/STM32CubeIDE.app/Contents/Eclipse/plugins/com.st.stm32cube.ide.mcu.externaltools.gnu-tools-for-stm32.13.3.rel1.macos64_1.0.0.202411102158/tools/bin/../lib/gcc/arm-none-eabi/13.3.1/thumb/v7e-m+fp/hard/crti.o
                0x08010448                _init
 .init          0x0801044c        0x8 /Applications/STM32CubeIDE.app/Contents/Eclipse/plugins/com.st.stm32cube.ide.mcu.externaltools.gnu-tools-for-stm32.13.3.rel1.macos64_1.0.0.202411102158/tools/bin/../lib/gcc/arm-none-eabi/13.3.1/thumb/v7e-m+fp/hard/crtn.o
 *(.fini)
 .fini          0x08010454        0x4 /Applications/STM32CubeIDE.app/Contents/Eclipse/plugins/com.st.stm32cube.ide.mcu.externaltools.gnu-tools-for-stm32.13.3.rel1.macos64_1.0.0.202411102158/tools/bin/../lib/gcc/arm-none-eabi/13.3.1/thumb/v7e-m+fp/hard/crti.o
                0x08010454                _fini
 .fini          0x08010458        0x8 /Applications/STM32CubeIDE.app/Contents/Eclipse/plugins/com.st.stm32cube.ide.mcu.externaltools.gnu-tools-for-stm32.13.3.rel1.macos64_1.0.0.202411102158/tools/bin/../lib/gcc/arm-none-eabi/13.3.1/thumb/v7e-m+fp/hard/crtn.o
                0x08010460                        . = ALIGN (0x4)
                0x08010460                        _etext = .

.vfp11_veneer   0x08010460        0x0
 .vfp11_veneer  0x08010460        0x0 linker stubs

.v4_bx          0x08010460        0x0
 .v4_bx         0x08010460        0x0 linker stubs

.iplt           0x08010460        0x0
 .iplt          0x08010460        0x0 /Applications/STM32CubeIDE.app/Contents/Eclipse/plugins/com.st.stm32cube.ide.mcu.externaltools.gnu-tools-for-stm32.13.3.rel1.macos64_1.0.0.202411102158/tools/bin/../lib/gcc/arm-none-eabi/13.3.1/thumb/v7e-m+fp/hard/crtbegin.o

.rodata         0x08010460      0x6fc
                0x08010460                        . = ALIGN (0x4)
 *(.rodata)
 .rodata        0x08010460        0x9 ./Core/Src/SEGGER_RTT.o
 *fill*         0x08010469        0x3 
 .rodata        0x0801046c       0xdb ./Core/Src/main.o
 *fill*         0x08010547        0x1 
 .rodata        0x08010548       0x54 ./Middlewares/Third_Party/FatFs/src/ff.o
 .rodata        0x0801059c       0x42 ./USB_DEVICE/App/usbd_desc.o
 *fill*         0x080105de        0x2 
 .rodata        0x080105e0       0x50 ./USB_DEVICE/App/usbd_storage_if.o
 *(.rodata*)
 .rodata._aInitStr.0
                0x08010630       0x11 ./Core/Src/SEGGER_RTT.o
 *fill*         0x08010641        0x3 
 .rodata._aV2C.0
                0x08010644       0x10 ./Core/Src/SEGGER_RTT_printf.o
 .rodata.init_cmds1
                0x08010654       0x3b ./Core/Src/st7735.o
 *fill*         0x0801068f        0x1 
 .rodata.init_cmds2
                0x08010690        0xd ./Core/Src/st7735.o
 *fill*         0x0801069d        0x3 
 .rodata.init_cmds3
                0x080106a0       0x2b ./Core/Src/st7735.o
 *fill*         0x080106cb        0x1 
 .rodata.AHBPrescTable
                0x080106cc       0x10 ./Core/Src/system_stm32f4xx.o
                0x080106cc                AHBPrescTable
 .rodata.flagBitshiftOffset.0
                0x080106dc        0x8 ./Drivers/STM32F4xx_HAL_Driver/Src/stm32f4xx_hal_dma.o
 .rodata.SD_Driver
                0x080106e4       0x14 ./FATFS/Target/sd_diskio.o
                0x080106e4                SD_Driver
 .rodata.ExCvt  0x080106f8       0x80 ./Middlewares/Third_Party/FatFs/src/ff.o
 .rodata.LfnOfs
                0x08010778        0xd ./Middlewares/Third_Party/FatFs/src/ff.o
 *fill*         0x08010785        0x3 
 .rodata.Tbl    0x08010788      0x100 ./Middlewares/Third_Party/FatFs/src/option/ccsbcs.o
 .rodata.cvt1.1
                0x08010888      0x1f2 ./Middlewares/Third_Party/FatFs/src/option/ccsbcs.o
 *fill*         0x08010a7a        0x2 
 .rodata.cvt2.0
                0x08010a7c       0xbc ./Middlewares/Third_Party/FatFs/src/option/ccsbcs.o
 .rodata.STORAGE_Inquirydata_FS
                0x08010b38       0x24 ./USB_DEVICE/App/usbd_storage_if.o
                0x08010b38                STORAGE_Inquirydata_FS
                0x08010b5c                        . = ALIGN (0x4)

.ARM.extab      0x08010b5c        0x0
                0x08010b5c                        . = ALIGN (0x4)
 *(.ARM.extab* .gnu.linkonce.armextab.*)
                0x08010b5c                        . = ALIGN (0x4)

.ARM            0x08010b5c        0x8
                0x08010b5c                        . = ALIGN (0x4)
                0x08010b5c                        __exidx_start = .
 *(.ARM.exidx*)
 .ARM.exidx     0x08010b5c        0x8 /Applications/STM32CubeIDE.app/Contents/Eclipse/plugins/com.st.stm32cube.ide.mcu.externaltools.gnu-tools-for-stm32.13.3.rel1.macos64_1.0.0.202411102158/tools/bin/../lib/gcc/arm-none-eabi/13.3.1/../../../../arm-none-eabi/lib/thumb/v7e-m+fp/hard/libc_nano.a(libc_a-strlen.o)
 .ARM.exidx     0x08010b64        0x0 /Applications/STM32CubeIDE.app/Contents/Eclipse/plugins/com.st.stm32cube.ide.mcu.externaltools.gnu-tools-for-stm32.13.3.rel1.macos64_1.0.0.202411102158/tools/bin/../lib/gcc/arm-none-eabi/13.3.1/thumb/v7e-m+fp/hard/libgcc.a(_udivmoddi4.o)
                                  0x8 (size before relaxing)
                0x08010b64                        __exidx_end = .
                0x08010b64                        . = ALIGN (0x4)

.preinit_array  0x08010b64        0x0
                0x08010b64                        . = ALIGN (0x4)
                0x08010b64                        PROVIDE (__preinit_array_start = .)
 *(.preinit_array*)
                0x08010b64                        PROVIDE (__preinit_array_end = .)
                0x08010b64                        . = ALIGN (0x4)

.init_array     0x08010b64        0x4
                0x08010b64                        . = ALIGN (0x4)
                0x08010b64                        PROVIDE (__init_array_start = .)
 *(SORT_BY_NAME(.init_array.*))
 *(.init_array*)
 .init_array    0x08010b64        0x4 /Applications/STM32CubeIDE.app/Contents/Eclipse/plugins/com.st.stm32cube.ide.mcu.externaltools.gnu-tools-for-stm32.13.3.rel1.macos64_1.0.0.202411102158/tools/bin/../lib/gcc/arm-none-eabi/13.3.1/thumb/v7e-m+fp/hard/crtbegin.o
                0x08010b68                        PROVIDE (__init_array_end = .)
                0x08010b68                        . = ALIGN (0x4)

.fini_array     0x08010b68        0x4
                0x08010b68                        . = ALIGN (0x4)
                [!provide]                        PROVIDE (__fini_array_start = .)
 *(SORT_BY_NAME(.fini_array.*))
 *(.fini_array*)
 .fini_array    0x08010b68        0x4 /Applications/STM32CubeIDE.app/Contents/Eclipse/plugins/com.st.stm32cube.ide.mcu.externaltools.gnu-tools-for-stm32.13.3.rel1.macos64_1.0.0.202411102158/tools/bin/../lib/gcc/arm-none-eabi/13.3.1/thumb/v7e-m+fp/hard/crtbegin.o
                [!provide]                        PROVIDE (__fini_array_end = .)
                0x08010b6c                        . = ALIGN (0x4)
                0x08010b6c                        _sidata = LOADADDR (.data)

.rel.dyn        0x08010b6c        0x0
 .rel.iplt      0x08010b6c        0x0 /Applications/STM32CubeIDE.app/Contents/Eclipse/plugins/com.st.stm32cube.ide.mcu.externaltools.gnu-tools-for-stm32.13.3.rel1.macos64_1.0.0.202411102158/tools/bin/../lib/gcc/arm-none-eabi/13.3.1/thumb/v7e-m+fp/hard/crtbegin.o

.data           0x20000000       0xfc load address 0x08010b6c
                0x20000000                        . = ALIGN (0x4)
                0x20000000                        _sdata = .
 *(.data)
 *(.data*)
 .data.SystemCoreClock
                0x20000000        0x4 ./Core/Src/system_stm32f4xx.o
                0x20000000                SystemCoreClock
 .data.uwTickPrio
                0x20000004        0x4 ./Drivers/STM32F4xx_HAL_Driver/Src/stm32f4xx_hal.o
                0x20000004                uwTickPrio
 .data.uwTickFreq
                0x20000008        0x1 ./Drivers/STM32F4xx_HAL_Driver/Src/stm32f4xx_hal.o
                0x20000008                uwTickFreq
 .data.Stat     0x20000009        0x1 ./FATFS/Target/sd_diskio.o
 *fill*         0x2000000a        0x2 
 .data.USBD_MSC
                0x2000000c       0x38 ./Middlewares/ST/STM32_USB_Device_Library/Class/MSC/Src/usbd_msc.o
                0x2000000c                USBD_MSC
 .data.USBD_MSC_CfgDesc
                0x20000044       0x20 ./Middlewares/ST/STM32_USB_Device_Library/Class/MSC/Src/usbd_msc.o
 .data.USBD_MSC_DeviceQualifierDesc
                0x20000064        0xa ./Middlewares/ST/STM32_USB_Device_Library/Class/MSC/Src/usbd_msc.o
 .data.MSCInEpAdd
                0x2000006e        0x1 ./Middlewares/ST/STM32_USB_Device_Library/Class/MSC/Src/usbd_msc.o
                0x2000006e                MSCInEpAdd
 .data.MSCOutEpAdd
                0x2000006f        0x1 ./Middlewares/ST/STM32_USB_Device_Library/Class/MSC/Src/usbd_msc.o
                0x2000006f                MSCOutEpAdd
 .data.MSC_Page00_Inquiry_Data
                0x20000070        0x6 ./Middlewares/ST/STM32_USB_Device_Library/Class/MSC/Src/usbd_msc_data.o
                0x20000070                MSC_Page00_Inquiry_Data
 *fill*         0x20000076        0x2 
 .data.MSC_Page80_Inquiry_Data
                0x20000078        0x8 ./Middlewares/ST/STM32_USB_Device_Library/Class/MSC/Src/usbd_msc_data.o
                0x20000078                MSC_Page80_Inquiry_Data
 .data.MSC_Mode_Sense6_data
                0x20000080        0x4 ./Middlewares/ST/STM32_USB_Device_Library/Class/MSC/Src/usbd_msc_data.o
                0x20000080                MSC_Mode_Sense6_data
 .data.MSC_Mode_Sense10_data
                0x20000084        0x8 ./Middlewares/ST/STM32_USB_Device_Library/Class/MSC/Src/usbd_msc_data.o
                0x20000084                MSC_Mode_Sense10_data
 .data.FS_Desc  0x2000008c       0x1c ./USB_DEVICE/App/usbd_desc.o
                0x2000008c                FS_Desc
 .data.USBD_FS_DeviceDesc
                0x200000a8       0x12 ./USB_DEVICE/App/usbd_desc.o
                0x200000a8                USBD_FS_DeviceDesc
 *fill*         0x200000ba        0x2 
 .data.USBD_LangIDDesc
                0x200000bc        0x4 ./USB_DEVICE/App/usbd_desc.o
                0x200000bc                USBD_LangIDDesc
 .data.USBD_StringSerial
                0x200000c0       0x1a ./USB_DEVICE/App/usbd_desc.o
                0x200000c0                USBD_StringSerial
 *fill*         0x200000da        0x2 
 .data.USBD_Storage_Interface_fops_FS
                0x200000dc       0x20 ./USB_DEVICE/App/usbd_storage_if.o
                0x200000dc                USBD_Storage_Interface_fops_FS
 *(.RamFunc)
 *(.RamFunc*)
                0x200000fc                        . = ALIGN (0x4)
                0x200000fc                        _edata = .

.igot.plt       0x200000fc        0x0 load address 0x08010c68
 .igot.plt      0x200000fc        0x0 /Applications/STM32CubeIDE.app/Contents/Eclipse/plugins/com.st.stm32cube.ide.mcu.externaltools.gnu-tools-for-stm32.13.3.rel1.macos64_1.0.0.202411102158/tools/bin/../lib/gcc/arm-none-eabi/13.3.1/thumb/v7e-m+fp/hard/crtbegin.o
                0x200000fc                        . = ALIGN (0x4)

.bss            0x20000100     0x1bb0 load address 0x08010c68
                0x20000100                        _sbss = .
                0x20000100                        __bss_start__ = _sbss
 *(.bss)
 .bss           0x20000100       0x1c /Applications/STM32CubeIDE.app/Contents/Eclipse/plugins/com.st.stm32cube.ide.mcu.externaltools.gnu-tools-for-stm32.13.3.rel1.macos64_1.0.0.202411102158/tools/bin/../lib/gcc/arm-none-eabi/13.3.1/thumb/v7e-m+fp/hard/crtbegin.o
 *(.bss*)
 .bss._SEGGER_RTT
                0x2000011c       0xa8 ./Core/Src/SEGGER_RTT.o
                0x2000011c                _SEGGER_RTT
 .bss._acUpBuffer
                0x200001c4      0x400 ./Core/Src/SEGGER_RTT.o
 .bss._acDownBuffer
                0x200005c4       0x10 ./Core/Src/SEGGER_RTT.o
 .bss.hsd       0x200005d4       0x84 ./Core/Src/main.o
                0x200005d4                hsd
 .bss.hspi4     0x20000658       0x58 ./Core/Src/main.o
                0x20000658                hspi4
 .bss.hdma_spi4_tx
                0x200006b0       0x60 ./Core/Src/main.o
                0x200006b0                hdma_spi4_tx
 .bss.uwTick    0x20000710        0x4 ./Drivers/STM32F4xx_HAL_Driver/Src/stm32f4xx_hal.o
                0x20000710                uwTick
 .bss.retSD     0x20000714        0x1 ./FATFS/App/fatfs.o
                0x20000714                retSD
 *fill*         0x20000715        0x3 
 .bss.SDPath    0x20000718        0x4 ./FATFS/App/fatfs.o
                0x20000718                SDPath
 .bss.SDFatFS   0x2000071c      0x238 ./FATFS/App/fatfs.o
                0x2000071c                SDFatFS
 *fill*         0x20000954        0x4 
 .bss.SDFile    0x20000958      0x258 ./FATFS/App/fatfs.o
                0x20000958                SDFile
 .bss.MSC_Diagnostic_Data
                0x20000bb0        0x8 ./Middlewares/ST/STM32_USB_Device_Library/Class/MSC/Src/usbd_msc_data.o
                0x20000bb0                MSC_Diagnostic_Data
 .bss.lun_report.0
                0x20000bb8       0x18 ./Middlewares/ST/STM32_USB_Device_Library/Class/MSC/Src/usbd_msc_scsi.o
 .bss.cfgidx.0  0x20000bd0        0x1 ./Middlewares/ST/STM32_USB_Device_Library/Core/Src/usbd_ctlreq.o
 *fill*         0x20000bd1        0x3 
 .bss.FatFs     0x20000bd4        0x4 ./Middlewares/Third_Party/FatFs/src/ff.o
 .bss.Fsid      0x20000bd8        0x2 ./Middlewares/Third_Party/FatFs/src/ff.o
 *fill*         0x20000bda        0x2 
 .bss.Files     0x20000bdc       0x20 ./Middlewares/Third_Party/FatFs/src/ff.o
 .bss.DirBuf    0x20000bfc      0x260 ./Middlewares/Third_Party/FatFs/src/ff.o
 .bss.LfnBuf    0x20000e5c      0x200 ./Middlewares/Third_Party/FatFs/src/ff.o
 .bss.disk      0x2000105c        0xc ./Middlewares/Third_Party/FatFs/src/ff_gen_drv.o
                0x2000105c                disk
 .bss.hUsbDeviceFS
                0x20001068      0x2dc ./USB_DEVICE/App/usb_device.o
                0x20001068                hUsbDeviceFS
 .bss.USBD_StrDesc
                0x20001344      0x200 ./USB_DEVICE/App/usbd_desc.o
                0x20001344                USBD_StrDesc
 .bss.hpcd_USB_OTG_FS
                0x20001544      0x4e4 ./USB_DEVICE/Target/usbd_conf.o
                0x20001544                hpcd_USB_OTG_FS
 .bss.mem.0     0x20001a28      0x288 ./USB_DEVICE/Target/usbd_conf.o
 *(COMMON)
                0x20001cb0                        . = ALIGN (0x4)
                0x20001cb0                        _ebss = .
                0x20001cb0                        __bss_end__ = _ebss

._user_heap_stack
                0x20001cb0      0x600 load address 0x08010c68
                0x20001cb0                        . = ALIGN (0x8)
                [!provide]                        PROVIDE (end = .)
                0x20001cb0                        PROVIDE (_end = .)
                0x20001eb0                        . = (. + _Min_Heap_Size)
 *fill*         0x20001cb0      0x200 
                0x200022b0                        . = (. + _Min_Stack_Size)
 *fill*         0x20001eb0      0x400 
                0x200022b0                        . = ALIGN (0x8)

/DISCARD/
 libc.a(*)
 libm.a(*)
 libgcc.a(*)

.ARM.attributes
                0x00000000       0x30
 *(.ARM.attributes)
 .ARM.attributes
                0x00000000       0x22 /Applications/STM32CubeIDE.app/Contents/Eclipse/plugins/com.st.stm32cube.ide.mcu.externaltools.gnu-tools-for-stm32.13.3.rel1.macos64_1.0.0.202411102158/tools/bin/../lib/gcc/arm-none-eabi/13.3.1/thumb/v7e-m+fp/hard/crti.o
 .ARM.attributes
                0x00000022       0x34 /Applications/STM32CubeIDE.app/Contents/Eclipse/plugins/com.st.stm32cube.ide.mcu.externaltools.gnu-tools-for-stm32.13.3.rel1.macos64_1.0.0.202411102158/tools/bin/../lib/gcc/arm-none-eabi/13.3.1/thumb/v7e-m+fp/hard/crtbegin.o
 .ARM.attributes
                0x00000056       0x34 ./Core/Src/SEGGER_RTT.o
 .ARM.attributes
                0x0000008a       0x34 ./Core/Src/SEGGER_RTT_printf.o
 .ARM.attributes
                0x000000be       0x34 ./Core/Src/main.o
 .ARM.attributes
                0x000000f2       0x34 ./Core/Src/st7735.o
 .ARM.attributes
                0x00000126       0x34 ./Core/Src/stm32f4xx_hal_msp.o
 .ARM.attributes
                0x0000015a       0x34 ./Core/Src/stm32f4xx_it.o
 .ARM.attributes
                0x0000018e       0x34 ./Core/Src/system_stm32f4xx.o
 .ARM.attributes
                0x000001c2       0x21 ./Core/Startup/startup_stm32f411ceux.o
 .ARM.attributes
                0x000001e3       0x34 ./Drivers/STM32F4xx_HAL_Driver/Src/stm32f4xx_hal.o
 .ARM.attributes
                0x00000217       0x34 ./Drivers/STM32F4xx_HAL_Driver/Src/stm32f4xx_hal_cortex.o
 .ARM.attributes
                0x0000024b       0x34 ./Drivers/STM32F4xx_HAL_Driver/Src/stm32f4xx_hal_dma.o
 .ARM.attributes
                0x0000027f       0x34 ./Drivers/STM32F4xx_HAL_Driver/Src/stm32f4xx_hal_gpio.o
 .ARM.attributes
                0x000002b3       0x34 ./Drivers/STM32F4xx_HAL_Driver/Src/stm32f4xx_hal_pcd.o
 .ARM.attributes
                0x000002e7       0x34 ./Drivers/STM32F4xx_HAL_Driver/Src/stm32f4xx_hal_pcd_ex.o
 .ARM.attributes
                0x0000031b       0x34 ./Drivers/STM32F4xx_HAL_Driver/Src/stm32f4xx_hal_rcc.o
 .ARM.attributes
                0x0000034f       0x34 ./Drivers/STM32F4xx_HAL_Driver/Src/stm32f4xx_hal_sd.o
 .ARM.attributes
                0x00000383       0x34 ./Drivers/STM32F4xx_HAL_Driver/Src/stm32f4xx_hal_spi.o
 .ARM.attributes
                0x000003b7       0x34 ./Drivers/STM32F4xx_HAL_Driver/Src/stm32f4xx_ll_sdmmc.o
 .ARM.attributes
                0x000003eb       0x34 ./Drivers/STM32F4xx_HAL_Driver/Src/stm32f4xx_ll_usb.o
 .ARM.attributes
                0x0000041f       0x34 ./FATFS/App/fatfs.o
 .ARM.attributes
                0x00000453       0x34 ./FATFS/Target/bsp_driver_sd.o
 .ARM.attributes
                0x00000487       0x34 ./FATFS/Target/sd_diskio.o
 .ARM.attributes
                0x000004bb       0x34 ./Middlewares/ST/STM32_USB_Device_Library/Class/MSC/Src/usbd_msc.o
 .ARM.attributes
                0x000004ef       0x34 ./Middlewares/ST/STM32_USB_Device_Library/Class/MSC/Src/usbd_msc_bot.o
 .ARM.attributes
                0x00000523       0x34 ./Middlewares/ST/STM32_USB_Device_Library/Class/MSC/Src/usbd_msc_data.o
 .ARM.attributes
                0x00000557       0x34 ./Middlewares/ST/STM32_USB_Device_Library/Class/MSC/Src/usbd_msc_scsi.o
 .ARM.attributes
                0x0000058b       0x34 ./Middlewares/ST/STM32_USB_Device_Library/Core/Src/usbd_core.o
 .ARM.attributes
                0x000005bf       0x34 ./Middlewares/ST/STM32_USB_Device_Library/Core/Src/usbd_ctlreq.o
 .ARM.attributes
                0x000005f3       0x34 ./Middlewares/ST/STM32_USB_Device_Library/Core/Src/usbd_ioreq.o
 .ARM.attributes
                0x00000627       0x34 ./Middlewares/Third_Party/FatFs/src/diskio.o
 .ARM.attributes
                0x0000065b       0x34 ./Middlewares/Third_Party/FatFs/src/ff.o
 .ARM.attributes
                0x0000068f       0x34 ./Middlewares/Third_Party/FatFs/src/ff_gen_drv.o
 .ARM.attributes
                0x000006c3       0x34 ./Middlewares/Third_Party/FatFs/src/option/ccsbcs.o
 .ARM.attributes
                0x000006f7       0x34 ./USB_DEVICE/App/usb_device.o
 .ARM.attributes
                0x0000072b       0x34 ./USB_DEVICE/App/usbd_desc.o
 .ARM.attributes
                0x0000075f       0x34 ./USB_DEVICE/App/usbd_storage_if.o
 .ARM.attributes
                0x00000793       0x34 ./USB_DEVICE/Target/usbd_conf.o
 .ARM.attributes
                0x000007c7       0x34 /Applications/STM32CubeIDE.app/Contents/Eclipse/plugins/com.st.stm32cube.ide.mcu.externaltools.gnu-tools-for-stm32.13.3.rel1.macos64_1.0.0.202411102158/tools/bin/../lib/gcc/arm-none-eabi/13.3.1/../../../../arm-none-eabi/lib/thumb/v7e-m+fp/hard/libc_nano.a(libc_a-memset.o)
 .ARM.attributes
                0x000007fb       0x34 /Applications/STM32CubeIDE.app/Contents/Eclipse/plugins/com.st.stm32cube.ide.mcu.externaltools.gnu-tools-for-stm32.13.3.rel1.macos64_1.0.0.202411102158/tools/bin/../lib/gcc/arm-none-eabi/13.3.1/../../../../arm-none-eabi/lib/thumb/v7e-m+fp/hard/libc_nano.a(libc_a-strcat.o)
 .ARM.attributes
                0x0000082f       0x34 /Applications/STM32CubeIDE.app/Contents/Eclipse/plugins/com.st.stm32cube.ide.mcu.externaltools.gnu-tools-for-stm32.13.3.rel1.macos64_1.0.0.202411102158/tools/bin/../lib/gcc/arm-none-eabi/13.3.1/../../../../arm-none-eabi/lib/thumb/v7e-m+fp/hard/libc_nano.a(libc_a-strncpy.o)
 .ARM.attributes
                0x00000863       0x34 /Applications/STM32CubeIDE.app/Contents/Eclipse/plugins/com.st.stm32cube.ide.mcu.externaltools.gnu-tools-for-stm32.13.3.rel1.macos64_1.0.0.202411102158/tools/bin/../lib/gcc/arm-none-eabi/13.3.1/../../../../arm-none-eabi/lib/thumb/v7e-m+fp/hard/libc_nano.a(libc_a-init.o)
 .ARM.attributes
                0x00000897       0x34 /Applications/STM32CubeIDE.app/Contents/Eclipse/plugins/com.st.stm32cube.ide.mcu.externaltools.gnu-tools-for-stm32.13.3.rel1.macos64_1.0.0.202411102158/tools/bin/../lib/gcc/arm-none-eabi/13.3.1/../../../../arm-none-eabi/lib/thumb/v7e-m+fp/hard/libc_nano.a(libc_a-strcpy.o)
 .ARM.attributes
                0x000008cb       0x34 /Applications/STM32CubeIDE.app/Contents/Eclipse/plugins/com.st.stm32cube.ide.mcu.externaltools.gnu-tools-for-stm32.13.3.rel1.macos64_1.0.0.202411102158/tools/bin/../lib/gcc/arm-none-eabi/13.3.1/../../../../arm-none-eabi/lib/thumb/v7e-m+fp/hard/libc_nano.a(libc_a-memcpy-stub.o)
 .ARM.attributes
                0x000008ff       0x17 /Applications/STM32CubeIDE.app/Contents/Eclipse/plugins/com.st.stm32cube.ide.mcu.externaltools.gnu-tools-for-stm32.13.3.rel1.macos64_1.0.0.202411102158/tools/bin/../lib/gcc/arm-none-eabi/13.3.1/../../../../arm-none-eabi/lib/thumb/v7e-m+fp/hard/libc_nano.a(libc_a-strlen.o)
 .ARM.attributes
                0x00000916       0x22 /Applications/STM32CubeIDE.app/Contents/Eclipse/plugins/com.st.stm32cube.ide.mcu.externaltools.gnu-tools-for-stm32.13.3.rel1.macos64_1.0.0.202411102158/tools/bin/../lib/gcc/arm-none-eabi/13.3.1/thumb/v7e-m+fp/hard/libgcc.a(_aeabi_uldivmod.o)
 .ARM.attributes
                0x00000938       0x34 /Applications/STM32CubeIDE.app/Contents/Eclipse/plugins/com.st.stm32cube.ide.mcu.externaltools.gnu-tools-for-stm32.13.3.rel1.macos64_1.0.0.202411102158/tools/bin/../lib/gcc/arm-none-eabi/13.3.1/thumb/v7e-m+fp/hard/libgcc.a(_udivmoddi4.o)
 .ARM.attributes
                0x0000096c       0x22 /Applications/STM32CubeIDE.app/Contents/Eclipse/plugins/com.st.stm32cube.ide.mcu.externaltools.gnu-tools-for-stm32.13.3.rel1.macos64_1.0.0.202411102158/tools/bin/../lib/gcc/arm-none-eabi/13.3.1/thumb/v7e-m+fp/hard/libgcc.a(_dvmd_tls.o)
 .ARM.attributes
                0x0000098e       0x22 /Applications/STM32CubeIDE.app/Contents/Eclipse/plugins/com.st.stm32cube.ide.mcu.externaltools.gnu-tools-for-stm32.13.3.rel1.macos64_1.0.0.202411102158/tools/bin/../lib/gcc/arm-none-eabi/13.3.1/thumb/v7e-m+fp/hard/crtn.o
OUTPUT(bcd.elf elf32-littlearm)
LOAD linker stubs
LOAD /Applications/STM32CubeIDE.app/Contents/Eclipse/plugins/com.st.stm32cube.ide.mcu.externaltools.gnu-tools-for-stm32.13.3.rel1.macos64_1.0.0.202411102158/tools/bin/../lib/gcc/arm-none-eabi/13.3.1/../../../../arm-none-eabi/lib/thumb/v7e-m+fp/hard/libc.a