../Core/Src/main.c:72:9:BSP_SD_IsDetected	4	static
../Core/Src/main.c:78:6:HAL_SPI_TxCpltCallback	16	static
../Core/Src/main.c:87:6:isButtonPressed	8	static
../Core/Src/main.c:107:5:main	3336	static
../Core/Src/main.c:332:6:SystemClock_Config	88	static
../Core/Src/main.c:378:13:MX_SDIO_SD_Init	8	static
../Core/Src/main.c:415:13:MX_SPI4_Init	8	static
../Core/Src/main.c:451:13:MX_DMA_Init	16	static
../Core/Src/main.c:469:13:MX_GPIO_Init	48	static
../Core/Src/main.c:527:6:Error_Handler	4	static,ignoring_inline_asm
