../Core/Src/main.c:74:9:BSP_SD_IsDetected	4	static
../Core/Src/main.c:80:6:HAL_SPI_TxCpltCallback	16	static
../Core/Src/main.c:89:6:isButtonPressed	8	static
../Core/Src/main.c:109:5:main	103368	static
../Core/Src/main.c:334:6:SystemClock_Config	88	static
../Core/Src/main.c:381:13:MX_SDIO_SD_Init	8	static
../Core/Src/main.c:418:13:MX_SPI4_Init	8	static
../Core/Src/main.c:456:13:MX_USART2_UART_Init	8	static
../Core/Src/main.c:487:13:MX_DMA_Init	16	static
../Core/Src/main.c:505:13:MX_GPIO_Init	48	static
../Core/Src/main.c:563:6:Error_Handler	4	static,ignoring_inline_asm
