../USB_DEVICE/App/usbd_storage_if.c:181:8:STORAGE_Init_FS	16	static
../USB_DEVICE/App/usbd_storage_if.c:198:8:STORAGE_GetCapacity_FS	24	static
../USB_DEVICE/App/usbd_storage_if.c:215:8:STORAGE_IsReady_FS	16	static
../USB_DEVICE/App/usbd_storage_if.c:230:8:STORAGE_IsWriteProtected_FS	16	static
../USB_DEVICE/App/usbd_storage_if.c:249:8:STORAGE_Read_FS	32	static
../USB_DEVICE/App/usbd_storage_if.c:272:8:STORAGE_Write_FS	32	static
../USB_DEVICE/App/usbd_storage_if.c:294:8:STORAGE_GetMaxLun_FS	8	static
